WASM const-pool: INTERN symbol unavailable for 
ALLOW-OTHER-KEYS


WASM const-pool: INTERN symbol unavailable for 
ALLOW-OTHER-KEYS


WASM const-pool: creating symbol fallback: 
ALLOW-OTHER-KEYS


WASM const-pool: creating package fallback: 
COMMON-LISP


WASM const-pool: INTERN symbol unavailable for 
+


WASM const-pool: creating symbol fallback: 
+


WASM const-pool: creating package fallback: 
CCL


WASM const-pool: INTERN symbol unavailable for 
%CLOSURE-CODE%


WASM const-pool: creating symbol fallback: 
%CLOSURE-CODE%


WASM const-pool: INTERN symbol unavailable for 
ALLOW-OTHER-KEYS


WASM const-pool: INTERN symbol unavailable for 
+


WASM const-pool: INTERN symbol unavailable for 
%CLOSURE-CODE%


WASM const-pool: INTERN symbol unavailable for 
ALLOW-OTHER-KEYS


WASM const-pool: INTERN symbol unavailable for 
ALLOW-OTHER-KEYS


WASM const-pool: creating symbol fallback: 
ALLOW-OTHER-KEYS


WASM const-pool: creating package fallback: 
COMMON-LISP


WASM const-pool: INTERN symbol unavailable for 
+


WASM const-pool: creating symbol fallback: 
+


WASM const-pool: creating package fallback: 
CCL


WASM const-pool: INTERN symbol unavailable for 
%CLOSURE-CODE%


WASM const-pool: creating symbol fallback: 
%CLOSURE-CODE%


WASM const-pool: INTERN symbol unavailable for 
ALLOW-OTHER-KEYS


WASM const-pool: INTERN symbol unavailable for 
ALLOW-OTHER-KEYS


WASM const-pool: creating symbol fallback: 
ALLOW-OTHER-KEYS


WASM const-pool: creating package fallback: 
COMMON-LISP


WASM const-pool: INTERN symbol unavailable for 
+


WASM const-pool: creating symbol fallback: 
+


WASM const-pool: creating package fallback: 
CCL


WASM const-pool: INTERN symbol unavailable for 
%CLOSURE-CODE%


WASM const-pool: creating symbol fallback: 
%CLOSURE-CODE%


