[VRG-10] COMMAND: CCL_STARTUP_GATE_TEST_FAIL_CHECK=SRG-01 node doc/wasm/js/all-smoke.mjs
[VRG-10] START: 2026-02-10T22:54:34Z
PASS: wasm32 smoke test
PASS: gc forwarding smoke test
PASS: cstack frame coherence smoke test
WASM wasm_funcall_common: enter

WASM wasm_funcall_common: call subprim

WASM wasm_funcall_common: enter

WASM wasm_funcall_common: call subprim

WASM wasm_funcall_common: enter

WASM wasm_funcall_common: call subprim

WASM wasm_funcall_common: enter

WASM wasm_funcall_common: call subprim

WASM wasm_funcall_common: enter

WASM wasm_funcall_common: call subprim

WASM wasm_funcall_common: enter

WASM wasm_funcall_common: call subprim

WASM wasm_funcall_common: enter

WASM wasm_funcall_common: call subprim

WASM wasm_funcall_common: enter

WASM wasm_funcall_common: call subprim

WASM wasm_funcall_common: enter

WASM wasm_funcall_common: call subprim

WASM wasm_funcall_common: enter

WASM wasm_funcall_common: call subprim

WASM wasm_funcall_common: enter

WASM wasm_funcall_common: call subprim

WASM wasm_funcall_common: enter

WASM wasm_funcall_common: call subprim

PASS: wasm subprim non-local-exit coherence smoke test
PASS: kernel_request smoke test
PASS: runtime modules manifest smoke test
PASS: root image manifest smoke test
PASS: compiled modules refresh opcode smoke test
PASS: stream open/close smoke test
PASS: stream seek/truncate smoke test
PASS: wasm file seek/truncate smoke test
PASS: pending stdin smoke test
PASS: wasm_ccl_step smoke test
PASS: wasm_ccl_start_lisp smoke test
FAIL: startup-gate fail-injection validated (SRG-01 -> RPL01-E001); terminating smoke by design
