[VRG-05] COMMAND: npm --prefix web-ui run test:sandbox
[VRG-05] START: 2026-02-10T22:53:33Z

> web-ui@0.1.0 test:sandbox
> node --test tests/basic.test.mjs tests/commands.test.mjs tests/event-log.test.mjs tests/focus.test.mjs tests/layout.test.mjs tests/renderer.test.mjs tests/selection.test.mjs tests/state.test.mjs tests/persistence.test.mjs tests/list-selection.test.mjs tests/command-ui.test.mjs tests/widgets-command.test.mjs tests/widgets.test.mjs tests/bridge-codec.test.mjs tests/bridge-microkernel.test.mjs tests/bridge-command-effects.test.mjs tests/phase-0-specs.test.mjs tests/phase-0-runtime.test.mjs tests/phase-1-runtime.test.mjs tests/phase-1-persistence.test.mjs tests/phase-1-integration.test.mjs tests/phase-2-transcript-inspector.test.mjs tests/phase-2-debugger.test.mjs tests/phase-2-problems.test.mjs tests/phase-2-integration.test.mjs tests/command-effects.test.mjs tests/recordings.test.mjs tests/presentation-taxonomy.test.mjs tests/typed-commands.test.mjs tests/recording-state.test.mjs tests/recording-commands.test.mjs tests/replay-recordings.test.mjs tests/transcript.test.mjs tests/transcript-commands.test.mjs tests/transcript-action-effects.test.mjs tests/command-history.test.mjs tests/debugger.test.mjs tests/inspector.test.mjs tests/theme.test.mjs tests/phase-3-ui-doctrine.test.mjs tests/phase-3-dom-snapshots.test.mjs tests/phase-3-renderer-parity.test.mjs tests/phase-4-sessions.test.mjs tests/phase-4-world-state.test.mjs tests/phase-4-restore.test.mjs tests/phase-5-runtime-bridge.test.mjs tests/phase-5-runtime-output.test.mjs tests/phase-5-runtime-command-dispatch.test.mjs tests/phase-5-runtime-command-roundtrip.test.mjs tests/phase-5-runtime-debugger.test.mjs tests/phase-5-runtime-restart-invoke.test.mjs tests/phase-5-runtime-inspector.test.mjs tests/phase-5-runtime-place-edit.test.mjs tests/phase-5-runtime-inspector-integration.test.mjs tests/phase-5-runtime-jobs.test.mjs tests/phase-5-runtime-integration.test.mjs tests/phase-6-customization.test.mjs tests/phase-6-theme-profiles.test.mjs tests/phase-6-keymaps.test.mjs tests/phase-6-beginner-mode.test.mjs tests/phase-6-integration.test.mjs tests/phase-7-performance-budgets.test.mjs tests/phase-7-transcript-scale.test.mjs tests/phase-7-keyboard-focus.test.mjs tests/phase-7-accessibility.test.mjs tests/phase-7-reliability.test.mjs tests/phase-7-integration.test.mjs tests/conditions.test.mjs tests/world-state.test.mjs tests/selection-actions.test.mjs tests/problems.test.mjs

✔ replay is deterministic and matches expected snapshot (9.756444ms)
✔ decodeTree parses a simple element+text payload (2.168723ms)
✔ encodeEvents produces a v1 event batch (3.180295ms)
✔ selectEvents respects maxEvents and maxBytes (0.731533ms)
✔ createCommandEffectBridge dispatches clipboard and runtime effects (2.306712ms)
✔ microkernel handles UI poll/render/measure opcodes (6.017161ms)
✔ extractCommandOutput reads structured command output (13.950339ms)
✔ formatClipboardText formats form and form+context payloads (0.996007ms)
✔ dispatchCommandOutput routes clipboard and runtime channels (0.423749ms)
✔ handleCommandResultEffects returns non-handled for commands without output (0.321256ms)
✔ command history window lists invocations (7.644275ms)
✔ refreshCommandHistoryWindow updates list (1.376751ms)
✔ command history execute command replays invocation (2.813401ms)
✔ command history execute command records typed invocation with resolved defaults (1.50931ms)
✔ recordCommandInvocation auto-allocates deterministic id when missing (0.706331ms)
✔ command palette lists commands and applies filter (41.347769ms)
✔ palette command registration wires navigation and execution (2.451818ms)
✔ command palette preview exposes inferred defaults for typed commands (2.510107ms)
✔ palette execute command stamps typed invocation source as palette (1.265051ms)
✔ command surface open/close commands toggle windows (34.28679ms)
✔ task commands list, switch, archive, and close (24.385815ms)
✔ layout commands split, tabs, dock, and activate tabs (3.228098ms)
✔ capability mediation window lists requests and approves selection (2.68383ms)
✔ keybinding viewer lists bindings (1.847477ms)
✔ command routing uses deterministic precedence (2.578254ms)
✔ custom precedence allows widget/context to win (5.479513ms)
✔ resolveKeyWithTrace exposes scope decisions (0.347147ms)
✔ enablement reasons are returned and enforce dispatch (0.754905ms)
✔ presentation translators resolve commands deterministically (0.388018ms)
✔ namespace policy can enforce namespaced ids (1.206656ms)
✔ commands honor capability gating and safe mode (12.029482ms)
✔ typed commands resolve defaults and expose structured invocation (0.896202ms)
✔ typed command enablement fails with missing required args (0.298588ms)
✔ normalizeRestart applies defaults (4.876593ms)
✔ normalizeConditionReport normalizes sections (0.27499ms)
✔ debugger restart list wires item command (7.997101ms)
✔ debugger restart command records typed invocation (3.064205ms)
✔ event log schema validation passes for fixtures (1.901763ms)
✔ focus history records deterministic sequence (10.665151ms)
✔ reconcileFocus updates focus from resolver (2.558982ms)
✔ reconcileFocus defers while composing (1.002685ms)
✔ inspector window lists focus and command state (65.894585ms)
✔ inspector watch commands pin and unpin watches (47.243283ms)
✔ inspector staged edits can be applied and undone (11.024357ms)
✔ layout and selection changes are captured in snapshots (11.335145ms)
✔ layout mutations are deterministic (3.990726ms)
✔ updateListSelection supports replace/toggle/range for multi-select lists (21.461071ms)
✔ registerListSelectionCommands wires ui.list.selection.update (1.938918ms)
✔ updateListSelection ignores non-selectable targets outside listItemIds (1.888998ms)
✔ createSnapshot strips non-serializable values (12.882582ms)
✔ restoreStateFromSnapshot validates focus targets (0.971078ms)
✔ persistence manager round-trips state (44.646758ms)
✔ createSnapshot persists recording store and command history (2.66526ms)
✔ restoreStateFromSnapshot migrates legacy snapshots (1.001618ms)
✔ restoreStateFromSnapshot revalidates presentations when resolver is provided (3.74952ms)
✔ createSnapshot applies recording store truncation budget with marker (1.748649ms)
✔ createSnapshot persists inspector watches (3.815245ms)
✔ phase-0 schema versions are allocated (2.196959ms)
✔ phase-0 runtime contracts for recording and typed commands (1.60539ms)
✔ phase-0 specs are present and include required sections (2.451923ms)
✔ phase-1 integration preserves typed invocation history and recording state across snapshot restore (52.737895ms)
✔ phase-1 integration replay payload remains deterministic across snapshot restore (4.161008ms)
✔ phase-1 persistence schema version is allocated (1.538659ms)
✔ phase-1 persistence snapshot truncates recording store by budget (71.687479ms)
✔ phase-1 persistence migrates v2 snapshot envelope to v5 (1.027676ms)
✔ phase-1 runtime enforces recording entry to recording linkage (17.755501ms)
✔ phase-1 runtime command execution uses typed defaults in command registry (2.271474ms)
✔ phase-1 runtime degrades invalid typed presentation metadata safely (25.998477ms)
✔ phase-2 debugger exposes restart metadata and dispatches runtime output (32.08921ms)
✔ phase-2 integration: problems -> debugger -> restart -> transcript update (104.548285ms)
✔ phase-2 problems show severity/status and open debugger via action bar (76.696616ms)
✔ phase-2 transcript->inspector watch flow updates and survives restore (173.416687ms)
✔ phase-3 transcript window dom snapshot (103.063721ms)
✔ phase-3 debugger window dom snapshot (7.975972ms)
✔ phase-3 inspector window dom snapshot (16.046936ms)
✔ phase-3 problems window dom snapshot (4.273198ms)
✔ phase-3 renderer parity: canvas uses theme background and font (8.316093ms)
✔ phase-3 renderer parity: webgl uses theme background and font (3.397565ms)
✔ phase-3 ui doctrine includes base ui classes (13.589506ms)
✔ phase-3 ui doctrine exposes css variables for core tokens (2.891158ms)
✔ phase-3 ui doctrine defines a stable style id (0.127626ms)
✔ phase-3 ui doctrine annotates instrument list items (23.745268ms)
✔ phase-4 restore drops layout nodes with missing windows (7.419283ms)
✔ phase-4 sessions support create, rename, save, open, delete (22.468495ms)
✔ phase-4 session list window surfaces sessions (1.970391ms)
✔ phase-4 session commands emit runtime outputs (7.981828ms)
✔ phase-4 snapshot persists sessions and active session (12.976599ms)
✔ phase-4 restore can mark presentations stale without resolver (3.49906ms)
✔ phase-4 persistence manager saves and restores sessions (43.190289ms)
✔ createRuntimeMessage fills defaults (3.195299ms)
✔ createRuntimeMessage accepts command.invoke kind (0.190595ms)
✔ createRuntimeMessage accepts debugger.snapshot kind (0.169285ms)
✔ createRuntimeMessage accepts inspector.update and job.update kinds (0.182112ms)
✔ encode/decode round trips runtime messages (0.324728ms)
✔ normalizeRuntimeMessage rejects unsupported version (0.296278ms)
✔ decodeRuntimeMessage reports invalid kinds in strict mode (0.210278ms)
✔ normalizeRuntimeMessage requires seq and ts (0.181337ms)
✔ runtime command client dispatches command.invoke and resolves command.result (33.342495ms)
✔ runtime command client rejects on command.error and state marks invocation failed (7.186841ms)
✔ executeCommand routes runtime.* typed commands through runtime command client (1.619919ms)
✔ microkernel runtime command poll returns encoded command frame (4.590217ms)
✔ runtime command poll returns zero when queue is empty (0.67914ms)
✔ runtime bridge ingests debugger.snapshot and opens debugger with metadata (46.619258ms)
✔ runtime bridge applies debugger.restart set and invoked updates (1.959671ms)
✔ inspector watch pin command dispatches runtime command and settles with inspector update (31.410264ms)
✔ inspector staged edit commands dispatch runtime place commands and settle (2.342571ms)
✔ runtime bridge ingests inspector snapshot and refreshes inspector window (14.43227ms)
✔ runtime bridge ingests inspector watch sync updates (1.195273ms)
✔ phase-5 integration: evaluate -> inspector snapshot -> place edit -> re-evaluate (20.884049ms)
✔ runtime bridge ingests job.update lifecycle events (34.748202ms)
hello
✔ applyRuntimeOutput ingests recording payloads (81.546155ms)
✔ applyRuntimeMessage handles runtime.output (0.992502ms)
✔ microkernel emits runtime.output on stdout writes (2.990225ms)
✔ microkernel accepts KERNEL_OP_RUNTIME_EVENT payloads (0.543245ms)
✔ runtime bridge applies staged/applied/undone place-edit lifecycle (16.789383ms)
✔ runtime bridge accepts failed place-edit updates and records audit events (1.003753ms)
✔ debugger restart command dispatches to runtime command client and settles history (91.644081ms)
✔ phase-6 beginner mode hides advanced commands in command palette (118.02115ms)
✔ phase-6 beginner mode can require confirmation for advanced commands (1.708823ms)
✔ phase-6 guidance dismissal suppresses command preview explanation (3.088008ms)
✔ phase-6 customization precedence is deterministic across layers (15.262811ms)
✔ phase-6 customization persists through snapshot restore (8.954863ms)
✔ phase-6 integration: profile import, beginner policy, session save/restore (77.872692ms)
✔ phase-6 pane profile assignment applies dispatch bindings (31.59708ms)
✔ phase-6 keymap conflict diagnostics record deterministic winners (2.478483ms)
✔ phase-6 keybinding window shows profile and conflict sections (38.955341ms)
✔ phase-6 theme presets are discoverable (1.725952ms)
✔ phase-6 setThemePreset and token overrides are reversible (25.636345ms)
✔ phase-6 customization commands apply theme preset and overrides (3.516961ms)
✔ phase-7 accessibility canvas and webgl widgets expose explicit accessibility contracts (8.948723ms)
✔ phase-7 accessibility list/tree/table keep explicit role and aria metadata (2.983553ms)
✔ phase-7 accessibility reduced-motion themes emit zero-duration motion tokens (0.5162ms)
✔ phase-7 integration quality gates pass for representative interaction flow (13.803087ms)
✔ phase-7 keyboard/focus command surfaces remain keyboard-complete (84.743854ms)
✔ phase-7 keyboard/focus task and session command loops remain reachable (4.461093ms)
✔ phase-7 keyboard/focus rapid task switching keeps focus targets valid (2.115776ms)
✔ phase-7 performance budgets evaluate deterministic pass/fail gates (2.950802ms)
✔ phase-7 performance budgets collect renderer root apply metrics (46.817552ms)
✔ phase-7 performance budgets collect canvas and webgl dirty render metrics (6.868271ms)
✔ phase-7 reliability malformed runtime payloads degrade safely without unhandled exceptions (47.097278ms)
✔ phase-7 reliability replay remains deterministic across repeated runs (4.189775ms)
✔ phase-7 reliability gates detect nondeterministic replay regressions (0.906687ms)
✔ phase-7 reliability session restore tolerates stale presentation references (21.163051ms)
✔ phase-7 transcript scale supports 10k entries with deterministic window limits (38901.793521ms)
✔ phase-7 transcript scale snapshot truncation remains deterministic (5462.620878ms)
✔ phase-7 transcript scale integration replay-save-restore-continue flow remains coherent (591.800961ms)
✔ presentation taxonomy version is allocated (1.602157ms)
✔ normalizePresentationType falls back to value (0.164061ms)
✔ validatePresentationMetadata reports missing required fields (1.439656ms)
✔ applyPresentationDefaults sets type and metadata (0.200746ms)
✔ problems window lists errors (10.018389ms)
✔ refreshProblemsWindow updates list (1.553057ms)
✔ problems commands open and refresh (3.484586ms)
✔ problems item command opens debugger (2.330189ms)
✔ recording commands mutate state (15.878693ms)
✔ command history append command records invocation (1.368917ms)
✔ recording copy/replay/rerun commands return deterministic payloads (2.281131ms)
✔ state recording helpers update recordingStore (28.027459ms)
✔ recordCommandInvocation appends normalized invocation (1.98546ms)
✔ normalizeRecording applies defaults (6.111388ms)
✔ normalizeEntry applies defaults (0.254299ms)
✔ appendRecording and appendEntry build indexes (1.153867ms)
✔ attachAnchor stores anchor and index (0.471424ms)
✔ setEntryFolded toggles entry metadata (0.261367ms)
✔ setRecordingCollapsed toggles recording metadata (0.72399ms)
✔ output recording schema version is allocated (0.177139ms)
✔ copyAsForm and copyWithContext resolve entry and anchor targets (0.478934ms)
✔ replayAsInput and reRunRecording produce deterministic rerun payloads (0.717104ms)
✔ appendEntry enforces recording invariants (1.748682ms)
✔ appendEntry enforces increasing seq per stream when seq is provided (0.432385ms)
✔ attachAnchor validates entry and canonicalizes invalid ranges (7.451167ms)
✔ normalizeRecording input kind supports file and command (1.037756ms)
✔ renderer mounts and patches keyed trees (11.239455ms)
✔ renderer rejects duplicate keys (0.706571ms)
✔ renderer replaces nodes when keyed type changes (0.461412ms)
✔ renderer removes nodes missing from next tree (0.349291ms)
✔ renderer batches renders when schedule is provided (0.316398ms)
✔ replay handles recording events (20.233551ms)
✔ buildSelectionActions intersects action sets (3.227047ms)
✔ buildSelectionActions applies canonical priority then alphabetic fallback (42.455059ms)
✔ normalizeSelection accepts string target (3.879757ms)
✔ normalizeSelection accepts object target (0.274814ms)
✔ addTask wires workspace and active task (9.839729ms)
✔ addWindow wires task and active window (1.489339ms)
✔ addWidget wires parent/child and window root (1.072591ms)
✔ addPresentation normalizes unknown type to value (2.182194ms)
✔ addPresentation degrades invalid typed presentations to value with diagnostics (1.241746ms)
✔ normalizeThemeTokens returns defaults for null (3.630279ms)
✔ normalizeThemeTokens honors light mode (0.343991ms)
✔ mergeThemeTokens overrides nested values (0.552134ms)
✔ resolveFontString uses mono family when requested (0.681684ms)
✔ themeToCssVars maps key tokens into CSS variables (0.568353ms)
✔ transcript action bar dispatches runtime and clipboard effects (26.737361ms)
✔ transcript open/refresh commands work (8.990603ms)
✔ transcript item command resolves presentation translator (1.697623ms)
✔ transcript window lists recording entries (8.97265ms)
✔ refreshTranscriptWindow updates entries (1.50455ms)
✔ recording header command toggles collapsed run visibility (3.298273ms)
✔ recording toggle command folds and unfolds transcript entries (1.219561ms)
✔ refreshTranscriptWindow revalidates presentations when resolver is provided (1.13786ms)
✔ transcript derives presentation types from entry kinds when presentation id is absent (0.818322ms)
✔ normalizeArgSpec defaults type and required (3.375789ms)
✔ normalizeCommandSpec normalizes args (0.301054ms)
✔ validateInvocation detects missing required args (1.693598ms)
✔ typed command model version is allocated (0.147886ms)
✔ resolveArgumentDefaults applies DWIM defaults from context (0.483983ms)
✔ materializeInvocation merges defaults and args (0.276194ms)
✔ executeTypedCommand runs execution pipeline (2.038525ms)
✔ button command wiring dispatches through registry (8.687971ms)
✔ text input command wiring provides input value (2.682056ms)
✔ list item command wiring provides item context (1.924781ms)
✔ widget command wiring dispatches command effect handlers (1.178903ms)
✔ widget command wiring appends structured invocation history for typed commands (2.29878ms)
✔ list selection supports multi-select and action bar hooks (3.507807ms)
✔ canvas view command wiring uses hit testing (1.552913ms)
✔ webgl view command wiring uses hit testing (1.157939ms)
✔ canvas view exposes accessibility props when enabled (1.449426ms)
✔ webgl view exposes accessibility props when enabled (1.037306ms)
✔ widget adapter renders a window tree via the renderer (16.153811ms)
✔ markPresentationStale annotates metadata (2.02132ms)
✔ revalidatePresentations marks stale when resolver fails (1.551019ms)
ℹ tests 221
ℹ suites 0
ℹ pass 221
ℹ fail 0
ℹ cancelled 0
ℹ skipped 0
ℹ todo 0
ℹ duration_ms 46693.904571
