;Compiler warnings for "ccl:level-0;l0-aprims.lisp.newest" :
;   In MAKE-GCABLE-MACPTR: Undeclared free variable WASM::XMACPTR.ELEMENT-COUNT
;   In MAKE-GCABLE-MACPTR: Undeclared free variable WASM::XMACPTR.ADDRESS-CELL
;   In MAKE-GCABLE-MACPTR: Undeclared free variable WASM::XMACPTR.FLAGS-CELL
;   In LOCK-NAME: Undeclared free variable WASM::LOCK.NAME-CELL
;   In RECURSIVE-LOCK-PTR: Undeclared free variable WASM::LOCK.KIND-CELL
;   In RECURSIVE-LOCK-PTR: Undeclared free variable WASM::LOCK._VALUE-CELL
;   In RECURSIVE-LOCK-WHOSTATE: Undeclared free variable WASM::LOCK.KIND-CELL
;   In RECURSIVE-LOCK-WHOSTATE: Undeclared free variable WASM::LOCK.WHOSTATE-CELL
;   In READ-WRITE-LOCK-PTR: Undeclared free variable WASM::LOCK.KIND-CELL
;   In READ-WRITE-LOCK-PTR: Undeclared free variable WASM::LOCK._VALUE-CELL
;   In RWLOCK-READ-WHOSTATE: Undeclared free variable WASM::LOCK.KIND-CELL
;   In RWLOCK-READ-WHOSTATE: Undeclared free variable WASM::LOCK.WHOSTATE-CELL
;   In RWLOCK-WRITE-WHOSTATE: Undeclared free variaBuilding wasm-boot.image...
;Compiling "/Users/buildsomething/Source/ccl/level-0/l0-aprims.lisp"...
;Compiling "/Users/buildsomething/Source/ccl/level-0/l0-array.lisp"...
;Compiling "/Users/buildsomething/Source/ccl/level-0/l0-bignum32.lisp"...
;Compiling "/Users/buildsomething/Source/ccl/level-0/l0-bignum64.lisp"...
;Compiling "/Users/buildsomething/Source/ccl/level-0/l0-cfm-support.lisp"...
;Compiling "/Users/buildsomething/Source/ccl/level-0/l0-complex.lisp"...
;Compiling "/Users/buildsomething/Source/ccl/level-0/l0-def.lisp"...
;Compiling "/Users/buildsomething/Source/ccl/level-0/l0-error.lisp"...
;Compiling "/Users/buildsomething/Source/ccl/level-0/l0-float.lisp"...
;Compiling "/Users/buildsomething/Source/ccl/level-0/l0-hash.lisp"...
;Compiling "/Users/buildsomething/Source/ccl/level-0/l0-init.lisp"...
;Compiling "/Users/buildsomething/Source/ccl/level-0/l0-ible WASM::LOCK.KIND-CELL
;   In RWLOCK-WRITE-WHOSTATE: Undeclared free variable WASM::LOCK.WHOSTATE-2-CELL
;Compiler warnings for "ccl:level-0;l0-io.lisp.newest" :
;   In FREE: Undeclared free variable WASM::XMACPTR.ELEMENT-COUNT
;   In FREE: Undeclared frnt.lisp"...
;Compiling "/Users/buildsomething/Source/ccl/level-0/l0-io.lisp"...
;Compiling "/Users/buildsomething/Source/ccl/levee variable WASM::XMACPTR.FLAGS-CELL
;Compiler warnings for "ccl:level-0;l0-misc.lisp.newest" :
;   In %THREAD-STACK-SPACE: Undeclared free variable WASM::TCR.CS-AREA
;   In %THREAD-STACK-SPACE: Undeclared free variable WASM::TCR.VS-AREA
;   In %THREAD-STAel-0/l0-misc.lisp"...CK-SPACE: Undeclared free variable WASM::TCR-BIAS
;   In %LOCK-RECURSIVE-LOCK-PTR: Undeclared free variable WASM::LOCKPTR.SIGNAL
;   In %LOCK-RECURSIVE-LOCK-PTR: Undeclared free variable WASM::LOCKPTR.SPINLOCK
;   In %LOCK-RECURSIVE-LOCK-PTR: Undeclared free variable WASM::LOCKPTR.AVAIL
;   In %LOCK-RECURSIVE-LOCK-PTR: Undeclared free variable WASM::LOCKPTR.OWNER
;   In %LOCK-RECURSIVE-LOCK-PTR: Undeclared free variable WASM::LOCKPTR.COUNT
;   In %LOCK-RECURSIVE-LOCK-OBJECT: Undeclared free variable WASM::LOCKPTR.SIGNAL
;   In %LOCK-RECURSIVE-LOCK-OBJECT: Undeclared free variable WASM::LOCKPTR.SPINLOCK
;   In %LOCK-RECURSIVE-LOCK-OBJECT: Undeclared free variable WASM::LOCKPTR.AVAIL
;   In %LOCK-RECURSIVE-LOCK-OBJECT: Undeclared free variable WASM::LOCKPTR.OWNER
;   In %LOCK-RECURSIVE-LOCK-OBJECT: Undeclared free variable WASM::LOCKPTR.COUNT
;   In %TRY-RECURSIVE-LOCK-OBJECT: Undeclared free variable WASM::LOCKPTR.SPINLOCK
;   In %TRY-RECURSIVE-LOCK-OBJECT: Undeclared free variable WASM::LOCKPTR.AVAIL
;   In %TRY-RECURSIVE-LOCK-OBJECT: Undeclared free variable WASM::LOCKPTR.OWNER
;   In %TRY-RECURSIVE-LOCK-OBJECT: Undeclared free variable WASM::LOCKPTR.COUNT
;   In %UNLOCK-RECURSIVE-LOCK-PTR: Undeclared free variable WASM::LOCKPTR.SIGNAL
;   In %UNLOCK-RECURSIVE-LOCK-PTR: Undeclared free variable WASM::LOCKPTR.SPINLOCK
;   In %UNLOCK-RECURSIVE-LOCK-PTR: Undeclared free variable WASM::LOCKPTR.COUNT
;   In %UNLOCK-RECURSIVE-LOCK-PTR: Undeclared free variable WASM::LOCKPTR.OWNER
;   In %UNLOCK-RECURSIVE-LOCK-PTR: Undeclared free variable WASM::LOCKPTR.AVAIL
;   In %UNLOCK-RECURSIVE-LOCK-PTR: Undeclared free variable WASM::LOCKPTR.WAITING
;   In %UNLOCK-RECURSIVE-LOCK-OBJECT: Undeclared free variable WASM::LOCK._VALUE-CELL
;   In %UNLOCK-RECURSIVE-LOCK-OBJECT: Undeclared free variable WASM::LOCKPTR.SIGNAL
;   In %UNLOCK-RECURSIVE-LOCK-OBJECT: Undeclared free variable WASM::LOCKPTR.SPINLOCK
;   In %UNLOCK-RECURSIVE-LOCK-OBJECT: Undeclared free variable WASM::LOCKPTR.COUNT
;   In %UNLOCK-RECURSIVE-LOCK-OBJECT: Undeclared free variable WASM::LOCKPTR.OWNER
;   In %UNLOCK-RECURSIVE-LOCK-OBJECT: Undeclared free variable WASM::LOCKPTR.AVAIL
;   In %UNLOCK-RECURSIVE-LOCK-OBJECT: Undeclared free variable WASM::LOCKPTR.WAITING
;   In %%LOCK-OWNER: Undeclared free variable WASM::LOCKPTR.OWNER
;   In %WRITE-LOCK-RWLOCK-PTR: Undeclared free variable WASM::RWLOCK.WRITER-SIGNAL
;   In %WRITE-LOCK-RWLOCK-PTR: Undeclared free variable WASM::RWLOCK.BLOCKED-WRITERS
;   In %WRITE-LOCK-RWLOCK-PTR: Undeclared free variable WASM::RWLOCK.STATE
;   In %WRITE-LOCK-RWLOCK-PTR: Undeclared free variable WASM::RWLOCK.SPIN
;   In %WRITE-LOCK-RWLOCK-PTR: Undeclared free variable WASM::RWLOCK.WRITER
;   In %READ-LOCK-RWLOCK-PTR: Undeclared free variable WASM::RWLOCK.READER-SIGNAL
;   In %READ-LOCK-RWLOCK-PTR: Undeclared free variable WASM::RWLOCK.WRITER
;   In %READ-LOCK-RWLOCK-PTR: Undeclared free variable WASM::RWLOCK.BLOCKED-READERS
;   In %READ-LOCK-RWLOCK-PTR: Undeclared free variable WASM::RWLOCK.STATE
;   In %READ-LOCK-RWLOCK-PTR: Undeclared free variable WASM::RWLOCK.SPIN
;   In %UNLOCK-RWLOCK-PTR: Undeclared free variable WASM::RWLOCK.READER-SIGNAL
;   In %UNLOCK-RWLOCK-PTR: Undeclared free variable WASM::RWLOCK.WRITER-SIGNAL
;   In %UNLOCK-RWLOCK-PTR: Undeclared free variable WASM::RWLOCK.STATE
;   In %UNLOCK-RWLOCK-PTR: Undeclared free variable WASM::RWLOCK.WRITER
;   In %UNLOCK-RWLOCK-PTR: Undeclared free variable WASM::RWLOCK.BLOCKED-WRITERS
;   In %UNLOCK-RWLOCK-PTR: Undeclared free variable WASM::RWLOCK.BLOCKED-READERS
;   In %UNLOCK-RWLOCK-PTR: Undeclared free variable WASM::RWLOCK.SPIN
;   In %PROMOTE-RWLOCK: Undeclared free variable WASM::RWLOCK.STATE
;   In %PROM
;Compiling "/Users/buildsomething/Source/ccl/level-0/l0-numbers.lisp"...OTE-RWLOCK: Undeclared free variable WASM::RWLOCK.WRITER
;   In %PROMOTE-RWLOCK: Undeclared free variable WASM::RWLOCK.SPIN
;Com
;Compiling "/Users/buildsomething/Source/ccl/level-0/l0-pred.lisp"...
;Compiling "/Users/buildsomething/Source/ccl/level-0/l0-symbol.lisp"...
;Compiling "/Users/buildsomething/Source/ccl/level-0/l0-utils.lisp"...
;Compiling "/Users/buildsomething/Source/ccl/level-0/nfasload.lisp"...
;Compiling "/Users/buildsomething/Source/ccl/level-0/WASM/wasm-def.lisp"...
;Loading #P"/Users/buildsomething/Source/ccl/level-0/WASM/wasm-def.lafsl"...
;Loading #P"/Users/buildsomething/Source/ccl/level-0/l0-aprims.lafsl"...
;Loading #P"/Users/buildsomething/Source/ccl/level-0/l0-array.lafsl"...
;Loading #P"/Users/buildsomething/Source/ccl/level-0/l0-bignum32.lafsl"...
;Loading #P"/Users/buildsomething/Source/ccl/level-0/l0-bignum64.lafsl"...
;Loading #P"/Users/buildsomething/Source/ccl/level-0/l0-cfm-support.lafsl"...
;Loading #P"/Users/buildsomething/Source/ccl/level-0/l0-complex.lafsl"...
;Loading #P"/Users/buildsomething/Source/ccl/level-0/l0-def.lafsl"...
;Loading #P"/Users/buildsomething/Source/ccl/level-0/l0-error.lafsl"...
;Loading #P"/Users/buildsomething/Source/ccl/level-0/l0-float.lafsl"...
;Loading #P"/Users/buildsomething/Source/ccl/level-0/l0-hash.lafsl"...
;Loading #P"/Users/buildsomething/Source/ccl/level-0/l0-init.lafsl"...
;Loading #P"/Users/buildsomething/Source/ccl/level-0/l0-int.lafsl"...
;Loading #P"/Users/buildsomething/Source/ccl/level-0/l0-io.lafsl"...
;Loading #P"/Users/buildsomething/Source/ccl/level-0/l0-misc.lafsl"...
;Loading #P"/Users/buildsomething/Source/ccl/level-0/l0-numbers.lafsl"...
;Loading #P"/Users/buildsomething/Source/ccl/level-0/l0-pred.lafsl"...
;Loading #P"/Users/buildsomething/Source/ccl/level-0/l0-symbol.lafsl"...
;Loading #P"/Users/buildsomething/Source/ccl/level-0/l0-utils.lafsl"...
;Loading #P"/Users/buildsomething/Source/ccl/level-0/nfasload.lafsl"...
;Loading #P"ccl:xdump;heap-image.lisp.newest"...
;Wrote bootstrapping image: #P"/Users/buildsomething/Source/ccl/wasm-boot.image"
piler warnings for "ccl:level-0;l0-pred.lisp.newest" :
;   In %TYPE-OF: Undeclared free variable WASM::LOCK.KIND-CELL
