[VRG-05-rerun] COMMAND: npm --prefix web-ui run test:sandbox
[VRG-05-rerun] START: 2026-02-10T22:58:23Z

> web-ui@0.1.0 test:sandbox
> node --test tests/basic.test.mjs tests/commands.test.mjs tests/event-log.test.mjs tests/focus.test.mjs tests/layout.test.mjs tests/renderer.test.mjs tests/selection.test.mjs tests/state.test.mjs tests/persistence.test.mjs tests/list-selection.test.mjs tests/command-ui.test.mjs tests/widgets-command.test.mjs tests/widgets.test.mjs tests/bridge-codec.test.mjs tests/bridge-microkernel.test.mjs tests/bridge-command-effects.test.mjs tests/phase-0-specs.test.mjs tests/phase-0-runtime.test.mjs tests/phase-1-runtime.test.mjs tests/phase-1-persistence.test.mjs tests/phase-1-integration.test.mjs tests/phase-2-transcript-inspector.test.mjs tests/phase-2-debugger.test.mjs tests/phase-2-problems.test.mjs tests/phase-2-integration.test.mjs tests/command-effects.test.mjs tests/recordings.test.mjs tests/presentation-taxonomy.test.mjs tests/typed-commands.test.mjs tests/recording-state.test.mjs tests/recording-commands.test.mjs tests/replay-recordings.test.mjs tests/transcript.test.mjs tests/transcript-commands.test.mjs tests/transcript-action-effects.test.mjs tests/command-history.test.mjs tests/debugger.test.mjs tests/inspector.test.mjs tests/theme.test.mjs tests/phase-3-ui-doctrine.test.mjs tests/phase-3-dom-snapshots.test.mjs tests/phase-3-renderer-parity.test.mjs tests/phase-4-sessions.test.mjs tests/phase-4-world-state.test.mjs tests/phase-4-restore.test.mjs tests/phase-5-runtime-bridge.test.mjs tests/phase-5-runtime-output.test.mjs tests/phase-5-runtime-command-dispatch.test.mjs tests/phase-5-runtime-command-roundtrip.test.mjs tests/phase-5-runtime-debugger.test.mjs tests/phase-5-runtime-restart-invoke.test.mjs tests/phase-5-runtime-inspector.test.mjs tests/phase-5-runtime-place-edit.test.mjs tests/phase-5-runtime-inspector-integration.test.mjs tests/phase-5-runtime-jobs.test.mjs tests/phase-5-runtime-integration.test.mjs tests/phase-6-customization.test.mjs tests/phase-6-theme-profiles.test.mjs tests/phase-6-keymaps.test.mjs tests/phase-6-beginner-mode.test.mjs tests/phase-6-integration.test.mjs tests/phase-7-performance-budgets.test.mjs tests/phase-7-transcript-scale.test.mjs tests/phase-7-keyboard-focus.test.mjs tests/phase-7-accessibility.test.mjs tests/phase-7-reliability.test.mjs tests/phase-7-integration.test.mjs tests/conditions.test.mjs tests/world-state.test.mjs tests/selection-actions.test.mjs tests/problems.test.mjs

✔ replay is deterministic and matches expected snapshot (9.698993ms)
✔ decodeTree parses a simple element+text payload (5.168375ms)
✔ encodeEvents produces a v1 event batch (0.666772ms)
✔ selectEvents respects maxEvents and maxBytes (0.353292ms)
✔ createCommandEffectBridge dispatches clipboard and runtime effects (1.84913ms)
✔ microkernel handles UI poll/render/measure opcodes (4.059101ms)
✔ extractCommandOutput reads structured command output (2.061995ms)
✔ formatClipboardText formats form and form+context payloads (0.264543ms)
✔ dispatchCommandOutput routes clipboard and runtime channels (0.31916ms)
✔ handleCommandResultEffects returns non-handled for commands without output (0.195144ms)
✔ command history window lists invocations (9.800117ms)
✔ refreshCommandHistoryWindow updates list (1.428651ms)
✔ command history execute command replays invocation (2.862743ms)
✔ command history execute command records typed invocation with resolved defaults (2.469364ms)
✔ recordCommandInvocation auto-allocates deterministic id when missing (1.049688ms)
✔ command palette lists commands and applies filter (67.462501ms)
✔ palette command registration wires navigation and execution (4.769354ms)
✔ command palette preview exposes inferred defaults for typed commands (4.118223ms)
✔ palette execute command stamps typed invocation source as palette (2.55809ms)
✔ command surface open/close commands toggle windows (9.642534ms)
✔ task commands list, switch, archive, and close (2.494998ms)
✔ layout commands split, tabs, dock, and activate tabs (61.430594ms)
✔ capability mediation window lists requests and approves selection (6.746061ms)
✔ keybinding viewer lists bindings (4.426614ms)
✔ command routing uses deterministic precedence (2.123621ms)
✔ custom precedence allows widget/context to win (1.671125ms)
✔ resolveKeyWithTrace exposes scope decisions (0.298923ms)
✔ enablement reasons are returned and enforce dispatch (0.580512ms)
✔ presentation translators resolve commands deterministically (0.560576ms)
✔ namespace policy can enforce namespaced ids (0.39468ms)
✔ commands honor capability gating and safe mode (5.898038ms)
✔ typed commands resolve defaults and expose structured invocation (0.843568ms)
✔ typed command enablement fails with missing required args (0.259737ms)
✔ normalizeRestart applies defaults (3.650911ms)
✔ normalizeConditionReport normalizes sections (0.258929ms)
✔ debugger restart list wires item command (8.045766ms)
✔ debugger restart command records typed invocation (3.128675ms)
✔ event log schema validation passes for fixtures (1.895002ms)
✔ focus history records deterministic sequence (49.720294ms)
✔ reconcileFocus updates focus from resolver (3.678896ms)
✔ reconcileFocus defers while composing (1.435686ms)
✔ inspector window lists focus and command state (103.660948ms)
✔ inspector watch commands pin and unpin watches (6.649755ms)
✔ inspector staged edits can be applied and undone (4.526738ms)
✔ layout and selection changes are captured in snapshots (12.688477ms)
✔ layout mutations are deterministic (3.742462ms)
✔ updateListSelection supports replace/toggle/range for multi-select lists (9.191741ms)
✔ registerListSelectionCommands wires ui.list.selection.update (1.987631ms)
✔ updateListSelection ignores non-selectable targets outside listItemIds (2.198857ms)
✔ createSnapshot strips non-serializable values (38.447827ms)
✔ restoreStateFromSnapshot validates focus targets (1.041821ms)
✔ persistence manager round-trips state (28.038405ms)
✔ createSnapshot persists recording store and command history (3.131222ms)
✔ restoreStateFromSnapshot migrates legacy snapshots (1.015182ms)
✔ restoreStateFromSnapshot revalidates presentations when resolver is provided (2.883331ms)
✔ createSnapshot applies recording store truncation budget with marker (1.41888ms)
✔ createSnapshot persists inspector watches (2.462566ms)
✔ phase-0 schema versions are allocated (1.558144ms)
✔ phase-0 runtime contracts for recording and typed commands (15.364558ms)
✔ phase-0 specs are present and include required sections (2.247281ms)
✔ phase-1 integration preserves typed invocation history and recording state across snapshot restore (69.725559ms)
✔ phase-1 integration replay payload remains deterministic across snapshot restore (6.249336ms)
✔ phase-1 persistence schema version is allocated (1.532742ms)
✔ phase-1 persistence snapshot truncates recording store by budget (11.398934ms)
✔ phase-1 persistence migrates v2 snapshot envelope to v5 (0.975507ms)
✔ phase-1 runtime enforces recording entry to recording linkage (3.652167ms)
✔ phase-1 runtime command execution uses typed defaults in command registry (4.854098ms)
✔ phase-1 runtime degrades invalid typed presentation metadata safely (9.268316ms)
✔ phase-2 debugger exposes restart metadata and dispatches runtime output (66.529333ms)
✔ phase-2 integration: problems -> debugger -> restart -> transcript update (90.142845ms)
✔ phase-2 problems show severity/status and open debugger via action bar (74.708395ms)
✔ phase-2 transcript->inspector watch flow updates and survives restore (196.026302ms)
✔ phase-3 transcript window dom snapshot (127.832678ms)
✔ phase-3 debugger window dom snapshot (6.21893ms)
✔ phase-3 inspector window dom snapshot (5.959347ms)
✔ phase-3 problems window dom snapshot (4.291261ms)
✔ phase-3 renderer parity: canvas uses theme background and font (29.367288ms)
✔ phase-3 renderer parity: webgl uses theme background and font (2.955352ms)
✔ phase-3 ui doctrine includes base ui classes (2.934053ms)
✔ phase-3 ui doctrine exposes css variables for core tokens (6.166667ms)
✔ phase-3 ui doctrine defines a stable style id (0.136606ms)
✔ phase-3 ui doctrine annotates instrument list items (12.758234ms)
✔ phase-4 restore drops layout nodes with missing windows (7.770973ms)
✔ phase-4 sessions support create, rename, save, open, delete (28.173114ms)
✔ phase-4 session list window surfaces sessions (2.105247ms)
✔ phase-4 session commands emit runtime outputs (8.034602ms)
✔ phase-4 snapshot persists sessions and active session (34.383351ms)
✔ phase-4 restore can mark presentations stale without resolver (3.186834ms)
✔ phase-4 persistence manager saves and restores sessions (24.46626ms)
✔ createRuntimeMessage fills defaults (3.296468ms)
✔ createRuntimeMessage accepts command.invoke kind (0.218514ms)
✔ createRuntimeMessage accepts debugger.snapshot kind (0.172306ms)
✔ createRuntimeMessage accepts inspector.update and job.update kinds (0.189517ms)
✔ encode/decode round trips runtime messages (0.330003ms)
✔ normalizeRuntimeMessage rejects unsupported version (0.294212ms)
✔ decodeRuntimeMessage reports invalid kinds in strict mode (0.2217ms)
✔ normalizeRuntimeMessage requires seq and ts (0.181644ms)
✔ runtime command client dispatches command.invoke and resolves command.result (23.834603ms)
✔ runtime command client rejects on command.error and state marks invocation failed (3.385881ms)
✔ executeCommand routes runtime.* typed commands through runtime command client (1.528495ms)
✔ microkernel runtime command poll returns encoded command frame (3.817012ms)
✔ runtime command poll returns zero when queue is empty (0.281788ms)
✔ runtime bridge ingests debugger.snapshot and opens debugger with metadata (27.82116ms)
✔ runtime bridge applies debugger.restart set and invoked updates (2.841083ms)
✔ inspector watch pin command dispatches runtime command and settles with inspector update (40.7035ms)
✔ inspector staged edit commands dispatch runtime place commands and settle (3.031546ms)
✔ runtime bridge ingests inspector snapshot and refreshes inspector window (25.193644ms)
✔ runtime bridge ingests inspector watch sync updates (1.201584ms)
✔ phase-5 integration: evaluate -> inspector snapshot -> place edit -> re-evaluate (29.077041ms)
✔ runtime bridge ingests job.update lifecycle events (61.757028ms)
hello
✔ applyRuntimeOutput ingests recording payloads (49.322884ms)
✔ applyRuntimeMessage handles runtime.output (2.078836ms)
✔ microkernel emits runtime.output on stdout writes (2.550001ms)
✔ microkernel accepts KERNEL_OP_RUNTIME_EVENT payloads (0.508066ms)
✔ runtime bridge applies staged/applied/undone place-edit lifecycle (15.292317ms)
✔ runtime bridge accepts failed place-edit updates and records audit events (31.313442ms)
✔ debugger restart command dispatches to runtime command client and settles history (32.634044ms)
✔ phase-6 beginner mode hides advanced commands in command palette (84.291031ms)
✔ phase-6 beginner mode can require confirmation for advanced commands (14.198302ms)
✔ phase-6 guidance dismissal suppresses command preview explanation (19.725118ms)
✔ phase-6 customization precedence is deterministic across layers (64.947547ms)
✔ phase-6 customization persists through snapshot restore (14.686906ms)
✔ phase-6 integration: profile import, beginner policy, session save/restore (97.527633ms)
✔ phase-6 pane profile assignment applies dispatch bindings (24.422302ms)
✔ phase-6 keymap conflict diagnostics record deterministic winners (2.015421ms)
✔ phase-6 keybinding window shows profile and conflict sections (40.685691ms)
✔ phase-6 theme presets are discoverable (1.58607ms)
✔ phase-6 setThemePreset and token overrides are reversible (29.516405ms)
✔ phase-6 customization commands apply theme preset and overrides (3.827156ms)
✔ phase-7 accessibility canvas and webgl widgets expose explicit accessibility contracts (31.613654ms)
✔ phase-7 accessibility list/tree/table keep explicit role and aria metadata (3.309401ms)
✔ phase-7 accessibility reduced-motion themes emit zero-duration motion tokens (0.520537ms)
✔ phase-7 integration quality gates pass for representative interaction flow (29.182923ms)
✔ phase-7 keyboard/focus command surfaces remain keyboard-complete (94.5732ms)
✔ phase-7 keyboard/focus task and session command loops remain reachable (6.311514ms)
✔ phase-7 keyboard/focus rapid task switching keeps focus targets valid (1.47305ms)
✔ phase-7 performance budgets evaluate deterministic pass/fail gates (3.42225ms)
✔ phase-7 performance budgets collect renderer root apply metrics (25.341299ms)
✔ phase-7 performance budgets collect canvas and webgl dirty render metrics (3.300473ms)
✔ phase-7 reliability malformed runtime payloads degrade safely without unhandled exceptions (9.406351ms)
✔ phase-7 reliability replay remains deterministic across repeated runs (3.46909ms)
✔ phase-7 reliability gates detect nondeterministic replay regressions (0.261222ms)
✔ phase-7 reliability session restore tolerates stale presentation references (57.736018ms)
✔ phase-7 transcript scale supports 10k entries with deterministic window limits (38582.099127ms)
✔ phase-7 transcript scale snapshot truncation remains deterministic (5341.743012ms)
✔ phase-7 transcript scale integration replay-save-restore-continue flow remains coherent (585.124823ms)
✔ presentation taxonomy version is allocated (2.434312ms)
✔ normalizePresentationType falls back to value (0.205811ms)
✔ validatePresentationMetadata reports missing required fields (1.679753ms)
✔ applyPresentationDefaults sets type and metadata (0.27786ms)
✔ problems window lists errors (17.615431ms)
✔ refreshProblemsWindow updates list (1.474721ms)
✔ problems commands open and refresh (3.113841ms)
✔ problems item command opens debugger (1.453662ms)
✔ recording commands mutate state (41.601653ms)
✔ command history append command records invocation (3.829641ms)
✔ recording copy/replay/rerun commands return deterministic payloads (3.786265ms)
✔ state recording helpers update recordingStore (9.617048ms)
✔ recordCommandInvocation appends normalized invocation (1.273442ms)
✔ normalizeRecording applies defaults (3.786034ms)
✔ normalizeEntry applies defaults (0.244693ms)
✔ appendRecording and appendEntry build indexes (2.651697ms)
✔ attachAnchor stores anchor and index (0.624422ms)
✔ setEntryFolded toggles entry metadata (0.655626ms)
✔ setRecordingCollapsed toggles recording metadata (0.273028ms)
✔ output recording schema version is allocated (0.136394ms)
✔ copyAsForm and copyWithContext resolve entry and anchor targets (0.471816ms)
✔ replayAsInput and reRunRecording produce deterministic rerun payloads (0.559469ms)
✔ appendEntry enforces recording invariants (34.030391ms)
✔ appendEntry enforces increasing seq per stream when seq is provided (4.129448ms)
✔ attachAnchor validates entry and canonicalizes invalid ranges (0.395542ms)
✔ normalizeRecording input kind supports file and command (0.388691ms)
✔ renderer mounts and patches keyed trees (48.664445ms)
✔ renderer rejects duplicate keys (0.57631ms)
✔ renderer replaces nodes when keyed type changes (1.007879ms)
✔ renderer removes nodes missing from next tree (0.391172ms)
✔ renderer batches renders when schedule is provided (0.424165ms)
✔ replay handles recording events (35.595438ms)
✔ buildSelectionActions intersects action sets (3.170728ms)
✔ buildSelectionActions applies canonical priority then alphabetic fallback (28.080716ms)
✔ normalizeSelection accepts string target (5.315574ms)
✔ normalizeSelection accepts object target (0.28326ms)
✔ addTask wires workspace and active task (7.878951ms)
✔ addWindow wires task and active window (1.263698ms)
✔ addWidget wires parent/child and window root (2.051902ms)
✔ addPresentation normalizes unknown type to value (0.914197ms)
✔ addPresentation degrades invalid typed presentations to value with diagnostics (0.654794ms)
✔ normalizeThemeTokens returns defaults for null (1.938036ms)
✔ normalizeThemeTokens honors light mode (0.321598ms)
✔ mergeThemeTokens overrides nested values (0.545136ms)
✔ resolveFontString uses mono family when requested (0.371978ms)
✔ themeToCssVars maps key tokens into CSS variables (0.578837ms)
✔ transcript action bar dispatches runtime and clipboard effects (15.998411ms)
✔ transcript open/refresh commands work (9.91373ms)
✔ transcript item command resolves presentation translator (1.961518ms)
✔ transcript window lists recording entries (10.535524ms)
✔ refreshTranscriptWindow updates entries (1.494164ms)
✔ recording header command toggles collapsed run visibility (3.354242ms)
✔ recording toggle command folds and unfolds transcript entries (1.216811ms)
✔ refreshTranscriptWindow revalidates presentations when resolver is provided (1.140885ms)
✔ transcript derives presentation types from entry kinds when presentation id is absent (0.833679ms)
✔ normalizeArgSpec defaults type and required (1.701015ms)
✔ normalizeCommandSpec normalizes args (0.265564ms)
✔ validateInvocation detects missing required args (1.657949ms)
✔ typed command model version is allocated (0.13989ms)
✔ resolveArgumentDefaults applies DWIM defaults from context (0.394163ms)
✔ materializeInvocation merges defaults and args (0.28967ms)
✔ executeTypedCommand runs execution pipeline (0.321854ms)
✔ button command wiring dispatches through registry (13.475893ms)
✔ text input command wiring provides input value (2.319931ms)
✔ list item command wiring provides item context (1.910806ms)
✔ widget command wiring dispatches command effect handlers (1.466984ms)
✔ widget command wiring appends structured invocation history for typed commands (2.652375ms)
✔ list selection supports multi-select and action bar hooks (3.557617ms)
✔ canvas view command wiring uses hit testing (1.548286ms)
✔ webgl view command wiring uses hit testing (1.248982ms)
✔ canvas view exposes accessibility props when enabled (1.04143ms)
✔ webgl view exposes accessibility props when enabled (1.000841ms)
✔ widget adapter renders a window tree via the renderer (16.43101ms)
✔ markPresentationStale annotates metadata (4.871955ms)
✔ revalidatePresentations marks stale when resolver fails (1.911968ms)
ℹ tests 221
ℹ suites 0
ℹ pass 221
ℹ fail 0
ℹ cancelled 0
ℹ skipped 0
ℹ todo 0
ℹ duration_ms 46209.460939
