# validation_id: R7V-08
# lane_id: R7L-05
# case_id: integrity-fail
# started_at_utc: 2026-02-10T01:48:00.229Z
# ended_at_utc: 2026-02-10T01:48:02.194Z
# command: env TZ=UTC LC_ALL=C LANG=C CCL_STORAGE_ALLOW_FALLBACK=0 CCL_MODULE_ENV_TEST_LANE=R7L-05 CCL_MODULE_ENV_TEST_CASE=integrity-fail CCL_MODULE_ENV_TEST_INJECT_FAILURE=RPL07-E002 node doc/wasm/js/wasm-ui-persist-smoke.mjs --image root --verbose
# exit_code: 0

[stdout]
persistence backend: memory-snapshot
snapshot file: /var/folders/nx/drkw27_12d3c830w306nl_5m0000gp/T/ccl-wasm-ui-persist-smoke.snapshot.json
[trace] instantiating kernel
[trace] kernel instantiated
[trace] instantiating subprims
[trace] subprims instantiated
[trace] subprims table installed
image source: root.image
[trace] loading image
[trace] kernel request id=1 op=STREAM_OPEN
[trace] kernel done id=1 op=STREAM_OPEN result=-44
[trace] kernel poll id=1 op=STREAM_OPEN status=1
[trace] kernel result id=1 op=STREAM_OPEN result=-44
[trace] kernel response_size id=1 op=STREAM_OPEN size=0
[trace] kernel drop id=1 op=STREAM_OPEN
[trace] kernel request id=2 op=STREAM_OPEN
[trace] kernel done id=2 op=STREAM_OPEN result=-44
[trace] kernel poll id=2 op=STREAM_OPEN status=1
[trace] kernel result id=2 op=STREAM_OPEN result=-44
[trace] kernel response_size id=2 op=STREAM_OPEN size=0
[trace] kernel drop id=2 op=STREAM_OPEN
[trace] image loaded
[trace] root runtime state reset
[trace] boot entry installed
[trace] runtime modules installed from bundle (installed=7620 count=7620 failed=0)
[trace] runtime modules installed from registry (installed=0 count=0)
[trace] bootstrap pre-start ok nil=0x4000001 cl=0x4020016 allpkgs=0x40201bd allpkgs_car=0x4020016 allpkgs_cdr=0x40201b5 allpkgs_names=0x4020045 toplevel_sym=0x40201c6 toplfunc_raw=0x4036546 toplfunc_entry=4528 toplfunc_subtag=42
[trace] calling wasm_ccl_start_lisp
[trace] wasm_ccl_start_lisp returned
[trace] bootstrap post-start ok nil=0x4000001 cl=0x4020016 allpkgs=0x40201bd allpkgs_car=0x4020016 allpkgs_cdr=0x40201b5 allpkgs_names=0x4020045 toplevel_sym=0x40201c6 toplfunc_raw=0x4000001 toplfunc_entry=-1 toplfunc_subtag=-1
[trace] compiled modules installed (installed=8 count=8 failed=0)
[trace] calling demo init
[trace] calling label-state preflight
[trace] label-state preflight returned
[trace] calling mark-persisted
[trace] calling save
[trace] kernel request id=3 op=STREAM_OPEN
[trace] kernel done id=3 op=STREAM_OPEN result=3
[trace] kernel poll id=3 op=STREAM_OPEN status=1
[trace] kernel result id=3 op=STREAM_OPEN result=3
[trace] kernel response_size id=3 op=STREAM_OPEN size=0
[trace] kernel drop id=3 op=STREAM_OPEN
[trace] kernel request id=4 op=STREAM_WRITE
[trace] kernel done id=4 op=STREAM_WRITE result=1
[trace] kernel poll id=4 op=STREAM_WRITE status=1
[trace] kernel result id=4 op=STREAM_WRITE result=1
[trace] kernel drop id=4 op=STREAM_WRITE
[trace] kernel request id=5 op=STREAM_CLOSE
[trace] kernel done id=5 op=STREAM_CLOSE result=0
[trace] kernel poll id=5 op=STREAM_CLOSE status=1
[trace] kernel result id=5 op=STREAM_CLOSE result=0
[trace] kernel drop id=5 op=STREAM_CLOSE
[trace] calling mark-dirty
[trace] calling label-state dirty check
[trace] calling restore
[trace] kernel request id=6 op=STREAM_OPEN
[trace] kernel done id=6 op=STREAM_OPEN result=4
[trace] kernel poll id=6 op=STREAM_OPEN status=1
[trace] kernel result id=6 op=STREAM_OPEN result=4
[trace] kernel response_size id=6 op=STREAM_OPEN size=0
[trace] kernel drop id=6 op=STREAM_OPEN
[trace] kernel request id=7 op=STREAM_READ
[trace] kernel done id=7 op=STREAM_READ result=1
[trace] kernel poll id=7 op=STREAM_READ status=1
[trace] kernel result id=7 op=STREAM_READ result=1
[trace] kernel response_size id=7 op=STREAM_READ size=1
[trace] kernel copy_response id=7 op=STREAM_READ copied=1
[trace] kernel drop id=7 op=STREAM_READ
[trace] kernel request id=8 op=STREAM_CLOSE
[trace] kernel done id=8 op=STREAM_CLOSE result=0
[trace] kernel poll id=8 op=STREAM_CLOSE status=1
[trace] kernel result id=8 op=STREAM_CLOSE result=0
[trace] kernel drop id=8 op=STREAM_CLOSE
[trace] calling label-state restore check
PASS: wasm ui persistence smoke test
IPC_PROTOCOL_READY {"schema_version":"ipc_protocol_ready_v1","run_id":"ipc-1770688081929","lane_class":"ui_runtime","protocol_id":"ipc_shared_ring_v1","protocol_major":1,"protocol_minor":0,"channel_bindings":[{"channel_id":"ipc.kernel.req.ring.v1","writer_role_id":"WTOP-02","reader_role_id":"WTOP-03","slot_count":64,"slot_stride":256,"channel_numeric_id":1},{"channel_id":"ipc.kernel.resp.ring.v1","writer_role_id":"WTOP-03","reader_role_id":"WTOP-02","slot_count":64,"slot_stride":256,"channel_numeric_id":2},{"channel_id":"ipc.storage.req.ring.v1","writer_role_id":"WTOP-02","reader_role_id":"WTOP-04","slot_count":64,"slot_stride":256,"channel_numeric_id":3},{"channel_id":"ipc.storage.resp.ring.v1","writer_role_id":"WTOP-04","reader_role_id":"WTOP-02","slot_count":64,"slot_stride":256,"channel_numeric_id":4},{"channel_id":"ipc.ui.req.ring.v1","writer_role_id":"WTOP-05","reader_role_id":"WTOP-02","slot_count":64,"slot_stride":256,"channel_numeric_id":5},{"channel_id":"ipc.ui.resp.ring.v1","writer_role_id":"WTOP-02","reader_role_id":"WTOP-05","slot_count":64,"slot_stride":256,"channel_numeric_id":6}],"startup_sequence_refs":["WSEQ-01","WSEQ-02","WSEQ-03","WSEQ-04","WSEQ-06","WSEQ-05"],"allow_hotpath_fallback":false,"status":"pass","failure_code":null,"message":"protocol ready"}
IPC_CHANNEL_EVENT {"schema_version":"ipc_channel_event_v1","run_id":"ipc-1770688081929","channel_id":"ipc.kernel.req.ring.v1","lane_class":"ui_runtime","role_id":"WTOP-02","event_type":"enqueue","sequence_no":1,"head_index":0,"tail_index":1,"occupancy":1,"correlation_id":1001,"op_class":1,"wait_ms":0,"status":"ok","failure_code":null,"transition_id":null,"allow_hotpath_fallback":false,"timestamp_utc":"2026-02-10T01:48:01.928Z"}
IPC_CHANNEL_EVENT {"schema_version":"ipc_channel_event_v1","run_id":"ipc-1770688081929","channel_id":"ipc.kernel.req.ring.v1","lane_class":"ui_runtime","role_id":"WTOP-03","event_type":"dequeue","sequence_no":2,"head_index":1,"tail_index":1,"occupancy":0,"correlation_id":1002,"op_class":1,"wait_ms":0,"status":"ok","failure_code":null,"transition_id":null,"allow_hotpath_fallback":false,"timestamp_utc":"2026-02-10T01:48:01.928Z"}
IPC_CHANNEL_SUMMARY {"schema_version":"ipc_channel_summary_v1","run_id":"ipc-1770688081929","channel_id":"ipc.kernel.req.ring.v1","protocol_id":"ipc_shared_ring_v1","events_emitted":2,"max_occupancy":1,"wait_timeout_count":0,"first_failure_code":null,"status":"pass","allow_hotpath_fallback":false,"results_digest":"fbcc8302f7e911eeceea39e74ca166646d8134103cfd40ee18b7082ad2442de9"}
IPC_CHANNEL_EVENT {"schema_version":"ipc_channel_event_v1","run_id":"ipc-1770688081929","channel_id":"ipc.kernel.resp.ring.v1","lane_class":"ui_runtime","role_id":"WTOP-03","event_type":"enqueue","sequence_no":3,"head_index":0,"tail_index":1,"occupancy":1,"correlation_id":1003,"op_class":1,"wait_ms":0,"status":"ok","failure_code":null,"transition_id":null,"allow_hotpath_fallback":false,"timestamp_utc":"2026-02-10T01:48:01.928Z"}
IPC_CHANNEL_EVENT {"schema_version":"ipc_channel_event_v1","run_id":"ipc-1770688081929","channel_id":"ipc.kernel.resp.ring.v1","lane_class":"ui_runtime","role_id":"WTOP-02","event_type":"dequeue","sequence_no":4,"head_index":1,"tail_index":1,"occupancy":0,"correlation_id":1004,"op_class":1,"wait_ms":0,"status":"ok","failure_code":null,"transition_id":null,"allow_hotpath_fallback":false,"timestamp_utc":"2026-02-10T01:48:01.928Z"}
IPC_CHANNEL_SUMMARY {"schema_version":"ipc_channel_summary_v1","run_id":"ipc-1770688081929","channel_id":"ipc.kernel.resp.ring.v1","protocol_id":"ipc_shared_ring_v1","events_emitted":2,"max_occupancy":1,"wait_timeout_count":0,"first_failure_code":null,"status":"pass","allow_hotpath_fallback":false,"results_digest":"733be558f27b5af87b15b79868c85e8fbaaed30c720db0c0f184a8dd97b68c53"}
IPC_CHANNEL_EVENT {"schema_version":"ipc_channel_event_v1","run_id":"ipc-1770688081929","channel_id":"ipc.storage.req.ring.v1","lane_class":"ui_runtime","role_id":"WTOP-02","event_type":"enqueue","sequence_no":5,"head_index":0,"tail_index":1,"occupancy":1,"correlation_id":1005,"op_class":1,"wait_ms":0,"status":"ok","failure_code":null,"transition_id":null,"allow_hotpath_fallback":false,"timestamp_utc":"2026-02-10T01:48:01.928Z"}
IPC_CHANNEL_EVENT {"schema_version":"ipc_channel_event_v1","run_id":"ipc-1770688081929","channel_id":"ipc.storage.req.ring.v1","lane_class":"ui_runtime","role_id":"WTOP-04","event_type":"dequeue","sequence_no":6,"head_index":1,"tail_index":1,"occupancy":0,"correlation_id":1006,"op_class":1,"wait_ms":0,"status":"ok","failure_code":null,"transition_id":null,"allow_hotpath_fallback":false,"timestamp_utc":"2026-02-10T01:48:01.928Z"}
IPC_CHANNEL_SUMMARY {"schema_version":"ipc_channel_summary_v1","run_id":"ipc-1770688081929","channel_id":"ipc.storage.req.ring.v1","protocol_id":"ipc_shared_ring_v1","events_emitted":2,"max_occupancy":1,"wait_timeout_count":0,"first_failure_code":null,"status":"pass","allow_hotpath_fallback":false,"results_digest":"5ee28cd5aa3890035fd58655a5be6569ec6492598269045ee74b4a27e30bca64"}
IPC_CHANNEL_EVENT {"schema_version":"ipc_channel_event_v1","run_id":"ipc-1770688081929","channel_id":"ipc.storage.resp.ring.v1","lane_class":"ui_runtime","role_id":"WTOP-04","event_type":"enqueue","sequence_no":7,"head_index":0,"tail_index":1,"occupancy":1,"correlation_id":1007,"op_class":1,"wait_ms":0,"status":"ok","failure_code":null,"transition_id":null,"allow_hotpath_fallback":false,"timestamp_utc":"2026-02-10T01:48:01.928Z"}
IPC_CHANNEL_EVENT {"schema_version":"ipc_channel_event_v1","run_id":"ipc-1770688081929","channel_id":"ipc.storage.resp.ring.v1","lane_class":"ui_runtime","role_id":"WTOP-02","event_type":"dequeue","sequence_no":8,"head_index":1,"tail_index":1,"occupancy":0,"correlation_id":1008,"op_class":1,"wait_ms":0,"status":"ok","failure_code":null,"transition_id":null,"allow_hotpath_fallback":false,"timestamp_utc":"2026-02-10T01:48:01.928Z"}
IPC_CHANNEL_SUMMARY {"schema_version":"ipc_channel_summary_v1","run_id":"ipc-1770688081929","channel_id":"ipc.storage.resp.ring.v1","protocol_id":"ipc_shared_ring_v1","events_emitted":2,"max_occupancy":1,"wait_timeout_count":0,"first_failure_code":null,"status":"pass","allow_hotpath_fallback":false,"results_digest":"d212af379e5fbdeb516542f3cab5399296cd8f519acc9a81fdabfb4bb3807434"}
IPC_CHANNEL_EVENT {"schema_version":"ipc_channel_event_v1","run_id":"ipc-1770688081929","channel_id":"ipc.ui.req.ring.v1","lane_class":"ui_runtime","role_id":"WTOP-05","event_type":"enqueue","sequence_no":9,"head_index":0,"tail_index":1,"occupancy":1,"correlation_id":1009,"op_class":1,"wait_ms":0,"status":"ok","failure_code":null,"transition_id":null,"allow_hotpath_fallback":false,"timestamp_utc":"2026-02-10T01:48:01.928Z"}
IPC_CHANNEL_EVENT {"schema_version":"ipc_channel_event_v1","run_id":"ipc-1770688081929","channel_id":"ipc.ui.req.ring.v1","lane_class":"ui_runtime","role_id":"WTOP-02","event_type":"dequeue","sequence_no":10,"head_index":1,"tail_index":1,"occupancy":0,"correlation_id":1010,"op_class":1,"wait_ms":0,"status":"ok","failure_code":null,"transition_id":null,"allow_hotpath_fallback":false,"timestamp_utc":"2026-02-10T01:48:01.928Z"}
IPC_CHANNEL_SUMMARY {"schema_version":"ipc_channel_summary_v1","run_id":"ipc-1770688081929","channel_id":"ipc.ui.req.ring.v1","protocol_id":"ipc_shared_ring_v1","events_emitted":2,"max_occupancy":1,"wait_timeout_count":0,"first_failure_code":null,"status":"pass","allow_hotpath_fallback":false,"results_digest":"3fd19f046a6dae49e9d5762cf28e0477c7c2701570b69a90a1a27235cb1b3848"}
IPC_CHANNEL_EVENT {"schema_version":"ipc_channel_event_v1","run_id":"ipc-1770688081929","channel_id":"ipc.ui.resp.ring.v1","lane_class":"ui_runtime","role_id":"WTOP-02","event_type":"enqueue","sequence_no":11,"head_index":0,"tail_index":1,"occupancy":1,"correlation_id":1011,"op_class":1,"wait_ms":0,"status":"ok","failure_code":null,"transition_id":null,"allow_hotpath_fallback":false,"timestamp_utc":"2026-02-10T01:48:01.928Z"}
IPC_CHANNEL_EVENT {"schema_version":"ipc_channel_event_v1","run_id":"ipc-1770688081929","channel_id":"ipc.ui.resp.ring.v1","lane_class":"ui_runtime","role_id":"WTOP-05","event_type":"dequeue","sequence_no":12,"head_index":1,"tail_index":1,"occupancy":0,"correlation_id":1012,"op_class":1,"wait_ms":0,"status":"ok","failure_code":null,"transition_id":null,"allow_hotpath_fallback":false,"timestamp_utc":"2026-02-10T01:48:01.928Z"}
IPC_CHANNEL_SUMMARY {"schema_version":"ipc_channel_summary_v1","run_id":"ipc-1770688081929","channel_id":"ipc.ui.resp.ring.v1","protocol_id":"ipc_shared_ring_v1","events_emitted":2,"max_occupancy":1,"wait_timeout_count":0,"first_failure_code":null,"status":"pass","allow_hotpath_fallback":false,"results_digest":"b63da7f564d6ef32d86b3ed9e7d1438ec3ab9708e7b8729dde3957ed0bb57da0"}
IPC_CONFORMANCE_SUMMARY {"schema_version":"ipc_conformance_summary_v1","run_id":"ipc-1770688081929","protocol_id":"ipc_shared_ring_v1","protocol_major":1,"protocol_minor":0,"conformance_ids":[],"lane_id":null,"source":"doc/wasm/js/wasm-ui-persist-smoke.mjs","passed_ids":[],"failed_ids":[],"first_failure_id":null,"first_failure_code":null,"allow_hotpath_fallback":false,"lane_results_digest":"729f5b5d0b262578d8d6e765ee6b26ea6d1a70bd5aef10995d60020336296420","status":"pass","x03_clear_ready":true,"timestamp_utc":"2026-02-10T01:48:01.928Z","message":"synthetic IPC conformance pass"}
RUNTIME_UI_BRIDGE_ROUTE_EVENT {"schema_version":"runtime_ui_bridge_route_event_v1","run_id":"ipc-1770688081929","class_id":"R4M-01","direction":"ingress","lane_class":"ui_runtime","selected_lane":"shared_ring","channel_id":"ipc.ui.req.ring.v1","writer_role_id":"WTOP-05","reader_role_id":"WTOP-02","sequence_no":1,"correlation_id":3001,"status":"pass","failure_code":null,"fallback_attempted":false,"fallback_blocked":true}
RUNTIME_UI_BRIDGE_BACKPRESSURE_EVENT {"schema_version":"runtime_ui_bridge_backpressure_event_v1","run_id":"ipc-1770688081929","class_id":"R4M-01","channel_id":"ipc.ui.req.ring.v1","wait_state":"none","wait_ms":0,"timeout_ms":25,"occupancy":0,"status":"pass","failure_code":null,"transition_id":null}
RUNTIME_UI_BRIDGE_LANE_SUMMARY {"schema_version":"runtime_ui_bridge_lane_summary_v1","run_id":"ipc-1770688081929","class_id":"R4M-01","hot_path_class":true,"selected_lane":"shared_ring","events_total":2,"events_failed":0,"first_failure_code":null,"allow_hotpath_fallback":false,"results_digest":"762771951ef6c8f23d7d7fbb0184858a8af505e706c368ff411dead9c0b4de5f"}
RUNTIME_UI_BRIDGE_ROUTE_EVENT {"schema_version":"runtime_ui_bridge_route_event_v1","run_id":"ipc-1770688081929","class_id":"R4M-02","direction":"ingress","lane_class":"ui_runtime","selected_lane":"shared_ring","channel_id":"ipc.ui.req.ring.v1","writer_role_id":"WTOP-05","reader_role_id":"WTOP-02","sequence_no":2,"correlation_id":3002,"status":"pass","failure_code":null,"fallback_attempted":false,"fallback_blocked":true}
RUNTIME_UI_BRIDGE_BACKPRESSURE_EVENT {"schema_version":"runtime_ui_bridge_backpressure_event_v1","run_id":"ipc-1770688081929","class_id":"R4M-02","channel_id":"ipc.ui.req.ring.v1","wait_state":"none","wait_ms":0,"timeout_ms":25,"occupancy":0,"status":"pass","failure_code":null,"transition_id":null}
RUNTIME_UI_BRIDGE_LANE_SUMMARY {"schema_version":"runtime_ui_bridge_lane_summary_v1","run_id":"ipc-1770688081929","class_id":"R4M-02","hot_path_class":true,"selected_lane":"shared_ring","events_total":2,"events_failed":0,"first_failure_code":null,"allow_hotpath_fallback":false,"results_digest":"0eb1a6a8abf0aa414c862e9b420f711af8bbd26d5ab5e566f912b38645d2a9c4"}
RUNTIME_UI_BRIDGE_ROUTE_EVENT {"schema_version":"runtime_ui_bridge_route_event_v1","run_id":"ipc-1770688081929","class_id":"R4M-03","direction":"ingress","lane_class":"ui_runtime","selected_lane":"shared_ring","channel_id":"ipc.ui.req.ring.v1","writer_role_id":"WTOP-05","reader_role_id":"WTOP-02","sequence_no":3,"correlation_id":3003,"status":"pass","failure_code":null,"fallback_attempted":false,"fallback_blocked":true}
RUNTIME_UI_BRIDGE_BACKPRESSURE_EVENT {"schema_version":"runtime_ui_bridge_backpressure_event_v1","run_id":"ipc-1770688081929","class_id":"R4M-03","channel_id":"ipc.ui.req.ring.v1","wait_state":"none","wait_ms":0,"timeout_ms":25,"occupancy":0,"status":"pass","failure_code":null,"transition_id":null}
RUNTIME_UI_BRIDGE_LANE_SUMMARY {"schema_version":"runtime_ui_bridge_lane_summary_v1","run_id":"ipc-1770688081929","class_id":"R4M-03","hot_path_class":true,"selected_lane":"shared_ring","events_total":2,"events_failed":0,"first_failure_code":null,"allow_hotpath_fallback":false,"results_digest":"79f5c6989f940ded1cc509b15d0e5164ff8fc4d779cad1b4fb2da577e45df3cb"}
RUNTIME_UI_BRIDGE_ROUTE_EVENT {"schema_version":"runtime_ui_bridge_route_event_v1","run_id":"ipc-1770688081929","class_id":"R4M-04","direction":"egress","lane_class":"ui_runtime","selected_lane":"shared_ring","channel_id":"ipc.ui.resp.ring.v1","writer_role_id":"WTOP-02","reader_role_id":"WTOP-05","sequence_no":4,"correlation_id":3004,"status":"pass","failure_code":null,"fallback_attempted":false,"fallback_blocked":true}
RUNTIME_UI_BRIDGE_BACKPRESSURE_EVENT {"schema_version":"runtime_ui_bridge_backpressure_event_v1","run_id":"ipc-1770688081929","class_id":"R4M-04","channel_id":"ipc.ui.resp.ring.v1","wait_state":"none","wait_ms":0,"timeout_ms":25,"occupancy":0,"status":"pass","failure_code":null,"transition_id":null}
RUNTIME_UI_BRIDGE_LANE_SUMMARY {"schema_version":"runtime_ui_bridge_lane_summary_v1","run_id":"ipc-1770688081929","class_id":"R4M-04","hot_path_class":true,"selected_lane":"shared_ring","events_total":2,"events_failed":0,"first_failure_code":null,"allow_hotpath_fallback":false,"results_digest":"e150a0dfe1674c1e76342223738f46e02e8ea51cd907554fed99edb69cda307f"}
RUNTIME_UI_BRIDGE_ROUTE_EVENT {"schema_version":"runtime_ui_bridge_route_event_v1","run_id":"ipc-1770688081929","class_id":"R4M-05","direction":"egress","lane_class":"ui_runtime","selected_lane":"shared_ring","channel_id":"ipc.ui.resp.ring.v1","writer_role_id":"WTOP-02","reader_role_id":"WTOP-05","sequence_no":5,"correlation_id":3005,"status":"pass","failure_code":null,"fallback_attempted":false,"fallback_blocked":true}
RUNTIME_UI_BRIDGE_BACKPRESSURE_EVENT {"schema_version":"runtime_ui_bridge_backpressure_event_v1","run_id":"ipc-1770688081929","class_id":"R4M-05","channel_id":"ipc.ui.resp.ring.v1","wait_state":"none","wait_ms":0,"timeout_ms":25,"occupancy":0,"status":"pass","failure_code":null,"transition_id":null}
RUNTIME_UI_BRIDGE_LANE_SUMMARY {"schema_version":"runtime_ui_bridge_lane_summary_v1","run_id":"ipc-1770688081929","class_id":"R4M-05","hot_path_class":true,"selected_lane":"shared_ring","events_total":2,"events_failed":0,"first_failure_code":null,"allow_hotpath_fallback":false,"results_digest":"535dfe605e31f039a37b0d984ad12728549463b7c03affe4d163ae84460bb33d"}
RUNTIME_UI_BRIDGE_ROUTE_EVENT {"schema_version":"runtime_ui_bridge_route_event_v1","run_id":"ipc-1770688081929","class_id":"R4M-06","direction":"egress","lane_class":"ui_runtime","selected_lane":"shared_ring","channel_id":"ipc.ui.resp.ring.v1","writer_role_id":"WTOP-02","reader_role_id":"WTOP-05","sequence_no":6,"correlation_id":3006,"status":"pass","failure_code":null,"fallback_attempted":false,"fallback_blocked":true}
RUNTIME_UI_BRIDGE_BACKPRESSURE_EVENT {"schema_version":"runtime_ui_bridge_backpressure_event_v1","run_id":"ipc-1770688081929","class_id":"R4M-06","channel_id":"ipc.ui.resp.ring.v1","wait_state":"none","wait_ms":0,"timeout_ms":25,"occupancy":0,"status":"pass","failure_code":null,"transition_id":null}
RUNTIME_UI_BRIDGE_LANE_SUMMARY {"schema_version":"runtime_ui_bridge_lane_summary_v1","run_id":"ipc-1770688081929","class_id":"R4M-06","hot_path_class":true,"selected_lane":"shared_ring","events_total":2,"events_failed":0,"first_failure_code":null,"allow_hotpath_fallback":false,"results_digest":"d9884be2525da2e3963fec6ed55e9beadfb2d123a02b7a4b4af62162421aab9d"}
RUNTIME_UI_BRIDGE_ROUTE_EVENT {"schema_version":"runtime_ui_bridge_route_event_v1","run_id":"ipc-1770688081929","class_id":"R4M-07","direction":"bidirectional","lane_class":"ui_runtime","selected_lane":"shared_ring","channel_id":"ipc.ui.req.ring.v1","writer_role_id":"WTOP-05","reader_role_id":"WTOP-02","sequence_no":7,"correlation_id":3007,"status":"pass","failure_code":null,"fallback_attempted":false,"fallback_blocked":true}
RUNTIME_UI_BRIDGE_BACKPRESSURE_EVENT {"schema_version":"runtime_ui_bridge_backpressure_event_v1","run_id":"ipc-1770688081929","class_id":"R4M-07","channel_id":"ipc.ui.req.ring.v1","wait_state":"none","wait_ms":0,"timeout_ms":25,"occupancy":0,"status":"pass","failure_code":null,"transition_id":null}
RUNTIME_UI_BRIDGE_LANE_SUMMARY {"schema_version":"runtime_ui_bridge_lane_summary_v1","run_id":"ipc-1770688081929","class_id":"R4M-07","hot_path_class":true,"selected_lane":"shared_ring","events_total":2,"events_failed":0,"first_failure_code":null,"allow_hotpath_fallback":false,"results_digest":"a38ea5a2b44bab33ad70ed8de85962e941e349bb8ba3651427c49990adaa1678"}
RUNTIME_UI_BRIDGE_ROUTE_EVENT {"schema_version":"runtime_ui_bridge_route_event_v1","run_id":"ipc-1770688081929","class_id":"R4M-08","direction":"egress","lane_class":"ui_runtime","selected_lane":"control_message","channel_id":"ipc.bridge.control.mailbox.v1","writer_role_id":"WTOP-02","reader_role_id":"WTOP-05","sequence_no":8,"correlation_id":3008,"status":"pass","failure_code":null,"fallback_attempted":false,"fallback_blocked":false}
RUNTIME_UI_BRIDGE_BACKPRESSURE_EVENT {"schema_version":"runtime_ui_bridge_backpressure_event_v1","run_id":"ipc-1770688081929","class_id":"R4M-08","channel_id":"ipc.bridge.control.mailbox.v1","wait_state":"not_applicable","wait_ms":0,"timeout_ms":25,"occupancy":0,"status":"pass","failure_code":null,"transition_id":null}
RUNTIME_UI_BRIDGE_LANE_SUMMARY {"schema_version":"runtime_ui_bridge_lane_summary_v1","run_id":"ipc-1770688081929","class_id":"R4M-08","hot_path_class":false,"selected_lane":"control_message","events_total":2,"events_failed":0,"first_failure_code":null,"allow_hotpath_fallback":false,"results_digest":"08b1f354e23c0671443d82027b15e0ee066ac862e6daf579af8544c077f43494"}
RUNTIME_UI_BRIDGE_ROUTE_EVENT {"schema_version":"runtime_ui_bridge_route_event_v1","run_id":"ipc-1770688081929","class_id":"R4M-09","direction":"bidirectional","lane_class":"ui_runtime","selected_lane":"control_message","channel_id":"ipc.bridge.control.mailbox.v1","writer_role_id":"WTOP-02","reader_role_id":"WTOP-05","sequence_no":9,"correlation_id":3009,"status":"pass","failure_code":null,"fallback_attempted":false,"fallback_blocked":false}
RUNTIME_UI_BRIDGE_BACKPRESSURE_EVENT {"schema_version":"runtime_ui_bridge_backpressure_event_v1","run_id":"ipc-1770688081929","class_id":"R4M-09","channel_id":"ipc.bridge.control.mailbox.v1","wait_state":"not_applicable","wait_ms":0,"timeout_ms":25,"occupancy":0,"status":"pass","failure_code":null,"transition_id":null}
RUNTIME_UI_BRIDGE_LANE_SUMMARY {"schema_version":"runtime_ui_bridge_lane_summary_v1","run_id":"ipc-1770688081929","class_id":"R4M-09","hot_path_class":false,"selected_lane":"control_message","events_total":2,"events_failed":0,"first_failure_code":null,"allow_hotpath_fallback":false,"results_digest":"dcb2c1cefa4e87d4d889b73867996e903fac43a96dc81e85297bf5eaa163dc72"}
RUNTIME_UI_BRIDGE_ROUTE_EVENT {"schema_version":"runtime_ui_bridge_route_event_v1","run_id":"ipc-1770688081929","class_id":"R4M-10","direction":"bidirectional","lane_class":"ui_runtime","selected_lane":"control_message","channel_id":"ipc.bridge.control.mailbox.v1","writer_role_id":"WTOP-02","reader_role_id":"WTOP-05","sequence_no":10,"correlation_id":3010,"status":"pass","failure_code":null,"fallback_attempted":false,"fallback_blocked":false}
RUNTIME_UI_BRIDGE_BACKPRESSURE_EVENT {"schema_version":"runtime_ui_bridge_backpressure_event_v1","run_id":"ipc-1770688081929","class_id":"R4M-10","channel_id":"ipc.bridge.control.mailbox.v1","wait_state":"not_applicable","wait_ms":0,"timeout_ms":25,"occupancy":0,"status":"pass","failure_code":null,"transition_id":null}
RUNTIME_UI_BRIDGE_LANE_SUMMARY {"schema_version":"runtime_ui_bridge_lane_summary_v1","run_id":"ipc-1770688081929","class_id":"R4M-10","hot_path_class":false,"selected_lane":"control_message","events_total":2,"events_failed":0,"first_failure_code":null,"allow_hotpath_fallback":false,"results_digest":"35e18304837a0daae7542221887fcc59a12f6adaa24af2144d8192b226d37360"}
RUNTIME_UI_BRIDGE_ROUTE_EVENT {"schema_version":"runtime_ui_bridge_route_event_v1","run_id":"ipc-1770688081929","class_id":"R4M-11","direction":"egress","lane_class":"ui_runtime","selected_lane":"control_message","channel_id":"ipc.bridge.control.mailbox.v1","writer_role_id":"WTOP-02","reader_role_id":"WTOP-05","sequence_no":11,"correlation_id":3011,"status":"pass","failure_code":null,"fallback_attempted":false,"fallback_blocked":false}
RUNTIME_UI_BRIDGE_BACKPRESSURE_EVENT {"schema_version":"runtime_ui_bridge_backpressure_event_v1","run_id":"ipc-1770688081929","class_id":"R4M-11","channel_id":"ipc.bridge.control.mailbox.v1","wait_state":"not_applicable","wait_ms":0,"timeout_ms":25,"occupancy":0,"status":"pass","failure_code":null,"transition_id":null}
RUNTIME_UI_BRIDGE_LANE_SUMMARY {"schema_version":"runtime_ui_bridge_lane_summary_v1","run_id":"ipc-1770688081929","class_id":"R4M-11","hot_path_class":false,"selected_lane":"control_message","events_total":2,"events_failed":0,"first_failure_code":null,"allow_hotpath_fallback":false,"results_digest":"d326228fa9f64fe26440d30f97e7ab9df8679a7cb0b2a2949c6280a9fe499539"}
RUNTIME_UI_BRIDGE_ROUTE_EVENT {"schema_version":"runtime_ui_bridge_route_event_v1","run_id":"ipc-1770688081929","class_id":"R4M-12","direction":"egress","lane_class":"ui_runtime","selected_lane":"control_message","channel_id":"ipc.bridge.control.mailbox.v1","writer_role_id":"WTOP-02","reader_role_id":"WTOP-05","sequence_no":12,"correlation_id":3012,"status":"pass","failure_code":null,"fallback_attempted":false,"fallback_blocked":false}
RUNTIME_UI_BRIDGE_BACKPRESSURE_EVENT {"schema_version":"runtime_ui_bridge_backpressure_event_v1","run_id":"ipc-1770688081929","class_id":"R4M-12","channel_id":"ipc.bridge.control.mailbox.v1","wait_state":"not_applicable","wait_ms":0,"timeout_ms":25,"occupancy":0,"status":"pass","failure_code":null,"transition_id":null}
RUNTIME_UI_BRIDGE_LANE_SUMMARY {"schema_version":"runtime_ui_bridge_lane_summary_v1","run_id":"ipc-1770688081929","class_id":"R4M-12","hot_path_class":false,"selected_lane":"control_message","events_total":2,"events_failed":0,"first_failure_code":null,"allow_hotpath_fallback":false,"results_digest":"2a46e0500c6305b38893db35b91a099e16b26fe05862ce376bc1d013dcc9da8c"}
RUNTIME_UI_BRIDGE_ROUTE_EVENT {"schema_version":"runtime_ui_bridge_route_event_v1","run_id":"ipc-1770688081929","class_id":"R4M-13","direction":"bidirectional","lane_class":"ui_runtime","selected_lane":"control_message","channel_id":"ipc.bridge.control.mailbox.v1","writer_role_id":"WTOP-02","reader_role_id":"WTOP-05","sequence_no":13,"correlation_id":3013,"status":"pass","failure_code":null,"fallback_attempted":false,"fallback_blocked":false}
RUNTIME_UI_BRIDGE_BACKPRESSURE_EVENT {"schema_version":"runtime_ui_bridge_backpressure_event_v1","run_id":"ipc-1770688081929","class_id":"R4M-13","channel_id":"ipc.bridge.control.mailbox.v1","wait_state":"not_applicable","wait_ms":0,"timeout_ms":25,"occupancy":0,"status":"pass","failure_code":null,"transition_id":null}
RUNTIME_UI_BRIDGE_LANE_SUMMARY {"schema_version":"runtime_ui_bridge_lane_summary_v1","run_id":"ipc-1770688081929","class_id":"R4M-13","hot_path_class":false,"selected_lane":"control_message","events_total":2,"events_failed":0,"first_failure_code":null,"allow_hotpath_fallback":false,"results_digest":"35b93806b0da6e27e88ce537ad2d6003c73cbd5c901ad1b82de4a8fa13ffddbd"}
RUNTIME_UI_BRIDGE_MIGRATION_SUMMARY {"schema_version":"runtime_ui_bridge_migration_summary_v1","run_id":"ipc-1770688081929","wave_id":null,"executed_class_ids":["R4M-01","R4M-02","R4M-03","R4M-04","R4M-05","R4M-06","R4M-07","R4M-08","R4M-09","R4M-10","R4M-11","R4M-12","R4M-13"],"hot_classes_on_shared_count":7,"non_hot_on_control_count":6,"policy_failures":[],"status":"pass","x04_ready":true,"timestamp_utc":"2026-02-10T01:48:01.931Z"}
RUNTIME_UI_BRIDGE_STEP2_SUMMARY {"schema_version":"runtime_ui_bridge_step2_summary_v1","run_id":"ipc-1770688081929","executed_validation_ids":[],"passed_validation_ids":[],"failed_validation_ids":[],"first_failure_validation_id":null,"first_failure_code":null,"compatibility_results":[{"compatibility_id":"R4I-01","status":"accept"},{"compatibility_id":"R4I-02","status":"accept"},{"compatibility_id":"R4I-03","status":"accept"},{"compatibility_id":"R4I-04","status":"accept"},{"compatibility_id":"R4I-05","status":"accept"},{"compatibility_id":"R4I-06","status":"accept"}],"allow_hotpath_fallback":false,"x04_step2_ready":true,"results_digest":"854b66c32af575f90ff46b10792023b9d2057fc92d667019793b0e4ccb687f2b","status":"pass","lane_id":null,"wave_id":null,"source":"doc/wasm/js/wasm-ui-persist-smoke.mjs","validation_assertion_pass":true,"timestamp_utc":"2026-02-10T01:48:01.931Z"}


[stderr]
WASM wasm_funcall_common: enter

WASM wasm_funcall_common: call subprim

WASM const-pool: INTERN symbol unavailable for 
*WASM-UI-PERSIST-LABEL-STATE*


WASM const-pool: INTERN symbol unavailable for 
*WASM-UI-PERSIST-LABEL-STATE*


WASM const-pool: creating symbol fallback: 
*WASM-UI-PERSIST-LABEL-STATE*


WASM const-pool: INTERN symbol unavailable for 
*WASM-UI-PERSIST-SAVED-STATE*


WASM const-pool: INTERN symbol unavailable for 
*WASM-UI-PERSIST-SAVED-STATE*


WASM const-pool: creating symbol fallback: 
*WASM-UI-PERSIST-SAVED-STATE*


WASM const-pool: INTERN symbol unavailable for 
*WASM-UI-PERSIST-LABEL-STATE*


WASM const-pool: INTERN symbol unavailable for 
*WASM-UI-PERSIST-LABEL-STATE*


WASM const-pool: INTERN symbol unavailable for 
*WASM-UI-PERSIST-LABEL-STATE*


WASM const-pool: INTERN symbol unavailable for 
*WASM-UI-PERSIST-LABEL-STATE*


WASM const-pool: INTERN symbol unavailable for 
*WASM-UI-PERSIST-SAVED-STATE*


WASM const-pool: INTERN symbol unavailable for 
*WASM-UI-PERSIST-SAVED-STATE*


WASM const-pool: INTERN symbol unavailable for 
*WASM-UI-PERSIST-LABEL-STATE*




[synthetic-artifacts]
MODULE_ENV_RESOLUTION_EVENT {"schema_version":"module_env_resolution_event_v1","run_id":"rpl07-20260210-014654Z-91fdb0be","validation_id":"R7V-08","lane_id":"R7L-05","module_id":"module-r7l-05-integrity-fail","capsule_id":"capsule-main-v1","stage_id":"activation","selected_source":"capsule_store","status":"fail","failure_code":"RPL07-E002","timestamp_utc":"2026-02-10T01:48:02.194Z"}
MODULE_ENV_ACTIVATION_SUMMARY {"schema_version":"module_env_activation_summary_v1","run_id":"rpl07-20260210-014654Z-91fdb0be","validation_id":"R7V-08","lane_id":"R7L-05","activation_count":1,"pass_count":0,"fail_count":1,"first_failure_code":"RPL07-E002","allow_fallback":false,"results_digest":"ed3bbef4e8dfa63f303b9a88f3a14fba5f659e55fb315b031de3db51b55b1d26","status":"fail","source":"doc/wasm/js/wasm-ui-persist-smoke.mjs","timestamp_utc":"2026-02-10T01:48:02.194Z"}
MODULE_ENV_STEP2_SUMMARY {"schema_version":"module_env_step2_summary_v1","run_id":"rpl07-20260210-014654Z-91fdb0be","executed_lane_ids":["R7L-05"],"executed_validation_ids":["R7V-08"],"passed_validation_ids":[],"failed_validation_ids":["R7V-08"],"first_failure_validation_id":"R7V-08","first_failure_code":"RPL07-E002","bundle_inputs":["rpl05-20260210-011240Z-91fdb0be","bpl06-20260210-005408Z-91fdb0be","bpl07-20260210-005408Z-91fdb0be"],"x06_review_status":"not_ready","x07_review_status":"blocked","x06_step2_ready":false,"results_digest":"cc2b0f4f81a7a8d68a4fa7dd5f6eb33ad4d2dd8835d4f35b37d6c8a71862add6","status":"fail","timestamp_utc":"2026-02-10T01:48:02.194Z"}
