# validation_id: R7V-04
# lane_id: R7L-04
# case_id: browser-loader
# started_at_utc: 2026-02-10T01:47:05.519Z
# ended_at_utc: 2026-02-10T01:47:52.668Z
# command: env TZ=UTC LC_ALL=C LANG=C CCL_STORAGE_ALLOW_FALLBACK=0 CCL_MODULE_ENV_TEST_LANE=R7L-04 CCL_MODULE_ENV_TEST_CASE=browser-loader npm --prefix web-ui run test:sandbox
# exit_code: 0

[stdout]

> web-ui@0.1.0 test:sandbox
> node --test tests/basic.test.mjs tests/commands.test.mjs tests/event-log.test.mjs tests/focus.test.mjs tests/layout.test.mjs tests/renderer.test.mjs tests/selection.test.mjs tests/state.test.mjs tests/persistence.test.mjs tests/list-selection.test.mjs tests/command-ui.test.mjs tests/widgets-command.test.mjs tests/widgets.test.mjs tests/bridge-codec.test.mjs tests/bridge-microkernel.test.mjs tests/bridge-command-effects.test.mjs tests/phase-0-specs.test.mjs tests/phase-0-runtime.test.mjs tests/phase-1-runtime.test.mjs tests/phase-1-persistence.test.mjs tests/phase-1-integration.test.mjs tests/phase-2-transcript-inspector.test.mjs tests/phase-2-debugger.test.mjs tests/phase-2-problems.test.mjs tests/phase-2-integration.test.mjs tests/command-effects.test.mjs tests/recordings.test.mjs tests/presentation-taxonomy.test.mjs tests/typed-commands.test.mjs tests/recording-state.test.mjs tests/recording-commands.test.mjs tests/replay-recordings.test.mjs tests/transcript.test.mjs tests/transcript-commands.test.mjs tests/transcript-action-effects.test.mjs tests/command-history.test.mjs tests/debugger.test.mjs tests/inspector.test.mjs tests/theme.test.mjs tests/phase-3-ui-doctrine.test.mjs tests/phase-3-dom-snapshots.test.mjs tests/phase-3-renderer-parity.test.mjs tests/phase-4-sessions.test.mjs tests/phase-4-world-state.test.mjs tests/phase-4-restore.test.mjs tests/phase-5-runtime-bridge.test.mjs tests/phase-5-runtime-output.test.mjs tests/phase-5-runtime-command-dispatch.test.mjs tests/phase-5-runtime-command-roundtrip.test.mjs tests/phase-5-runtime-debugger.test.mjs tests/phase-5-runtime-restart-invoke.test.mjs tests/phase-5-runtime-inspector.test.mjs tests/phase-5-runtime-place-edit.test.mjs tests/phase-5-runtime-inspector-integration.test.mjs tests/phase-5-runtime-jobs.test.mjs tests/phase-5-runtime-integration.test.mjs tests/phase-6-customization.test.mjs tests/phase-6-theme-profiles.test.mjs tests/phase-6-keymaps.test.mjs tests/phase-6-beginner-mode.test.mjs tests/phase-6-integration.test.mjs tests/phase-7-performance-budgets.test.mjs tests/phase-7-transcript-scale.test.mjs tests/phase-7-keyboard-focus.test.mjs tests/phase-7-accessibility.test.mjs tests/phase-7-reliability.test.mjs tests/phase-7-integration.test.mjs tests/conditions.test.mjs tests/world-state.test.mjs tests/selection-actions.test.mjs tests/problems.test.mjs

✔ replay is deterministic and matches expected snapshot (10.43746ms)
✔ decodeTree parses a simple element+text payload (2.780629ms)
✔ encodeEvents produces a v1 event batch (0.661407ms)
✔ selectEvents respects maxEvents and maxBytes (0.476586ms)
✔ createCommandEffectBridge dispatches clipboard and runtime effects (3.154589ms)
✔ microkernel handles UI poll/render/measure opcodes (6.105167ms)
✔ extractCommandOutput reads structured command output (1.717115ms)
✔ formatClipboardText formats form and form+context payloads (0.269897ms)
✔ dispatchCommandOutput routes clipboard and runtime channels (0.313097ms)
✔ handleCommandResultEffects returns non-handled for commands without output (0.192251ms)
✔ command history window lists invocations (9.97785ms)
✔ refreshCommandHistoryWindow updates list (1.397818ms)
✔ command history execute command replays invocation (2.831369ms)
✔ command history execute command records typed invocation with resolved defaults (1.472501ms)
✔ recordCommandInvocation auto-allocates deterministic id when missing (0.685033ms)
✔ command palette lists commands and applies filter (124.847798ms)
✔ palette command registration wires navigation and execution (13.084358ms)
✔ command palette preview exposes inferred defaults for typed commands (4.353594ms)
✔ palette execute command stamps typed invocation source as palette (1.300612ms)
✔ command surface open/close commands toggle windows (2.543082ms)
✔ task commands list, switch, archive, and close (4.330653ms)
✔ layout commands split, tabs, dock, and activate tabs (42.031449ms)
✔ capability mediation window lists requests and approves selection (2.953298ms)
✔ keybinding viewer lists bindings (11.572291ms)
✔ command routing uses deterministic precedence (3.067103ms)
✔ custom precedence allows widget/context to win (55.46838ms)
✔ resolveKeyWithTrace exposes scope decisions (0.878568ms)
✔ enablement reasons are returned and enforce dispatch (1.165349ms)
✔ presentation translators resolve commands deterministically (0.380431ms)
✔ namespace policy can enforce namespaced ids (4.159182ms)
✔ commands honor capability gating and safe mode (9.223602ms)
✔ typed commands resolve defaults and expose structured invocation (0.856757ms)
✔ typed command enablement fails with missing required args (0.627665ms)
✔ normalizeRestart applies defaults (3.338485ms)
✔ normalizeConditionReport normalizes sections (0.619932ms)
✔ debugger restart list wires item command (7.494108ms)
✔ debugger restart command records typed invocation (3.044987ms)
✔ event log schema validation passes for fixtures (2.151983ms)
✔ focus history records deterministic sequence (30.960113ms)
✔ reconcileFocus updates focus from resolver (2.194699ms)
✔ reconcileFocus defers while composing (1.240312ms)
✔ inspector window lists focus and command state (135.952418ms)
✔ inspector watch commands pin and unpin watches (11.487493ms)
✔ inspector staged edits can be applied and undone (6.714641ms)
✔ layout and selection changes are captured in snapshots (73.250356ms)
✔ layout mutations are deterministic (9.749588ms)
✔ updateListSelection supports replace/toggle/range for multi-select lists (13.796198ms)
✔ registerListSelectionCommands wires ui.list.selection.update (4.647494ms)
✔ updateListSelection ignores non-selectable targets outside listItemIds (1.28928ms)
✔ createSnapshot strips non-serializable values (19.603302ms)
✔ restoreStateFromSnapshot validates focus targets (0.971852ms)
✔ persistence manager round-trips state (21.767179ms)
✔ createSnapshot persists recording store and command history (2.620536ms)
✔ restoreStateFromSnapshot migrates legacy snapshots (0.901083ms)
✔ restoreStateFromSnapshot revalidates presentations when resolver is provided (19.88027ms)
✔ createSnapshot applies recording store truncation budget with marker (2.295122ms)
✔ createSnapshot persists inspector watches (2.731714ms)
✔ phase-0 schema versions are allocated (1.987579ms)
✔ phase-0 runtime contracts for recording and typed commands (1.636079ms)
✔ phase-0 specs are present and include required sections (2.19211ms)
✔ phase-1 integration preserves typed invocation history and recording state across snapshot restore (33.417115ms)
✔ phase-1 integration replay payload remains deterministic across snapshot restore (24.056095ms)
✔ phase-1 persistence schema version is allocated (2.646568ms)
✔ phase-1 persistence snapshot truncates recording store by budget (27.304672ms)
✔ phase-1 persistence migrates v2 snapshot envelope to v5 (1.20026ms)
✔ phase-1 runtime enforces recording entry to recording linkage (3.817614ms)
✔ phase-1 runtime command execution uses typed defaults in command registry (13.794267ms)
✔ phase-1 runtime degrades invalid typed presentation metadata safely (8.253841ms)
✔ phase-2 debugger exposes restart metadata and dispatches runtime output (14.523868ms)
✔ phase-2 integration: problems -> debugger -> restart -> transcript update (86.397816ms)
✔ phase-2 problems show severity/status and open debugger via action bar (63.288665ms)
✔ phase-2 transcript->inspector watch flow updates and survives restore (167.672492ms)
✔ phase-3 transcript window dom snapshot (115.053546ms)
✔ phase-3 debugger window dom snapshot (5.395433ms)
✔ phase-3 inspector window dom snapshot (5.522344ms)
✔ phase-3 problems window dom snapshot (3.364324ms)
✔ phase-3 renderer parity: canvas uses theme background and font (6.552137ms)
✔ phase-3 renderer parity: webgl uses theme background and font (3.157586ms)
✔ phase-3 ui doctrine includes base ui classes (17.707386ms)
✔ phase-3 ui doctrine exposes css variables for core tokens (42.114025ms)
✔ phase-3 ui doctrine defines a stable style id (0.13321ms)
✔ phase-3 ui doctrine annotates instrument list items (19.94098ms)
✔ phase-4 restore drops layout nodes with missing windows (41.474675ms)
✔ phase-4 sessions support create, rename, save, open, delete (15.138736ms)
✔ phase-4 session list window surfaces sessions (2.48691ms)
✔ phase-4 session commands emit runtime outputs (4.022599ms)
✔ phase-4 snapshot persists sessions and active session (24.852755ms)
✔ phase-4 restore can mark presentations stale without resolver (3.639265ms)
✔ phase-4 persistence manager saves and restores sessions (20.401266ms)
✔ createRuntimeMessage fills defaults (3.275342ms)
✔ createRuntimeMessage accepts command.invoke kind (0.193107ms)
✔ createRuntimeMessage accepts debugger.snapshot kind (0.169558ms)
✔ createRuntimeMessage accepts inspector.update and job.update kinds (0.187773ms)
✔ encode/decode round trips runtime messages (0.319834ms)
✔ normalizeRuntimeMessage rejects unsupported version (0.289649ms)
✔ decodeRuntimeMessage reports invalid kinds in strict mode (0.221211ms)
✔ normalizeRuntimeMessage requires seq and ts (0.186364ms)
✔ runtime command client dispatches command.invoke and resolves command.result (34.055987ms)
✔ runtime command client rejects on command.error and state marks invocation failed (2.940678ms)
✔ executeCommand routes runtime.* typed commands through runtime command client (1.19985ms)
✔ microkernel runtime command poll returns encoded command frame (3.982507ms)
✔ runtime command poll returns zero when queue is empty (0.300528ms)
✔ runtime bridge ingests debugger.snapshot and opens debugger with metadata (33.510148ms)
✔ runtime bridge applies debugger.restart set and invoked updates (4.401946ms)
✔ inspector watch pin command dispatches runtime command and settles with inspector update (17.864353ms)
✔ inspector staged edit commands dispatch runtime place commands and settle (2.287464ms)
✔ runtime bridge ingests inspector snapshot and refreshes inspector window (12.600467ms)
✔ runtime bridge ingests inspector watch sync updates (1.099445ms)
✔ phase-5 integration: evaluate -> inspector snapshot -> place edit -> re-evaluate (23.017553ms)
✔ runtime bridge ingests job.update lifecycle events (21.956353ms)
hello
✔ applyRuntimeOutput ingests recording payloads (14.38157ms)
✔ applyRuntimeMessage handles runtime.output (1.026549ms)
✔ microkernel emits runtime.output on stdout writes (2.452273ms)
✔ microkernel accepts KERNEL_OP_RUNTIME_EVENT payloads (0.509183ms)
✔ runtime bridge applies staged/applied/undone place-edit lifecycle (10.464836ms)
✔ runtime bridge accepts failed place-edit updates and records audit events (1.416439ms)
✔ debugger restart command dispatches to runtime command client and settles history (65.14829ms)
✔ phase-6 beginner mode hides advanced commands in command palette (95.621683ms)
✔ phase-6 beginner mode can require confirmation for advanced commands (3.473809ms)
✔ phase-6 guidance dismissal suppresses command preview explanation (17.490446ms)
✔ phase-6 customization precedence is deterministic across layers (35.536707ms)
✔ phase-6 customization persists through snapshot restore (24.153676ms)
✔ phase-6 integration: profile import, beginner policy, session save/restore (15.577895ms)
✔ phase-6 pane profile assignment applies dispatch bindings (13.570107ms)
✔ phase-6 keymap conflict diagnostics record deterministic winners (2.301493ms)
✔ phase-6 keybinding window shows profile and conflict sections (26.139826ms)
✔ phase-6 theme presets are discoverable (1.623261ms)
✔ phase-6 setThemePreset and token overrides are reversible (25.289089ms)
✔ phase-6 customization commands apply theme preset and overrides (3.713062ms)
✔ phase-7 accessibility canvas and webgl widgets expose explicit accessibility contracts (26.280808ms)
✔ phase-7 accessibility list/tree/table keep explicit role and aria metadata (3.302516ms)
✔ phase-7 accessibility reduced-motion themes emit zero-duration motion tokens (0.525746ms)
✔ phase-7 integration quality gates pass for representative interaction flow (23.671634ms)
✔ phase-7 keyboard/focus command surfaces remain keyboard-complete (48.683152ms)
✔ phase-7 keyboard/focus task and session command loops remain reachable (3.003382ms)
✔ phase-7 keyboard/focus rapid task switching keeps focus targets valid (1.050055ms)
✔ phase-7 performance budgets evaluate deterministic pass/fail gates (3.156412ms)
✔ phase-7 performance budgets collect renderer root apply metrics (3.436222ms)
✔ phase-7 performance budgets collect canvas and webgl dirty render metrics (2.565827ms)
✔ phase-7 reliability malformed runtime payloads degrade safely without unhandled exceptions (19.055722ms)
✔ phase-7 reliability replay remains deterministic across repeated runs (3.237697ms)
✔ phase-7 reliability gates detect nondeterministic replay regressions (0.240133ms)
✔ phase-7 reliability session restore tolerates stale presentation references (35.830345ms)
✔ phase-7 transcript scale supports 10k entries with deterministic window limits (38946.128549ms)
✔ phase-7 transcript scale snapshot truncation remains deterministic (5380.881615ms)
✔ phase-7 transcript scale integration replay-save-restore-continue flow remains coherent (589.219959ms)
✔ presentation taxonomy version is allocated (1.573512ms)
✔ normalizePresentationType falls back to value (0.172769ms)
✔ validatePresentationMetadata reports missing required fields (1.456618ms)
✔ applyPresentationDefaults sets type and metadata (0.202768ms)
✔ problems window lists errors (10.073551ms)
✔ refreshProblemsWindow updates list (1.435069ms)
✔ problems commands open and refresh (2.899485ms)
✔ problems item command opens debugger (1.406358ms)
✔ recording commands mutate state (11.829777ms)
✔ command history append command records invocation (5.214384ms)
✔ recording copy/replay/rerun commands return deterministic payloads (6.990744ms)
✔ state recording helpers update recordingStore (73.076722ms)
✔ recordCommandInvocation appends normalized invocation (1.568893ms)
✔ normalizeRecording applies defaults (3.689772ms)
✔ normalizeEntry applies defaults (0.225064ms)
✔ appendRecording and appendEntry build indexes (0.633978ms)
✔ attachAnchor stores anchor and index (0.362634ms)
✔ setEntryFolded toggles entry metadata (0.229909ms)
✔ setRecordingCollapsed toggles recording metadata (0.213654ms)
✔ output recording schema version is allocated (0.120756ms)
✔ copyAsForm and copyWithContext resolve entry and anchor targets (0.446283ms)
✔ replayAsInput and reRunRecording produce deterministic rerun payloads (0.365172ms)
✔ appendEntry enforces recording invariants (80.625206ms)
✔ appendEntry enforces increasing seq per stream when seq is provided (0.816473ms)
✔ attachAnchor validates entry and canonicalizes invalid ranges (0.298875ms)
✔ normalizeRecording input kind supports file and command (0.187295ms)
✔ renderer mounts and patches keyed trees (29.628751ms)
✔ renderer rejects duplicate keys (1.094337ms)
✔ renderer replaces nodes when keyed type changes (0.474638ms)
✔ renderer removes nodes missing from next tree (0.320015ms)
✔ renderer batches renders when schedule is provided (0.310943ms)
✔ replay handles recording events (16.948975ms)
✔ buildSelectionActions intersects action sets (4.335541ms)
✔ buildSelectionActions applies canonical priority then alphabetic fallback (33.797762ms)
✔ normalizeSelection accepts string target (3.014002ms)
✔ normalizeSelection accepts object target (0.236855ms)
✔ addTask wires workspace and active task (7.717214ms)
✔ addWindow wires task and active window (1.249389ms)
✔ addWidget wires parent/child and window root (2.108782ms)
✔ addPresentation normalizes unknown type to value (0.99906ms)
✔ addPresentation degrades invalid typed presentations to value with diagnostics (0.688047ms)
✔ normalizeThemeTokens returns defaults for null (2.432368ms)
✔ normalizeThemeTokens honors light mode (0.326042ms)
✔ mergeThemeTokens overrides nested values (0.539448ms)
✔ resolveFontString uses mono family when requested (0.384588ms)
✔ themeToCssVars maps key tokens into CSS variables (0.663405ms)
✔ transcript action bar dispatches runtime and clipboard effects (30.882045ms)
✔ transcript open/refresh commands work (16.366555ms)
✔ transcript item command resolves presentation translator (1.743142ms)
✔ transcript window lists recording entries (13.948014ms)
✔ refreshTranscriptWindow updates entries (3.284873ms)
✔ recording header command toggles collapsed run visibility (3.572363ms)
✔ recording toggle command folds and unfolds transcript entries (1.280272ms)
✔ refreshTranscriptWindow revalidates presentations when resolver is provided (1.274048ms)
✔ transcript derives presentation types from entry kinds when presentation id is absent (0.790176ms)
✔ normalizeArgSpec defaults type and required (1.707275ms)
✔ normalizeCommandSpec normalizes args (0.292964ms)
✔ validateInvocation detects missing required args (11.112832ms)
✔ typed command model version is allocated (0.190988ms)
✔ resolveArgumentDefaults applies DWIM defaults from context (0.533515ms)
✔ materializeInvocation merges defaults and args (0.30641ms)
✔ executeTypedCommand runs execution pipeline (0.351911ms)
✔ button command wiring dispatches through registry (10.297048ms)
✔ text input command wiring provides input value (2.386651ms)
✔ list item command wiring provides item context (1.940185ms)
✔ widget command wiring dispatches command effect handlers (1.199354ms)
✔ widget command wiring appends structured invocation history for typed commands (2.243592ms)
✔ list selection supports multi-select and action bar hooks (3.788912ms)
✔ canvas view command wiring uses hit testing (1.621393ms)
✔ webgl view command wiring uses hit testing (1.228586ms)
✔ canvas view exposes accessibility props when enabled (1.065308ms)
✔ webgl view exposes accessibility props when enabled (1.007077ms)
✔ widget adapter renders a window tree via the renderer (16.78254ms)
✔ markPresentationStale annotates metadata (2.948589ms)
✔ revalidatePresentations marks stale when resolver fails (2.283134ms)
ℹ tests 221
ℹ suites 0
ℹ pass 221
ℹ fail 0
ℹ cancelled 0
ℹ skipped 0
ℹ todo 0
ℹ duration_ms 46754.037648


[stderr]


[synthetic-artifacts]
MODULE_ENV_RESOLUTION_EVENT {"schema_version":"module_env_resolution_event_v1","run_id":"rpl07-20260210-014654Z-91fdb0be","validation_id":"R7V-04","lane_id":"R7L-04","module_id":"module-r7l-04-browser-loader","capsule_id":"capsule-main-v1","stage_id":"activation","selected_source":"capsule_store","status":"pass","failure_code":null,"timestamp_utc":"2026-02-10T01:47:52.668Z"}
MODULE_ENV_ACTIVATION_SUMMARY {"schema_version":"module_env_activation_summary_v1","run_id":"rpl07-20260210-014654Z-91fdb0be","validation_id":"R7V-04","lane_id":"R7L-04","activation_count":1,"pass_count":1,"fail_count":0,"first_failure_code":null,"allow_fallback":false,"results_digest":"aad809d8fa2e5ad500d945635e38265abb19ffe80d581afb9cc28c0881808a56","status":"pass","source":"--prefix","timestamp_utc":"2026-02-10T01:47:52.668Z"}
MODULE_ENV_STEP2_SUMMARY {"schema_version":"module_env_step2_summary_v1","run_id":"rpl07-20260210-014654Z-91fdb0be","executed_lane_ids":["R7L-04"],"executed_validation_ids":["R7V-04"],"passed_validation_ids":["R7V-04"],"failed_validation_ids":[],"first_failure_validation_id":null,"first_failure_code":null,"bundle_inputs":["rpl05-20260210-011240Z-91fdb0be","bpl06-20260210-005408Z-91fdb0be","bpl07-20260210-005408Z-91fdb0be"],"x06_review_status":"not_ready","x07_review_status":"blocked","x06_step2_ready":false,"results_digest":"c8b8089da13afcf3b2bab61288a26a3d344c8916c11a212f54e658fa0ed1295d","status":"pass","timestamp_utc":"2026-02-10T01:47:52.668Z"}
