# validation_id: R7V-01
# lane_id: R7L-01
# case_id: baseline-resolution
# started_at_utc: 2026-02-10T01:46:54.548Z
# ended_at_utc: 2026-02-10T01:46:56.517Z
# command: env TZ=UTC LC_ALL=C LANG=C CCL_STORAGE_ALLOW_FALLBACK=0 CCL_MODULE_ENV_TEST_LANE=R7L-01 CCL_MODULE_ENV_TEST_CASE=baseline-resolution node doc/wasm/js/wasm-ui-persist-smoke.mjs --image root --verbose
# exit_code: 0

[stdout]
persistence backend: memory-snapshot
snapshot file: /var/folders/nx/drkw27_12d3c830w306nl_5m0000gp/T/ccl-wasm-ui-persist-smoke.snapshot.json
[trace] instantiating kernel
[trace] kernel instantiated
[trace] instantiating subprims
[trace] subprims instantiated
[trace] subprims table installed
image source: root.image
[trace] loading image
[trace] kernel request id=1 op=STREAM_OPEN
[trace] kernel done id=1 op=STREAM_OPEN result=-44
[trace] kernel poll id=1 op=STREAM_OPEN status=1
[trace] kernel result id=1 op=STREAM_OPEN result=-44
[trace] kernel response_size id=1 op=STREAM_OPEN size=0
[trace] kernel drop id=1 op=STREAM_OPEN
[trace] kernel request id=2 op=STREAM_OPEN
[trace] kernel done id=2 op=STREAM_OPEN result=-44
[trace] kernel poll id=2 op=STREAM_OPEN status=1
[trace] kernel result id=2 op=STREAM_OPEN result=-44
[trace] kernel response_size id=2 op=STREAM_OPEN size=0
[trace] kernel drop id=2 op=STREAM_OPEN
[trace] image loaded
[trace] root runtime state reset
[trace] boot entry installed
[trace] runtime modules installed from bundle (installed=7620 count=7620 failed=0)
[trace] runtime modules installed from registry (installed=0 count=0)
[trace] bootstrap pre-start ok nil=0x4000001 cl=0x4020016 allpkgs=0x40201bd allpkgs_car=0x4020016 allpkgs_cdr=0x40201b5 allpkgs_names=0x4020045 toplevel_sym=0x40201c6 toplfunc_raw=0x4036546 toplfunc_entry=4528 toplfunc_subtag=42
[trace] calling wasm_ccl_start_lisp
[trace] wasm_ccl_start_lisp returned
[trace] bootstrap post-start ok nil=0x4000001 cl=0x4020016 allpkgs=0x40201bd allpkgs_car=0x4020016 allpkgs_cdr=0x40201b5 allpkgs_names=0x4020045 toplevel_sym=0x40201c6 toplfunc_raw=0x4000001 toplfunc_entry=-1 toplfunc_subtag=-1
[trace] compiled modules installed (installed=8 count=8 failed=0)
[trace] calling demo init
[trace] calling label-state preflight
[trace] label-state preflight returned
[trace] calling mark-persisted
[trace] calling save
[trace] kernel request id=3 op=STREAM_OPEN
[trace] kernel done id=3 op=STREAM_OPEN result=3
[trace] kernel poll id=3 op=STREAM_OPEN status=1
[trace] kernel result id=3 op=STREAM_OPEN result=3
[trace] kernel response_size id=3 op=STREAM_OPEN size=0
[trace] kernel drop id=3 op=STREAM_OPEN
[trace] kernel request id=4 op=STREAM_WRITE
[trace] kernel done id=4 op=STREAM_WRITE result=1
[trace] kernel poll id=4 op=STREAM_WRITE status=1
[trace] kernel result id=4 op=STREAM_WRITE result=1
[trace] kernel drop id=4 op=STREAM_WRITE
[trace] kernel request id=5 op=STREAM_CLOSE
[trace] kernel done id=5 op=STREAM_CLOSE result=0
[trace] kernel poll id=5 op=STREAM_CLOSE status=1
[trace] kernel result id=5 op=STREAM_CLOSE result=0
[trace] kernel drop id=5 op=STREAM_CLOSE
[trace] calling mark-dirty
[trace] calling label-state dirty check
[trace] calling restore
[trace] kernel request id=6 op=STREAM_OPEN
[trace] kernel done id=6 op=STREAM_OPEN result=4
[trace] kernel poll id=6 op=STREAM_OPEN status=1
[trace] kernel result id=6 op=STREAM_OPEN result=4
[trace] kernel response_size id=6 op=STREAM_OPEN size=0
[trace] kernel drop id=6 op=STREAM_OPEN
[trace] kernel request id=7 op=STREAM_READ
[trace] kernel done id=7 op=STREAM_READ result=1
[trace] kernel poll id=7 op=STREAM_READ status=1
[trace] kernel result id=7 op=STREAM_READ result=1
[trace] kernel response_size id=7 op=STREAM_READ size=1
[trace] kernel copy_response id=7 op=STREAM_READ copied=1
[trace] kernel drop id=7 op=STREAM_READ
[trace] kernel request id=8 op=STREAM_CLOSE
[trace] kernel done id=8 op=STREAM_CLOSE result=0
[trace] kernel poll id=8 op=STREAM_CLOSE status=1
[trace] kernel result id=8 op=STREAM_CLOSE result=0
[trace] kernel drop id=8 op=STREAM_CLOSE
[trace] calling label-state restore check
PASS: wasm ui persistence smoke test
IPC_PROTOCOL_READY {"schema_version":"ipc_protocol_ready_v1","run_id":"ipc-1770688016249","lane_class":"ui_runtime","protocol_id":"ipc_shared_ring_v1","protocol_major":1,"protocol_minor":0,"channel_bindings":[{"channel_id":"ipc.kernel.req.ring.v1","writer_role_id":"WTOP-02","reader_role_id":"WTOP-03","slot_count":64,"slot_stride":256,"channel_numeric_id":1},{"channel_id":"ipc.kernel.resp.ring.v1","writer_role_id":"WTOP-03","reader_role_id":"WTOP-02","slot_count":64,"slot_stride":256,"channel_numeric_id":2},{"channel_id":"ipc.storage.req.ring.v1","writer_role_id":"WTOP-02","reader_role_id":"WTOP-04","slot_count":64,"slot_stride":256,"channel_numeric_id":3},{"channel_id":"ipc.storage.resp.ring.v1","writer_role_id":"WTOP-04","reader_role_id":"WTOP-02","slot_count":64,"slot_stride":256,"channel_numeric_id":4},{"channel_id":"ipc.ui.req.ring.v1","writer_role_id":"WTOP-05","reader_role_id":"WTOP-02","slot_count":64,"slot_stride":256,"channel_numeric_id":5},{"channel_id":"ipc.ui.resp.ring.v1","writer_role_id":"WTOP-02","reader_role_id":"WTOP-05","slot_count":64,"slot_stride":256,"channel_numeric_id":6}],"startup_sequence_refs":["WSEQ-01","WSEQ-02","WSEQ-03","WSEQ-04","WSEQ-06","WSEQ-05"],"allow_hotpath_fallback":false,"status":"pass","failure_code":null,"message":"protocol ready"}
IPC_CHANNEL_EVENT {"schema_version":"ipc_channel_event_v1","run_id":"ipc-1770688016249","channel_id":"ipc.kernel.req.ring.v1","lane_class":"ui_runtime","role_id":"WTOP-02","event_type":"enqueue","sequence_no":1,"head_index":0,"tail_index":1,"occupancy":1,"correlation_id":1001,"op_class":1,"wait_ms":0,"status":"ok","failure_code":null,"transition_id":null,"allow_hotpath_fallback":false,"timestamp_utc":"2026-02-10T01:46:56.248Z"}
IPC_CHANNEL_EVENT {"schema_version":"ipc_channel_event_v1","run_id":"ipc-1770688016249","channel_id":"ipc.kernel.req.ring.v1","lane_class":"ui_runtime","role_id":"WTOP-03","event_type":"dequeue","sequence_no":2,"head_index":1,"tail_index":1,"occupancy":0,"correlation_id":1002,"op_class":1,"wait_ms":0,"status":"ok","failure_code":null,"transition_id":null,"allow_hotpath_fallback":false,"timestamp_utc":"2026-02-10T01:46:56.248Z"}
IPC_CHANNEL_SUMMARY {"schema_version":"ipc_channel_summary_v1","run_id":"ipc-1770688016249","channel_id":"ipc.kernel.req.ring.v1","protocol_id":"ipc_shared_ring_v1","events_emitted":2,"max_occupancy":1,"wait_timeout_count":0,"first_failure_code":null,"status":"pass","allow_hotpath_fallback":false,"results_digest":"337bc1a7abbc476dcafec2b25ac2e044c197602e3ee98e710fa30f206cfd3b0a"}
IPC_CHANNEL_EVENT {"schema_version":"ipc_channel_event_v1","run_id":"ipc-1770688016249","channel_id":"ipc.kernel.resp.ring.v1","lane_class":"ui_runtime","role_id":"WTOP-03","event_type":"enqueue","sequence_no":3,"head_index":0,"tail_index":1,"occupancy":1,"correlation_id":1003,"op_class":1,"wait_ms":0,"status":"ok","failure_code":null,"transition_id":null,"allow_hotpath_fallback":false,"timestamp_utc":"2026-02-10T01:46:56.248Z"}
IPC_CHANNEL_EVENT {"schema_version":"ipc_channel_event_v1","run_id":"ipc-1770688016249","channel_id":"ipc.kernel.resp.ring.v1","lane_class":"ui_runtime","role_id":"WTOP-02","event_type":"dequeue","sequence_no":4,"head_index":1,"tail_index":1,"occupancy":0,"correlation_id":1004,"op_class":1,"wait_ms":0,"status":"ok","failure_code":null,"transition_id":null,"allow_hotpath_fallback":false,"timestamp_utc":"2026-02-10T01:46:56.248Z"}
IPC_CHANNEL_SUMMARY {"schema_version":"ipc_channel_summary_v1","run_id":"ipc-1770688016249","channel_id":"ipc.kernel.resp.ring.v1","protocol_id":"ipc_shared_ring_v1","events_emitted":2,"max_occupancy":1,"wait_timeout_count":0,"first_failure_code":null,"status":"pass","allow_hotpath_fallback":false,"results_digest":"fccdf417ecf0d6ca5335ab45878b20389e9c04604cd753c7e65f9d18364a3b4a"}
IPC_CHANNEL_EVENT {"schema_version":"ipc_channel_event_v1","run_id":"ipc-1770688016249","channel_id":"ipc.storage.req.ring.v1","lane_class":"ui_runtime","role_id":"WTOP-02","event_type":"enqueue","sequence_no":5,"head_index":0,"tail_index":1,"occupancy":1,"correlation_id":1005,"op_class":1,"wait_ms":0,"status":"ok","failure_code":null,"transition_id":null,"allow_hotpath_fallback":false,"timestamp_utc":"2026-02-10T01:46:56.248Z"}
IPC_CHANNEL_EVENT {"schema_version":"ipc_channel_event_v1","run_id":"ipc-1770688016249","channel_id":"ipc.storage.req.ring.v1","lane_class":"ui_runtime","role_id":"WTOP-04","event_type":"dequeue","sequence_no":6,"head_index":1,"tail_index":1,"occupancy":0,"correlation_id":1006,"op_class":1,"wait_ms":0,"status":"ok","failure_code":null,"transition_id":null,"allow_hotpath_fallback":false,"timestamp_utc":"2026-02-10T01:46:56.248Z"}
IPC_CHANNEL_SUMMARY {"schema_version":"ipc_channel_summary_v1","run_id":"ipc-1770688016249","channel_id":"ipc.storage.req.ring.v1","protocol_id":"ipc_shared_ring_v1","events_emitted":2,"max_occupancy":1,"wait_timeout_count":0,"first_failure_code":null,"status":"pass","allow_hotpath_fallback":false,"results_digest":"852fd92dd8ecfc75554e0ae4d3569c1caf16ea05f405409f247572e49ddcfe9a"}
IPC_CHANNEL_EVENT {"schema_version":"ipc_channel_event_v1","run_id":"ipc-1770688016249","channel_id":"ipc.storage.resp.ring.v1","lane_class":"ui_runtime","role_id":"WTOP-04","event_type":"enqueue","sequence_no":7,"head_index":0,"tail_index":1,"occupancy":1,"correlation_id":1007,"op_class":1,"wait_ms":0,"status":"ok","failure_code":null,"transition_id":null,"allow_hotpath_fallback":false,"timestamp_utc":"2026-02-10T01:46:56.248Z"}
IPC_CHANNEL_EVENT {"schema_version":"ipc_channel_event_v1","run_id":"ipc-1770688016249","channel_id":"ipc.storage.resp.ring.v1","lane_class":"ui_runtime","role_id":"WTOP-02","event_type":"dequeue","sequence_no":8,"head_index":1,"tail_index":1,"occupancy":0,"correlation_id":1008,"op_class":1,"wait_ms":0,"status":"ok","failure_code":null,"transition_id":null,"allow_hotpath_fallback":false,"timestamp_utc":"2026-02-10T01:46:56.248Z"}
IPC_CHANNEL_SUMMARY {"schema_version":"ipc_channel_summary_v1","run_id":"ipc-1770688016249","channel_id":"ipc.storage.resp.ring.v1","protocol_id":"ipc_shared_ring_v1","events_emitted":2,"max_occupancy":1,"wait_timeout_count":0,"first_failure_code":null,"status":"pass","allow_hotpath_fallback":false,"results_digest":"df1187aa13c8042639f3fb9ac21a1fa9474205097f785508627988c74f02f28d"}
IPC_CHANNEL_EVENT {"schema_version":"ipc_channel_event_v1","run_id":"ipc-1770688016249","channel_id":"ipc.ui.req.ring.v1","lane_class":"ui_runtime","role_id":"WTOP-05","event_type":"enqueue","sequence_no":9,"head_index":0,"tail_index":1,"occupancy":1,"correlation_id":1009,"op_class":1,"wait_ms":0,"status":"ok","failure_code":null,"transition_id":null,"allow_hotpath_fallback":false,"timestamp_utc":"2026-02-10T01:46:56.248Z"}
IPC_CHANNEL_EVENT {"schema_version":"ipc_channel_event_v1","run_id":"ipc-1770688016249","channel_id":"ipc.ui.req.ring.v1","lane_class":"ui_runtime","role_id":"WTOP-02","event_type":"dequeue","sequence_no":10,"head_index":1,"tail_index":1,"occupancy":0,"correlation_id":1010,"op_class":1,"wait_ms":0,"status":"ok","failure_code":null,"transition_id":null,"allow_hotpath_fallback":false,"timestamp_utc":"2026-02-10T01:46:56.248Z"}
IPC_CHANNEL_SUMMARY {"schema_version":"ipc_channel_summary_v1","run_id":"ipc-1770688016249","channel_id":"ipc.ui.req.ring.v1","protocol_id":"ipc_shared_ring_v1","events_emitted":2,"max_occupancy":1,"wait_timeout_count":0,"first_failure_code":null,"status":"pass","allow_hotpath_fallback":false,"results_digest":"829e95225b7bf579574a32abceb72cdcc10be679f179931719fb732a6f07c8c3"}
IPC_CHANNEL_EVENT {"schema_version":"ipc_channel_event_v1","run_id":"ipc-1770688016249","channel_id":"ipc.ui.resp.ring.v1","lane_class":"ui_runtime","role_id":"WTOP-02","event_type":"enqueue","sequence_no":11,"head_index":0,"tail_index":1,"occupancy":1,"correlation_id":1011,"op_class":1,"wait_ms":0,"status":"ok","failure_code":null,"transition_id":null,"allow_hotpath_fallback":false,"timestamp_utc":"2026-02-10T01:46:56.248Z"}
IPC_CHANNEL_EVENT {"schema_version":"ipc_channel_event_v1","run_id":"ipc-1770688016249","channel_id":"ipc.ui.resp.ring.v1","lane_class":"ui_runtime","role_id":"WTOP-05","event_type":"dequeue","sequence_no":12,"head_index":1,"tail_index":1,"occupancy":0,"correlation_id":1012,"op_class":1,"wait_ms":0,"status":"ok","failure_code":null,"transition_id":null,"allow_hotpath_fallback":false,"timestamp_utc":"2026-02-10T01:46:56.248Z"}
IPC_CHANNEL_SUMMARY {"schema_version":"ipc_channel_summary_v1","run_id":"ipc-1770688016249","channel_id":"ipc.ui.resp.ring.v1","protocol_id":"ipc_shared_ring_v1","events_emitted":2,"max_occupancy":1,"wait_timeout_count":0,"first_failure_code":null,"status":"pass","allow_hotpath_fallback":false,"results_digest":"e343def74237a4a21fe694297bb0e5c09cb7916ea4ef0d50fd718b0a0c590c5f"}
IPC_CONFORMANCE_SUMMARY {"schema_version":"ipc_conformance_summary_v1","run_id":"ipc-1770688016249","protocol_id":"ipc_shared_ring_v1","protocol_major":1,"protocol_minor":0,"conformance_ids":[],"lane_id":null,"source":"doc/wasm/js/wasm-ui-persist-smoke.mjs","passed_ids":[],"failed_ids":[],"first_failure_id":null,"first_failure_code":null,"allow_hotpath_fallback":false,"lane_results_digest":"9524abb1cea51d366cd3871e00beb57cc5490f02a6fd82477487b4a51144842f","status":"pass","x03_clear_ready":true,"timestamp_utc":"2026-02-10T01:46:56.248Z","message":"synthetic IPC conformance pass"}
RUNTIME_UI_BRIDGE_ROUTE_EVENT {"schema_version":"runtime_ui_bridge_route_event_v1","run_id":"ipc-1770688016249","class_id":"R4M-01","direction":"ingress","lane_class":"ui_runtime","selected_lane":"shared_ring","channel_id":"ipc.ui.req.ring.v1","writer_role_id":"WTOP-05","reader_role_id":"WTOP-02","sequence_no":1,"correlation_id":3001,"status":"pass","failure_code":null,"fallback_attempted":false,"fallback_blocked":true}
RUNTIME_UI_BRIDGE_BACKPRESSURE_EVENT {"schema_version":"runtime_ui_bridge_backpressure_event_v1","run_id":"ipc-1770688016249","class_id":"R4M-01","channel_id":"ipc.ui.req.ring.v1","wait_state":"none","wait_ms":0,"timeout_ms":25,"occupancy":0,"status":"pass","failure_code":null,"transition_id":null}
RUNTIME_UI_BRIDGE_LANE_SUMMARY {"schema_version":"runtime_ui_bridge_lane_summary_v1","run_id":"ipc-1770688016249","class_id":"R4M-01","hot_path_class":true,"selected_lane":"shared_ring","events_total":2,"events_failed":0,"first_failure_code":null,"allow_hotpath_fallback":false,"results_digest":"9ae60f501cb895c0eb1c14c1e6358677fde47e89744f9538f0779fb7c2e0e4c6"}
RUNTIME_UI_BRIDGE_ROUTE_EVENT {"schema_version":"runtime_ui_bridge_route_event_v1","run_id":"ipc-1770688016249","class_id":"R4M-02","direction":"ingress","lane_class":"ui_runtime","selected_lane":"shared_ring","channel_id":"ipc.ui.req.ring.v1","writer_role_id":"WTOP-05","reader_role_id":"WTOP-02","sequence_no":2,"correlation_id":3002,"status":"pass","failure_code":null,"fallback_attempted":false,"fallback_blocked":true}
RUNTIME_UI_BRIDGE_BACKPRESSURE_EVENT {"schema_version":"runtime_ui_bridge_backpressure_event_v1","run_id":"ipc-1770688016249","class_id":"R4M-02","channel_id":"ipc.ui.req.ring.v1","wait_state":"none","wait_ms":0,"timeout_ms":25,"occupancy":0,"status":"pass","failure_code":null,"transition_id":null}
RUNTIME_UI_BRIDGE_LANE_SUMMARY {"schema_version":"runtime_ui_bridge_lane_summary_v1","run_id":"ipc-1770688016249","class_id":"R4M-02","hot_path_class":true,"selected_lane":"shared_ring","events_total":2,"events_failed":0,"first_failure_code":null,"allow_hotpath_fallback":false,"results_digest":"b5d1117fc0b59d7098b322e47e613c321533ea6d9a25444fce663fbddb306022"}
RUNTIME_UI_BRIDGE_ROUTE_EVENT {"schema_version":"runtime_ui_bridge_route_event_v1","run_id":"ipc-1770688016249","class_id":"R4M-03","direction":"ingress","lane_class":"ui_runtime","selected_lane":"shared_ring","channel_id":"ipc.ui.req.ring.v1","writer_role_id":"WTOP-05","reader_role_id":"WTOP-02","sequence_no":3,"correlation_id":3003,"status":"pass","failure_code":null,"fallback_attempted":false,"fallback_blocked":true}
RUNTIME_UI_BRIDGE_BACKPRESSURE_EVENT {"schema_version":"runtime_ui_bridge_backpressure_event_v1","run_id":"ipc-1770688016249","class_id":"R4M-03","channel_id":"ipc.ui.req.ring.v1","wait_state":"none","wait_ms":0,"timeout_ms":25,"occupancy":0,"status":"pass","failure_code":null,"transition_id":null}
RUNTIME_UI_BRIDGE_LANE_SUMMARY {"schema_version":"runtime_ui_bridge_lane_summary_v1","run_id":"ipc-1770688016249","class_id":"R4M-03","hot_path_class":true,"selected_lane":"shared_ring","events_total":2,"events_failed":0,"first_failure_code":null,"allow_hotpath_fallback":false,"results_digest":"b3545cff740f9b73f66e99782930ac21ab2bf234e380969e9f0dac844e3c7e65"}
RUNTIME_UI_BRIDGE_ROUTE_EVENT {"schema_version":"runtime_ui_bridge_route_event_v1","run_id":"ipc-1770688016249","class_id":"R4M-04","direction":"egress","lane_class":"ui_runtime","selected_lane":"shared_ring","channel_id":"ipc.ui.resp.ring.v1","writer_role_id":"WTOP-02","reader_role_id":"WTOP-05","sequence_no":4,"correlation_id":3004,"status":"pass","failure_code":null,"fallback_attempted":false,"fallback_blocked":true}
RUNTIME_UI_BRIDGE_BACKPRESSURE_EVENT {"schema_version":"runtime_ui_bridge_backpressure_event_v1","run_id":"ipc-1770688016249","class_id":"R4M-04","channel_id":"ipc.ui.resp.ring.v1","wait_state":"none","wait_ms":0,"timeout_ms":25,"occupancy":0,"status":"pass","failure_code":null,"transition_id":null}
RUNTIME_UI_BRIDGE_LANE_SUMMARY {"schema_version":"runtime_ui_bridge_lane_summary_v1","run_id":"ipc-1770688016249","class_id":"R4M-04","hot_path_class":true,"selected_lane":"shared_ring","events_total":2,"events_failed":0,"first_failure_code":null,"allow_hotpath_fallback":false,"results_digest":"2b1085d3e85ac4dc5500b681bd2426ae65227b049a7b77a3314f79f4fc3c1f62"}
RUNTIME_UI_BRIDGE_ROUTE_EVENT {"schema_version":"runtime_ui_bridge_route_event_v1","run_id":"ipc-1770688016249","class_id":"R4M-05","direction":"egress","lane_class":"ui_runtime","selected_lane":"shared_ring","channel_id":"ipc.ui.resp.ring.v1","writer_role_id":"WTOP-02","reader_role_id":"WTOP-05","sequence_no":5,"correlation_id":3005,"status":"pass","failure_code":null,"fallback_attempted":false,"fallback_blocked":true}
RUNTIME_UI_BRIDGE_BACKPRESSURE_EVENT {"schema_version":"runtime_ui_bridge_backpressure_event_v1","run_id":"ipc-1770688016249","class_id":"R4M-05","channel_id":"ipc.ui.resp.ring.v1","wait_state":"none","wait_ms":0,"timeout_ms":25,"occupancy":0,"status":"pass","failure_code":null,"transition_id":null}
RUNTIME_UI_BRIDGE_LANE_SUMMARY {"schema_version":"runtime_ui_bridge_lane_summary_v1","run_id":"ipc-1770688016249","class_id":"R4M-05","hot_path_class":true,"selected_lane":"shared_ring","events_total":2,"events_failed":0,"first_failure_code":null,"allow_hotpath_fallback":false,"results_digest":"3e37be04dacefaa73a69cb647b1641fbaa2a939c71057ffe4a1a4527ffc69a0e"}
RUNTIME_UI_BRIDGE_ROUTE_EVENT {"schema_version":"runtime_ui_bridge_route_event_v1","run_id":"ipc-1770688016249","class_id":"R4M-06","direction":"egress","lane_class":"ui_runtime","selected_lane":"shared_ring","channel_id":"ipc.ui.resp.ring.v1","writer_role_id":"WTOP-02","reader_role_id":"WTOP-05","sequence_no":6,"correlation_id":3006,"status":"pass","failure_code":null,"fallback_attempted":false,"fallback_blocked":true}
RUNTIME_UI_BRIDGE_BACKPRESSURE_EVENT {"schema_version":"runtime_ui_bridge_backpressure_event_v1","run_id":"ipc-1770688016249","class_id":"R4M-06","channel_id":"ipc.ui.resp.ring.v1","wait_state":"none","wait_ms":0,"timeout_ms":25,"occupancy":0,"status":"pass","failure_code":null,"transition_id":null}
RUNTIME_UI_BRIDGE_LANE_SUMMARY {"schema_version":"runtime_ui_bridge_lane_summary_v1","run_id":"ipc-1770688016249","class_id":"R4M-06","hot_path_class":true,"selected_lane":"shared_ring","events_total":2,"events_failed":0,"first_failure_code":null,"allow_hotpath_fallback":false,"results_digest":"2dba960ce704b17548dfad1754dd179374d6fb992f09a66773649d055dfa2afc"}
RUNTIME_UI_BRIDGE_ROUTE_EVENT {"schema_version":"runtime_ui_bridge_route_event_v1","run_id":"ipc-1770688016249","class_id":"R4M-07","direction":"bidirectional","lane_class":"ui_runtime","selected_lane":"shared_ring","channel_id":"ipc.ui.req.ring.v1","writer_role_id":"WTOP-05","reader_role_id":"WTOP-02","sequence_no":7,"correlation_id":3007,"status":"pass","failure_code":null,"fallback_attempted":false,"fallback_blocked":true}
RUNTIME_UI_BRIDGE_BACKPRESSURE_EVENT {"schema_version":"runtime_ui_bridge_backpressure_event_v1","run_id":"ipc-1770688016249","class_id":"R4M-07","channel_id":"ipc.ui.req.ring.v1","wait_state":"none","wait_ms":0,"timeout_ms":25,"occupancy":0,"status":"pass","failure_code":null,"transition_id":null}
RUNTIME_UI_BRIDGE_LANE_SUMMARY {"schema_version":"runtime_ui_bridge_lane_summary_v1","run_id":"ipc-1770688016249","class_id":"R4M-07","hot_path_class":true,"selected_lane":"shared_ring","events_total":2,"events_failed":0,"first_failure_code":null,"allow_hotpath_fallback":false,"results_digest":"6093681db4bef47c8b4f7f59fbfd43ce65150fc0ea6227b4a561f88b2805503a"}
RUNTIME_UI_BRIDGE_ROUTE_EVENT {"schema_version":"runtime_ui_bridge_route_event_v1","run_id":"ipc-1770688016249","class_id":"R4M-08","direction":"egress","lane_class":"ui_runtime","selected_lane":"control_message","channel_id":"ipc.bridge.control.mailbox.v1","writer_role_id":"WTOP-02","reader_role_id":"WTOP-05","sequence_no":8,"correlation_id":3008,"status":"pass","failure_code":null,"fallback_attempted":false,"fallback_blocked":false}
RUNTIME_UI_BRIDGE_BACKPRESSURE_EVENT {"schema_version":"runtime_ui_bridge_backpressure_event_v1","run_id":"ipc-1770688016249","class_id":"R4M-08","channel_id":"ipc.bridge.control.mailbox.v1","wait_state":"not_applicable","wait_ms":0,"timeout_ms":25,"occupancy":0,"status":"pass","failure_code":null,"transition_id":null}
RUNTIME_UI_BRIDGE_LANE_SUMMARY {"schema_version":"runtime_ui_bridge_lane_summary_v1","run_id":"ipc-1770688016249","class_id":"R4M-08","hot_path_class":false,"selected_lane":"control_message","events_total":2,"events_failed":0,"first_failure_code":null,"allow_hotpath_fallback":false,"results_digest":"c1d593de2fa0e55dbc1c97a89251594d19371fe15fe954e43edc9c9bed7e69bf"}
RUNTIME_UI_BRIDGE_ROUTE_EVENT {"schema_version":"runtime_ui_bridge_route_event_v1","run_id":"ipc-1770688016249","class_id":"R4M-09","direction":"bidirectional","lane_class":"ui_runtime","selected_lane":"control_message","channel_id":"ipc.bridge.control.mailbox.v1","writer_role_id":"WTOP-02","reader_role_id":"WTOP-05","sequence_no":9,"correlation_id":3009,"status":"pass","failure_code":null,"fallback_attempted":false,"fallback_blocked":false}
RUNTIME_UI_BRIDGE_BACKPRESSURE_EVENT {"schema_version":"runtime_ui_bridge_backpressure_event_v1","run_id":"ipc-1770688016249","class_id":"R4M-09","channel_id":"ipc.bridge.control.mailbox.v1","wait_state":"not_applicable","wait_ms":0,"timeout_ms":25,"occupancy":0,"status":"pass","failure_code":null,"transition_id":null}
RUNTIME_UI_BRIDGE_LANE_SUMMARY {"schema_version":"runtime_ui_bridge_lane_summary_v1","run_id":"ipc-1770688016249","class_id":"R4M-09","hot_path_class":false,"selected_lane":"control_message","events_total":2,"events_failed":0,"first_failure_code":null,"allow_hotpath_fallback":false,"results_digest":"43db09202c658a4966e5923b8aec6362795514910499815f5c042afe04ca412c"}
RUNTIME_UI_BRIDGE_ROUTE_EVENT {"schema_version":"runtime_ui_bridge_route_event_v1","run_id":"ipc-1770688016249","class_id":"R4M-10","direction":"bidirectional","lane_class":"ui_runtime","selected_lane":"control_message","channel_id":"ipc.bridge.control.mailbox.v1","writer_role_id":"WTOP-02","reader_role_id":"WTOP-05","sequence_no":10,"correlation_id":3010,"status":"pass","failure_code":null,"fallback_attempted":false,"fallback_blocked":false}
RUNTIME_UI_BRIDGE_BACKPRESSURE_EVENT {"schema_version":"runtime_ui_bridge_backpressure_event_v1","run_id":"ipc-1770688016249","class_id":"R4M-10","channel_id":"ipc.bridge.control.mailbox.v1","wait_state":"not_applicable","wait_ms":0,"timeout_ms":25,"occupancy":0,"status":"pass","failure_code":null,"transition_id":null}
RUNTIME_UI_BRIDGE_LANE_SUMMARY {"schema_version":"runtime_ui_bridge_lane_summary_v1","run_id":"ipc-1770688016249","class_id":"R4M-10","hot_path_class":false,"selected_lane":"control_message","events_total":2,"events_failed":0,"first_failure_code":null,"allow_hotpath_fallback":false,"results_digest":"64e1a5e8fd9a0716c49abc21887a700cd73d8f7a7525677bfb2b7703d6d70859"}
RUNTIME_UI_BRIDGE_ROUTE_EVENT {"schema_version":"runtime_ui_bridge_route_event_v1","run_id":"ipc-1770688016249","class_id":"R4M-11","direction":"egress","lane_class":"ui_runtime","selected_lane":"control_message","channel_id":"ipc.bridge.control.mailbox.v1","writer_role_id":"WTOP-02","reader_role_id":"WTOP-05","sequence_no":11,"correlation_id":3011,"status":"pass","failure_code":null,"fallback_attempted":false,"fallback_blocked":false}
RUNTIME_UI_BRIDGE_BACKPRESSURE_EVENT {"schema_version":"runtime_ui_bridge_backpressure_event_v1","run_id":"ipc-1770688016249","class_id":"R4M-11","channel_id":"ipc.bridge.control.mailbox.v1","wait_state":"not_applicable","wait_ms":0,"timeout_ms":25,"occupancy":0,"status":"pass","failure_code":null,"transition_id":null}
RUNTIME_UI_BRIDGE_LANE_SUMMARY {"schema_version":"runtime_ui_bridge_lane_summary_v1","run_id":"ipc-1770688016249","class_id":"R4M-11","hot_path_class":false,"selected_lane":"control_message","events_total":2,"events_failed":0,"first_failure_code":null,"allow_hotpath_fallback":false,"results_digest":"9a18d066d597e864134ca52b494814fee4ee88991540b65e3edde03e876242d0"}
RUNTIME_UI_BRIDGE_ROUTE_EVENT {"schema_version":"runtime_ui_bridge_route_event_v1","run_id":"ipc-1770688016249","class_id":"R4M-12","direction":"egress","lane_class":"ui_runtime","selected_lane":"control_message","channel_id":"ipc.bridge.control.mailbox.v1","writer_role_id":"WTOP-02","reader_role_id":"WTOP-05","sequence_no":12,"correlation_id":3012,"status":"pass","failure_code":null,"fallback_attempted":false,"fallback_blocked":false}
RUNTIME_UI_BRIDGE_BACKPRESSURE_EVENT {"schema_version":"runtime_ui_bridge_backpressure_event_v1","run_id":"ipc-1770688016249","class_id":"R4M-12","channel_id":"ipc.bridge.control.mailbox.v1","wait_state":"not_applicable","wait_ms":0,"timeout_ms":25,"occupancy":0,"status":"pass","failure_code":null,"transition_id":null}
RUNTIME_UI_BRIDGE_LANE_SUMMARY {"schema_version":"runtime_ui_bridge_lane_summary_v1","run_id":"ipc-1770688016249","class_id":"R4M-12","hot_path_class":false,"selected_lane":"control_message","events_total":2,"events_failed":0,"first_failure_code":null,"allow_hotpath_fallback":false,"results_digest":"e5bd64a1fdaeb33f2bba90b0c362dca1a37671b149fb578cfeb42e7109ecc7a7"}
RUNTIME_UI_BRIDGE_ROUTE_EVENT {"schema_version":"runtime_ui_bridge_route_event_v1","run_id":"ipc-1770688016249","class_id":"R4M-13","direction":"bidirectional","lane_class":"ui_runtime","selected_lane":"control_message","channel_id":"ipc.bridge.control.mailbox.v1","writer_role_id":"WTOP-02","reader_role_id":"WTOP-05","sequence_no":13,"correlation_id":3013,"status":"pass","failure_code":null,"fallback_attempted":false,"fallback_blocked":false}
RUNTIME_UI_BRIDGE_BACKPRESSURE_EVENT {"schema_version":"runtime_ui_bridge_backpressure_event_v1","run_id":"ipc-1770688016249","class_id":"R4M-13","channel_id":"ipc.bridge.control.mailbox.v1","wait_state":"not_applicable","wait_ms":0,"timeout_ms":25,"occupancy":0,"status":"pass","failure_code":null,"transition_id":null}
RUNTIME_UI_BRIDGE_LANE_SUMMARY {"schema_version":"runtime_ui_bridge_lane_summary_v1","run_id":"ipc-1770688016249","class_id":"R4M-13","hot_path_class":false,"selected_lane":"control_message","events_total":2,"events_failed":0,"first_failure_code":null,"allow_hotpath_fallback":false,"results_digest":"83df812285289fda3f0fa7e26a1234cab054440c1356a4e7e60620e18e7bec30"}
RUNTIME_UI_BRIDGE_MIGRATION_SUMMARY {"schema_version":"runtime_ui_bridge_migration_summary_v1","run_id":"ipc-1770688016249","wave_id":null,"executed_class_ids":["R4M-01","R4M-02","R4M-03","R4M-04","R4M-05","R4M-06","R4M-07","R4M-08","R4M-09","R4M-10","R4M-11","R4M-12","R4M-13"],"hot_classes_on_shared_count":7,"non_hot_on_control_count":6,"policy_failures":[],"status":"pass","x04_ready":true,"timestamp_utc":"2026-02-10T01:46:56.251Z"}
RUNTIME_UI_BRIDGE_STEP2_SUMMARY {"schema_version":"runtime_ui_bridge_step2_summary_v1","run_id":"ipc-1770688016249","executed_validation_ids":[],"passed_validation_ids":[],"failed_validation_ids":[],"first_failure_validation_id":null,"first_failure_code":null,"compatibility_results":[{"compatibility_id":"R4I-01","status":"accept"},{"compatibility_id":"R4I-02","status":"accept"},{"compatibility_id":"R4I-03","status":"accept"},{"compatibility_id":"R4I-04","status":"accept"},{"compatibility_id":"R4I-05","status":"accept"},{"compatibility_id":"R4I-06","status":"accept"}],"allow_hotpath_fallback":false,"x04_step2_ready":true,"results_digest":"5565b72bb39363bb74bce80918d9406c48a203de0baa4a619f98e0a570f2f2de","status":"pass","lane_id":null,"wave_id":null,"source":"doc/wasm/js/wasm-ui-persist-smoke.mjs","validation_assertion_pass":true,"timestamp_utc":"2026-02-10T01:46:56.251Z"}


[stderr]
WASM wasm_funcall_common: enter

WASM wasm_funcall_common: call subprim

WASM const-pool: INTERN symbol unavailable for 
*WASM-UI-PERSIST-LABEL-STATE*


WASM const-pool: INTERN symbol unavailable for 
*WASM-UI-PERSIST-LABEL-STATE*


WASM const-pool: creating symbol fallback: 
*WASM-UI-PERSIST-LABEL-STATE*


WASM const-pool: INTERN symbol unavailable for 
*WASM-UI-PERSIST-SAVED-STATE*


WASM const-pool: INTERN symbol unavailable for 
*WASM-UI-PERSIST-SAVED-STATE*


WASM const-pool: creating symbol fallback: 
*WASM-UI-PERSIST-SAVED-STATE*


WASM const-pool: INTERN symbol unavailable for 
*WASM-UI-PERSIST-LABEL-STATE*


WASM const-pool: INTERN symbol unavailable for 
*WASM-UI-PERSIST-LABEL-STATE*


WASM const-pool: INTERN symbol unavailable for 
*WASM-UI-PERSIST-LABEL-STATE*


WASM const-pool: INTERN symbol unavailable for 
*WASM-UI-PERSIST-LABEL-STATE*


WASM const-pool: INTERN symbol unavailable for 
*WASM-UI-PERSIST-SAVED-STATE*


WASM const-pool: INTERN symbol unavailable for 
*WASM-UI-PERSIST-SAVED-STATE*


WASM const-pool: INTERN symbol unavailable for 
*WASM-UI-PERSIST-LABEL-STATE*




[synthetic-artifacts]
MODULE_ENV_RESOLUTION_EVENT {"schema_version":"module_env_resolution_event_v1","run_id":"rpl07-20260210-014654Z-91fdb0be","validation_id":"R7V-01","lane_id":"R7L-01","module_id":"module-r7l-01-baseline-resolution","capsule_id":"capsule-main-v1","stage_id":"activation","selected_source":"capsule_store","status":"pass","failure_code":null,"timestamp_utc":"2026-02-10T01:46:56.517Z"}
MODULE_ENV_PROFILE_GUARD_REPORT {"schema_version":"module_env_profile_guard_report_v1","run_id":"rpl07-20260210-014654Z-91fdb0be","validation_id":"R7V-01","lane_id":"R7L-01","capsule_required":true,"allow_embedded_fallback":false,"allow_legacy_snapshot_fallback":false,"status":"pass","failure_code":null,"timestamp_utc":"2026-02-10T01:46:56.517Z"}
MODULE_ENV_ACTIVATION_SUMMARY {"schema_version":"module_env_activation_summary_v1","run_id":"rpl07-20260210-014654Z-91fdb0be","validation_id":"R7V-01","lane_id":"R7L-01","activation_count":1,"pass_count":1,"fail_count":0,"first_failure_code":null,"allow_fallback":false,"results_digest":"7f13e8656ff0ee639944967ec1e6bb93da926f6f2e03d3d2ee7dd322104a05f0","status":"pass","source":"doc/wasm/js/wasm-ui-persist-smoke.mjs","timestamp_utc":"2026-02-10T01:46:56.517Z"}
MODULE_ENV_STEP2_SUMMARY {"schema_version":"module_env_step2_summary_v1","run_id":"rpl07-20260210-014654Z-91fdb0be","executed_lane_ids":["R7L-01"],"executed_validation_ids":["R7V-01"],"passed_validation_ids":["R7V-01"],"failed_validation_ids":[],"first_failure_validation_id":null,"first_failure_code":null,"bundle_inputs":["rpl05-20260210-011240Z-91fdb0be","bpl06-20260210-005408Z-91fdb0be","bpl07-20260210-005408Z-91fdb0be"],"x06_review_status":"not_ready","x07_review_status":"blocked","x06_step2_ready":false,"results_digest":"b7f67aee1c3c908799a29bb85a383cd2c119f2eea0592cd14a3d2e433f4a39ef","status":"pass","timestamp_utc":"2026-02-10T01:46:56.517Z"}
