Cross-compiling 44 WASM32 modules...
;Compiling "/Users/buildsomething/Source/ccl/level-1/level-1.lisp"...
;Compiling "/Users/buildsomething/Source/ccl/level-1/l1-cl-package.lisp"...
;Compiling "/Users/buildsomething/Source/ccl/level-1/l1-boot-1.lisp"...
;Compiling "/Users/buildsomething/Source/ccl/level-1/l1-boot-2.lisp"...
;Compiling "/Users/buildsomething/Source/ccl/level-1/l1-boot-3.lisp"...
;Compiling "/Users/buildsomething/Source/ccl/level-1/l1-utils.lisp"...
;Compiling "/Users/buildsomething/Source/ccl/level-1/l1-init.lisp"...
;Compiling "/Users/buildsomething/Source/ccl/level-1/l1-symhash.lisp"...
;Compiling "/Users/buildsomething/Source/ccl/level-1/l1-numbers.lisp"...
;Compiling "/Users/buildsomething/Source/ccl/level-1/l1-aprims.lisp"...;Compiler warnings for "ccl:l1;l1-aprims.lisp.newest" :
;   In MACPTR-FLAGS: Undeclared free variable WASM::XMACPTR.FLAGS-CELL
;   In SET-MACPTR-FLAGS: Undeclared free variable WASM::XMACPTR.FLAGS-CELL
;   In %GCABLE-PTR-P: Undeclared free variable WASM::X
;Compiling "/Users/buildsomething/Source/ccl/level-1/l1-sort.lisp"...
;Compiling "/Users/buildsomething/Source/ccl/level-1/l1-dcode.lisp"...
;Compiling "/Users/buildsomething/Source/ccl/level-1/l1-clos-boot.lisp"...MACPTR.ELEMENT-COUNT
;Compiler warnings for "ccl:l1;l1-clos-boot.lisp.newest" :
;   In an anonymous lambda form inside an anonym
;Compiling "/Users/buildsomething/Source/ccl/level-1/l1-clos.lisp"...
;Compiling "/Users/buildsomething/Source/ccl/level-1/l1-unicode.lisp"...
;Compiling "/Users/buildsomething/Source/ccl/level-1/l1-streams.lisp"...
;Compiling "/Users/buildsomething/Source/ccl/level-1/l1-files.lisp"...
;Compiling "/Users/buildsomething/Source/ccl/level-1/l1-io.lisp"...ous lambda form at position 68288: Undeclared free variable WASM::LOCK.KIND-CELL
;Compiler warnings for "ccl:l1;l1-io.lisp.newes
;Compiling "/Users/buildsomething/Source/ccl/level-1/l1-format.lisp"...
;Compiling "/Users/buildsomething/Source/ccl/level-1/l1-readloop.lisp"...
;Compiling "/Users/buildsomething/Source/ccl/level-1/l1-reader.lisp"...
;Compiling "/Users/buildsomething/Source/ccl/level-1/l1-sysio.lisp"...
;Compiling "/Users/buildsomething/Source/ccl/level-1/l1-pathnames.lisp"...
;Compiling "/Users/buildsomething/Source/ccl/level-1/l1-events.lisp"...
;Compiling "/Users/buildsomething/Source/ccl/level-1/l1-boot-lds.lisp"...
;Compiling "/Users/buildsomething/Source/ccl/level-1/l1-readloop-lds.lisp"...
;Compiling "/Users/buildsomething/Source/ccl/level-1/l1-lisp-threads.lisp"...t" :
;   In %MACPTR-ALLOCATION-STRING: Undeclared free variable WASM::XMACPTR.ELEMENT-COUNT
;Compiler warnings for "ccl:l1;l1-lisp-threads.lisp.newest" :
;   In INIT-THREAD-FROM-TCR: Undeclared free variable WASM::TCR.VS-AREA
;   In INIT-THREAD-FROM-TCR: Undeclared free variable WASM::TCR-BIAS
;   In INIT-THREAD-FROM-TCR: Undeclared free variable WASM::TCR.CS-AREA
;   In %CURRENT-XP: Undeclared free variable WASM::TCR.XFRAME
;   In %CURRENT-XP: Undeclared free variable WASM::TCR-BIAS
;   In TCR-FLAGS: Undeclared free variable WASM::TCR.FLAGS
;   In TCR-FLAGS: Undeclared free variable WASM::TCR-BIAS
;   In %TCR-INTERRUPT: Undeclared free variable WASM::TCR.INTERRUPT-PENDING
;   In %TCR-INTERRUPT: Undeclared free variable WASM::TCR-BIAS
;   In WASM-HANDLE-PENDING-INTERRUPT: Undeclared free variable WASM::TCR.INTERRUPT-PENDING
;   In WASM-HANDLE-PENDING-INTERRUPT: Undeclared free variable WASM::TCR-BIAS
;   In THREAD-ENABLE: Undeclared free variable WASM::TCR.RESET-COMPLETION
;   In CLEANUP-THREAD-TCR: Undeclared free variable WASM::TCR.FLAGS
;   In CLEANUP-THREAD-TCR: Undeclared free variable WASM::TCR-BIAS
;   In LISP-THREAD-OS-THREAD: Undeclared free variable WASM::TCR.OSID
;   In LISP-THREAD-NATIVE-THREAD: Undeclared free variable WASM::TCR.NATIVE-THREAD-ID
;   In LISP-THREAD-SUSPEND-COUNT: Undeclared free variable WASM::TCR.SUSPEND-COUNT
;   In TCR-CLEAR-PRESET-STATE: Undeclared free variable WASM::TCR.FLAGS
;   In TCR-CLEAR-PRESET-STATE: Undeclared free variable WASM::TCR-BIAS
;   In TCR-SET-PRESET-STATE: Undeclared free variable WASM::TCR.FLAGS
;   In TCR-SET-PRESET-STATE: Undeclared free variable WASM::TCR-BIAS
;   In %ACTIVATE-TCR: Undeclared free variable WASM::TCR.LOG2-ALLOCATION-QUANTUM
;   In DB-LINK: Undeclared free variable WASM::TCR.DB-LINK
;   In DB-LINK: Undeclared free variable WASM::TCR-BIAS
;   In %PTR-TO-VSTACK-P: Undeclared free variable WASM::TCR.VS-AREA
;   In %PTR-TO-VSTACK-P: Undeclared free variable WASM::TCR-BIAS
;   In %ON-CSP-STACK: Undeclared free variable WASM::TCR.CS-AREA
;   In %FOREIGN-THREAD-INITIALIZE: Undeclared free variable WASM::TCR.DB-LINK
;   In %FOREIGN-THREAD-INITIALIZE: Undeclared free variable 
;Compiling "/Users/buildsomething/Source/ccl/level-1/l1-application.lisp"...
;Compiling "/Users/buildsomething/Source/ccl/level-1/l1-processes.lisp"...WASM::TCR.CATCH-TOP
;   In %FOREIGN-THREAD-INITIALIZE: Undeclared free variable WASM::TCR-BIAS
;Compiler warnings for "ccl:l1;l1-processes.lisp.newest" :
;   In (PROCESS-TCR-ENABLE (PROCESS T)) inside an anonymous lambda form: Undeclared free variable WASM::TCR.ACTIVATE
;   In an anonymous lambda form inside (PRINT-OBJECT (LOCK T)) inside an anonymous lambda form: Undeclared free variable WASM::LOCK._VALUE-CELL
;   In an anonymous lambda form inside (PRINT-OBJECT (LOCK T)) inside an anonymous lambda form: Undeclared free variable WASM::LOCK.NAME-CELL
;   In RECURSIVE-LOCK-P: Undeclared free variable WASM::LOCK.KIND-CELL
;   In READ-WRITE-LOCK-P: Undeclared free variable WASM::LOCK.KIND-CELL
;   In (SETF CURRENT-PROCESS-ALLOCATION-QUANTUM): Undeclared free va
;Compiling "/Users/buildsomething/Source/ccl/level-1/l1-typesys.lisp"...
;Compiling "/Users/buildsomething/Source/ccl/level-1/sysutils.lisp"...
;Compiling "/Users/buildsomething/Source/ccl/level-1/l1-error-system.lisp"...
;Compiling "/Users/buildsomething/Source/ccl/level-1/l1-error-signal.lisp"...
;Compiling "/Users/buildsomething/Source/ccl/level-1/version.lisp"...
;Compiling "/Users/buildsomething/Source/ccl/level-1/l1-callbacks.lisp"...
;Compiling "/Users/buildsomething/Source/ccl/level-1/l1-sockets.lisp"...
;Compiling "/Users/buildsomething/Source/ccl/level-1/linux-files.lisp"...
;Compiling "/Users/buildsomething/Source/ccl/lib/lists.lisp"...
;Compiling "/Users/buildsomething/Source/ccl/lib/sequences.lisp"...
;Compiling "/Users/buildsomething/Source/ccl/lib/hash.lisp"...
;Compiling "/Users/buildsomething/Source/ccl/lib/defstruct.lisp"...
;Compiling "/Users/buildsomething/Source/ccl/compiler/dll-node.lisp"...
;Compiling "/Users/buildsomething/Source/ccl/lib/chars.lisp"...
;Compiling "/Users/buildsomething/Source/ccl/lib/dumplisp.lisp"...
Cross-compiling wasm real-image helper module...
;Compiling "/Users/buildsomething/Source/ccl/scripts/wasm/make-real-image-entry.lisp"...
Const-pool dedupe: raw=1498672469 unique=400927461 saved=1097745008 reused=1662
Wrote 7552 compiled modules to doc/wasm/wasm-runtime-modules.json.inline-v1.tmp.json
WASM32 fasl compilation done.
riable WASM::TCR.LOG2-ALLOCATION-QUANTUM
STARTUP_SYMBOL_SCOPE_BUILD {"schema_version":"startup_symbol_scope_build_v1","artifact_schema_version":"startup_symbol_scope_v1","out_path":"/Users/buildsomething/Source/ccl/doc/wasm/startup-symbol-scope.source_scope_v1.json","symbols_total":6022,"files_scanned_total":69,"excluded_by_reason":{"read-eval-disabled":36,"reader-parse-error":6}}
startup binding map attached to inline manifest: total=1588 literal=0 entry-backed=0 deferred=1588 unsupported=0
modules: 7552
const pools: 5448
startup binding map: total=1588 literal=0 entry-backed=0 deferred=1588 unsupported=0
binary bytes: 441167347
index bytes: 125152
manifest: /Users/buildsomething/Source/ccl/doc/wasm/wasm-runtime-modules.json
binary: /Users/buildsomething/Source/ccl/doc/wasm/wasm-runtime-modules.bin
index: /Users/buildsomething/Source/ccl/doc/wasm/wasm-runtime-modules.idx
