
> web-ui@0.1.0 test:sandbox
> node --test tests/basic.test.mjs tests/commands.test.mjs tests/event-log.test.mjs tests/focus.test.mjs tests/layout.test.mjs tests/renderer.test.mjs tests/selection.test.mjs tests/state.test.mjs tests/persistence.test.mjs tests/list-selection.test.mjs tests/command-ui.test.mjs tests/widgets-command.test.mjs tests/widgets.test.mjs tests/bridge-codec.test.mjs tests/bridge-microkernel.test.mjs tests/bridge-command-effects.test.mjs tests/phase-0-specs.test.mjs tests/phase-0-runtime.test.mjs tests/phase-1-runtime.test.mjs tests/phase-1-persistence.test.mjs tests/phase-1-integration.test.mjs tests/phase-2-transcript-inspector.test.mjs tests/phase-2-debugger.test.mjs tests/phase-2-problems.test.mjs tests/phase-2-integration.test.mjs tests/command-effects.test.mjs tests/recordings.test.mjs tests/presentation-taxonomy.test.mjs tests/typed-commands.test.mjs tests/recording-state.test.mjs tests/recording-commands.test.mjs tests/replay-recordings.test.mjs tests/transcript.test.mjs tests/transcript-commands.test.mjs tests/transcript-action-effects.test.mjs tests/command-history.test.mjs tests/debugger.test.mjs tests/inspector.test.mjs tests/theme.test.mjs tests/phase-3-ui-doctrine.test.mjs tests/phase-3-dom-snapshots.test.mjs tests/phase-3-renderer-parity.test.mjs tests/phase-4-sessions.test.mjs tests/phase-4-world-state.test.mjs tests/phase-4-restore.test.mjs tests/phase-5-runtime-bridge.test.mjs tests/phase-5-runtime-output.test.mjs tests/phase-5-runtime-command-dispatch.test.mjs tests/phase-5-runtime-command-roundtrip.test.mjs tests/phase-5-runtime-debugger.test.mjs tests/phase-5-runtime-restart-invoke.test.mjs tests/phase-5-runtime-inspector.test.mjs tests/phase-5-runtime-place-edit.test.mjs tests/phase-5-runtime-inspector-integration.test.mjs tests/phase-5-runtime-jobs.test.mjs tests/phase-5-runtime-integration.test.mjs tests/phase-6-customization.test.mjs tests/phase-6-theme-profiles.test.mjs tests/phase-6-keymaps.test.mjs tests/phase-6-beginner-mode.test.mjs tests/phase-6-integration.test.mjs tests/phase-7-performance-budgets.test.mjs tests/phase-7-transcript-scale.test.mjs tests/phase-7-keyboard-focus.test.mjs tests/phase-7-accessibility.test.mjs tests/phase-7-reliability.test.mjs tests/phase-7-integration.test.mjs tests/conditions.test.mjs tests/world-state.test.mjs tests/selection-actions.test.mjs tests/problems.test.mjs

✔ replay is deterministic and matches expected snapshot (10.283098ms)
✔ decodeTree parses a simple element+text payload (2.344281ms)
✔ encodeEvents produces a v1 event batch (0.622008ms)
✔ selectEvents respects maxEvents and maxBytes (0.299293ms)
✔ createCommandEffectBridge dispatches clipboard and runtime effects (1.833378ms)
✔ microkernel handles UI poll/render/measure opcodes (4.098003ms)
✔ extractCommandOutput reads structured command output (1.646379ms)
✔ formatClipboardText formats form and form+context payloads (0.264775ms)
✔ dispatchCommandOutput routes clipboard and runtime channels (0.316148ms)
✔ handleCommandResultEffects returns non-handled for commands without output (0.194886ms)
✔ command history window lists invocations (8.142824ms)
✔ refreshCommandHistoryWindow updates list (1.29937ms)
✔ command history execute command replays invocation (2.908828ms)
✔ command history execute command records typed invocation with resolved defaults (1.473068ms)
✔ recordCommandInvocation auto-allocates deterministic id when missing (0.691823ms)
✔ command palette lists commands and applies filter (56.712509ms)
✔ palette command registration wires navigation and execution (2.398601ms)
✔ command palette preview exposes inferred defaults for typed commands (6.481184ms)
✔ palette execute command stamps typed invocation source as palette (6.480177ms)
✔ command surface open/close commands toggle windows (3.15213ms)
✔ task commands list, switch, archive, and close (4.706206ms)
✔ layout commands split, tabs, dock, and activate tabs (3.410248ms)
✔ capability mediation window lists requests and approves selection (32.515325ms)
✔ keybinding viewer lists bindings (5.862186ms)
✔ command routing uses deterministic precedence (2.136832ms)
✔ custom precedence allows widget/context to win (8.271423ms)
✔ resolveKeyWithTrace exposes scope decisions (7.670371ms)
✔ enablement reasons are returned and enforce dispatch (0.663398ms)
✔ presentation translators resolve commands deterministically (1.952503ms)
✔ namespace policy can enforce namespaced ids (0.824251ms)
✔ commands honor capability gating and safe mode (6.152244ms)
✔ typed commands resolve defaults and expose structured invocation (0.820395ms)
✔ typed command enablement fails with missing required args (0.264106ms)
✔ normalizeRestart applies defaults (4.100265ms)
✔ normalizeConditionReport normalizes sections (0.270934ms)
✔ debugger restart list wires item command (9.681001ms)
✔ debugger restart command records typed invocation (3.398841ms)
✔ event log schema validation passes for fixtures (1.875551ms)
✔ focus history records deterministic sequence (10.01704ms)
✔ reconcileFocus updates focus from resolver (1.634797ms)
✔ reconcileFocus defers while composing (0.880689ms)
✔ inspector window lists focus and command state (49.192519ms)
✔ inspector watch commands pin and unpin watches (7.517437ms)
✔ inspector staged edits can be applied and undone (3.533569ms)
✔ layout and selection changes are captured in snapshots (15.086643ms)
✔ layout mutations are deterministic (3.918813ms)
✔ updateListSelection supports replace/toggle/range for multi-select lists (10.706834ms)
✔ registerListSelectionCommands wires ui.list.selection.update (2.065337ms)
✔ updateListSelection ignores non-selectable targets outside listItemIds (0.982392ms)
✔ createSnapshot strips non-serializable values (25.374821ms)
✔ restoreStateFromSnapshot validates focus targets (1.009592ms)
✔ persistence manager round-trips state (23.458817ms)
✔ createSnapshot persists recording store and command history (11.581553ms)
✔ restoreStateFromSnapshot migrates legacy snapshots (1.05705ms)
✔ restoreStateFromSnapshot revalidates presentations when resolver is provided (2.827123ms)
✔ createSnapshot applies recording store truncation budget with marker (1.388526ms)
✔ createSnapshot persists inspector watches (2.103377ms)
✔ phase-0 schema versions are allocated (1.520315ms)
✔ phase-0 runtime contracts for recording and typed commands (1.543376ms)
✔ phase-0 specs are present and include required sections (2.520203ms)
✔ phase-1 integration preserves typed invocation history and recording state across snapshot restore (40.8995ms)
✔ phase-1 integration replay payload remains deterministic across snapshot restore (20.27813ms)
✔ phase-1 persistence schema version is allocated (1.739562ms)
✔ phase-1 persistence snapshot truncates recording store by budget (26.435814ms)
✔ phase-1 persistence migrates v2 snapshot envelope to v5 (0.961869ms)
✔ phase-1 runtime enforces recording entry to recording linkage (3.700013ms)
✔ phase-1 runtime command execution uses typed defaults in command registry (19.108648ms)
✔ phase-1 runtime degrades invalid typed presentation metadata safely (6.781907ms)
✔ phase-2 debugger exposes restart metadata and dispatches runtime output (30.806317ms)
✔ phase-2 integration: problems -> debugger -> restart -> transcript update (75.371061ms)
✔ phase-2 problems show severity/status and open debugger via action bar (29.575233ms)
✔ phase-2 transcript->inspector watch flow updates and survives restore (231.751431ms)
✔ phase-3 transcript window dom snapshot (21.023881ms)
✔ phase-3 debugger window dom snapshot (2.727704ms)
✔ phase-3 inspector window dom snapshot (6.161729ms)
✔ phase-3 problems window dom snapshot (2.813345ms)
✔ phase-3 renderer parity: canvas uses theme background and font (26.228877ms)
✔ phase-3 renderer parity: webgl uses theme background and font (3.134722ms)
✔ phase-3 ui doctrine includes base ui classes (1.614406ms)
✔ phase-3 ui doctrine exposes css variables for core tokens (4.026742ms)
✔ phase-3 ui doctrine defines a stable style id (0.221713ms)
✔ phase-3 ui doctrine annotates instrument list items (118.687089ms)
✔ phase-4 restore drops layout nodes with missing windows (14.395139ms)
✔ phase-4 sessions support create, rename, save, open, delete (17.956313ms)
✔ phase-4 session list window surfaces sessions (1.978846ms)
✔ phase-4 session commands emit runtime outputs (15.87762ms)
✔ phase-4 snapshot persists sessions and active session (14.017819ms)
✔ phase-4 restore can mark presentations stale without resolver (3.231012ms)
✔ phase-4 persistence manager saves and restores sessions (3.588199ms)
✔ createRuntimeMessage fills defaults (6.164114ms)
✔ createRuntimeMessage accepts command.invoke kind (0.19863ms)
✔ createRuntimeMessage accepts debugger.snapshot kind (0.325345ms)
✔ createRuntimeMessage accepts inspector.update and job.update kinds (0.195705ms)
✔ encode/decode round trips runtime messages (0.301879ms)
✔ normalizeRuntimeMessage rejects unsupported version (0.313742ms)
✔ decodeRuntimeMessage reports invalid kinds in strict mode (0.288852ms)
✔ normalizeRuntimeMessage requires seq and ts (0.211665ms)
✔ runtime command client dispatches command.invoke and resolves command.result (35.722508ms)
✔ runtime command client rejects on command.error and state marks invocation failed (4.159996ms)
✔ executeCommand routes runtime.* typed commands through runtime command client (1.101812ms)
✔ microkernel runtime command poll returns encoded command frame (4.479024ms)
✔ runtime command poll returns zero when queue is empty (0.313914ms)
✔ runtime bridge ingests debugger.snapshot and opens debugger with metadata (16.386243ms)
✔ runtime bridge applies debugger.restart set and invoked updates (2.947573ms)
✔ inspector watch pin command dispatches runtime command and settles with inspector update (28.574374ms)
✔ inspector staged edit commands dispatch runtime place commands and settle (3.649856ms)
✔ runtime bridge ingests inspector snapshot and refreshes inspector window (29.129049ms)
✔ runtime bridge ingests inspector watch sync updates (1.089641ms)
✔ phase-5 integration: evaluate -> inspector snapshot -> place edit -> re-evaluate (19.610368ms)
✔ runtime bridge ingests job.update lifecycle events (32.214174ms)
hello
✔ applyRuntimeOutput ingests recording payloads (14.875259ms)
✔ applyRuntimeMessage handles runtime.output (1.247291ms)
✔ microkernel emits runtime.output on stdout writes (2.637113ms)
✔ microkernel accepts KERNEL_OP_RUNTIME_EVENT payloads (0.64867ms)
✔ runtime bridge applies staged/applied/undone place-edit lifecycle (21.418512ms)
✔ runtime bridge accepts failed place-edit updates and records audit events (1.083318ms)
✔ debugger restart command dispatches to runtime command client and settles history (17.925112ms)
✔ phase-6 beginner mode hides advanced commands in command palette (84.804978ms)
✔ phase-6 beginner mode can require confirmation for advanced commands (1.686234ms)
✔ phase-6 guidance dismissal suppresses command preview explanation (26.893365ms)
✔ phase-6 customization precedence is deterministic across layers (41.058361ms)
✔ phase-6 customization persists through snapshot restore (39.420978ms)
✔ phase-6 integration: profile import, beginner policy, session save/restore (46.317813ms)
✔ phase-6 pane profile assignment applies dispatch bindings (18.569123ms)
✔ phase-6 keymap conflict diagnostics record deterministic winners (1.665619ms)
✔ phase-6 keybinding window shows profile and conflict sections (33.648858ms)
✔ phase-6 theme presets are discoverable (1.632508ms)
✔ phase-6 setThemePreset and token overrides are reversible (19.472571ms)
✔ phase-6 customization commands apply theme preset and overrides (3.836984ms)
✔ phase-7 accessibility canvas and webgl widgets expose explicit accessibility contracts (14.311863ms)
✔ phase-7 accessibility list/tree/table keep explicit role and aria metadata (3.225645ms)
✔ phase-7 accessibility reduced-motion themes emit zero-duration motion tokens (0.542464ms)
✔ phase-7 integration quality gates pass for representative interaction flow (40.709326ms)
✔ phase-7 keyboard/focus command surfaces remain keyboard-complete (79.314145ms)
✔ phase-7 keyboard/focus task and session command loops remain reachable (2.727646ms)
✔ phase-7 keyboard/focus rapid task switching keeps focus targets valid (1.01232ms)
✔ phase-7 performance budgets evaluate deterministic pass/fail gates (3.733636ms)
✔ phase-7 performance budgets collect renderer root apply metrics (15.423521ms)
✔ phase-7 performance budgets collect canvas and webgl dirty render metrics (2.894122ms)
✔ phase-7 reliability malformed runtime payloads degrade safely without unhandled exceptions (16.301722ms)
✔ phase-7 reliability replay remains deterministic across repeated runs (5.016432ms)
✔ phase-7 reliability gates detect nondeterministic replay regressions (0.242857ms)
✔ phase-7 reliability session restore tolerates stale presentation references (49.358883ms)
✔ phase-7 transcript scale supports 10k entries with deterministic window limits (38832.376439ms)
✔ phase-7 transcript scale snapshot truncation remains deterministic (5362.130244ms)
✔ phase-7 transcript scale integration replay-save-restore-continue flow remains coherent (586.476128ms)
✔ presentation taxonomy version is allocated (1.571466ms)
✔ normalizePresentationType falls back to value (0.173735ms)
✔ validatePresentationMetadata reports missing required fields (1.448795ms)
✔ applyPresentationDefaults sets type and metadata (0.208597ms)
✔ problems window lists errors (19.370993ms)
✔ refreshProblemsWindow updates list (3.814072ms)
✔ problems commands open and refresh (17.45282ms)
✔ problems item command opens debugger (7.457553ms)
✔ recording commands mutate state (16.062517ms)
✔ command history append command records invocation (1.354526ms)
✔ recording copy/replay/rerun commands return deterministic payloads (2.661861ms)
✔ state recording helpers update recordingStore (8.191204ms)
✔ recordCommandInvocation appends normalized invocation (1.26273ms)
✔ normalizeRecording applies defaults (3.8936ms)
✔ normalizeEntry applies defaults (0.23827ms)
✔ appendRecording and appendEntry build indexes (0.734832ms)
✔ attachAnchor stores anchor and index (0.353538ms)
✔ setEntryFolded toggles entry metadata (0.328871ms)
✔ setRecordingCollapsed toggles recording metadata (0.222335ms)
✔ output recording schema version is allocated (0.130205ms)
✔ copyAsForm and copyWithContext resolve entry and anchor targets (0.451548ms)
✔ replayAsInput and reRunRecording produce deterministic rerun payloads (0.604763ms)
✔ appendEntry enforces recording invariants (0.635682ms)
✔ appendEntry enforces increasing seq per stream when seq is provided (0.307831ms)
✔ attachAnchor validates entry and canonicalizes invalid ranges (0.260107ms)
✔ normalizeRecording input kind supports file and command (1.597555ms)
✔ renderer mounts and patches keyed trees (33.412604ms)
✔ renderer rejects duplicate keys (0.770449ms)
✔ renderer replaces nodes when keyed type changes (0.614087ms)
✔ renderer removes nodes missing from next tree (1.465749ms)
✔ renderer batches renders when schedule is provided (2.815995ms)
✔ replay handles recording events (9.279354ms)
✔ buildSelectionActions intersects action sets (3.425938ms)
✔ buildSelectionActions applies canonical priority then alphabetic fallback (14.510412ms)
✔ normalizeSelection accepts string target (3.862027ms)
✔ normalizeSelection accepts object target (0.260204ms)
✔ addTask wires workspace and active task (18.261234ms)
✔ addWindow wires task and active window (1.577607ms)
✔ addWidget wires parent/child and window root (2.501843ms)
✔ addPresentation normalizes unknown type to value (4.385428ms)
✔ addPresentation degrades invalid typed presentations to value with diagnostics (0.757424ms)
✔ normalizeThemeTokens returns defaults for null (1.612691ms)
✔ normalizeThemeTokens honors light mode (0.305943ms)
✔ mergeThemeTokens overrides nested values (0.499674ms)
✔ resolveFontString uses mono family when requested (0.466279ms)
✔ themeToCssVars maps key tokens into CSS variables (0.68382ms)
✔ transcript action bar dispatches runtime and clipboard effects (19.713206ms)
✔ transcript open/refresh commands work (9.047591ms)
✔ transcript item command resolves presentation translator (1.619807ms)
✔ transcript window lists recording entries (16.369828ms)
✔ refreshTranscriptWindow updates entries (1.474506ms)
✔ recording header command toggles collapsed run visibility (3.651652ms)
✔ recording toggle command folds and unfolds transcript entries (3.825118ms)
✔ refreshTranscriptWindow revalidates presentations when resolver is provided (1.339413ms)
✔ transcript derives presentation types from entry kinds when presentation id is absent (59.559094ms)
✔ normalizeArgSpec defaults type and required (2.048071ms)
✔ normalizeCommandSpec normalizes args (0.476399ms)
✔ validateInvocation detects missing required args (1.697604ms)
✔ typed command model version is allocated (0.139238ms)
✔ resolveArgumentDefaults applies DWIM defaults from context (0.415572ms)
✔ materializeInvocation merges defaults and args (0.27557ms)
✔ executeTypedCommand runs execution pipeline (0.322589ms)
✔ button command wiring dispatches through registry (8.449719ms)
✔ text input command wiring provides input value (1.42191ms)
✔ list item command wiring provides item context (2.762147ms)
✔ widget command wiring dispatches command effect handlers (1.185582ms)
✔ widget command wiring appends structured invocation history for typed commands (2.349512ms)
✔ list selection supports multi-select and action bar hooks (29.367263ms)
✔ canvas view command wiring uses hit testing (33.659271ms)
✔ webgl view command wiring uses hit testing (1.275961ms)
✔ canvas view exposes accessibility props when enabled (0.959906ms)
✔ webgl view exposes accessibility props when enabled (1.114182ms)
✔ widget adapter renders a window tree via the renderer (87.240339ms)
✔ markPresentationStale annotates metadata (1.998139ms)
✔ revalidatePresentations marks stale when resolver fails (1.767641ms)
ℹ tests 221
ℹ suites 0
ℹ pass 221
ℹ fail 0
ℹ cancelled 0
ℹ skipped 0
ℹ todo 0
ℹ duration_ms 46532.233073
IPC_PROTOCOL_READY {"schema_version":"ipc_protocol_ready_v1","run_id":"ipc-1770681899905","lane_class":"ui_runtime","protocol_id":"ipc_shared_ring_v1","protocol_major":1,"protocol_minor":0,"channel_bindings":[{"channel_id":"ipc.kernel.req.ring.v1","writer_role_id":"WTOP-02","reader_role_id":"WTOP-03","slot_count":64,"slot_stride":256,"channel_numeric_id":1},{"channel_id":"ipc.kernel.resp.ring.v1","writer_role_id":"WTOP-03","reader_role_id":"WTOP-02","slot_count":64,"slot_stride":256,"channel_numeric_id":2},{"channel_id":"ipc.storage.req.ring.v1","writer_role_id":"WTOP-02","reader_role_id":"WTOP-04","slot_count":64,"slot_stride":256,"channel_numeric_id":3},{"channel_id":"ipc.storage.resp.ring.v1","writer_role_id":"WTOP-04","reader_role_id":"WTOP-02","slot_count":64,"slot_stride":256,"channel_numeric_id":4},{"channel_id":"ipc.ui.req.ring.v1","writer_role_id":"WTOP-05","reader_role_id":"WTOP-02","slot_count":64,"slot_stride":256,"channel_numeric_id":5},{"channel_id":"ipc.ui.resp.ring.v1","writer_role_id":"WTOP-02","reader_role_id":"WTOP-05","slot_count":64,"slot_stride":256,"channel_numeric_id":6}],"startup_sequence_refs":["WSEQ-01","WSEQ-02","WSEQ-03","WSEQ-04","WSEQ-06","WSEQ-05"],"allow_hotpath_fallback":false,"status":"pass","failure_code":null,"message":"protocol ready"}
IPC_CHANNEL_EVENT {"schema_version":"ipc_channel_event_v1","run_id":"ipc-1770681899905","channel_id":"ipc.kernel.req.ring.v1","lane_class":"ui_runtime","role_id":"WTOP-02","event_type":"enqueue","sequence_no":1,"head_index":0,"tail_index":1,"occupancy":1,"correlation_id":1001,"op_class":1,"wait_ms":0,"status":"ok","failure_code":null,"transition_id":null,"allow_hotpath_fallback":false,"timestamp_utc":"2026-02-10T00:04:59.904Z"}
IPC_CHANNEL_EVENT {"schema_version":"ipc_channel_event_v1","run_id":"ipc-1770681899905","channel_id":"ipc.kernel.req.ring.v1","lane_class":"ui_runtime","role_id":"WTOP-03","event_type":"dequeue","sequence_no":2,"head_index":1,"tail_index":1,"occupancy":0,"correlation_id":1002,"op_class":1,"wait_ms":0,"status":"ok","failure_code":null,"transition_id":null,"allow_hotpath_fallback":false,"timestamp_utc":"2026-02-10T00:04:59.904Z"}
IPC_CHANNEL_SUMMARY {"schema_version":"ipc_channel_summary_v1","run_id":"ipc-1770681899905","channel_id":"ipc.kernel.req.ring.v1","protocol_id":"ipc_shared_ring_v1","events_emitted":2,"max_occupancy":1,"wait_timeout_count":0,"first_failure_code":null,"status":"pass","allow_hotpath_fallback":false,"results_digest":"94113cbcf74b1c4b618715566f02815ee4d1cceea189c06ed7de9f41170dd192"}
IPC_CHANNEL_EVENT {"schema_version":"ipc_channel_event_v1","run_id":"ipc-1770681899905","channel_id":"ipc.kernel.resp.ring.v1","lane_class":"ui_runtime","role_id":"WTOP-03","event_type":"enqueue","sequence_no":3,"head_index":0,"tail_index":1,"occupancy":1,"correlation_id":1003,"op_class":1,"wait_ms":0,"status":"ok","failure_code":null,"transition_id":null,"allow_hotpath_fallback":false,"timestamp_utc":"2026-02-10T00:04:59.904Z"}
IPC_CHANNEL_EVENT {"schema_version":"ipc_channel_event_v1","run_id":"ipc-1770681899905","channel_id":"ipc.kernel.resp.ring.v1","lane_class":"ui_runtime","role_id":"WTOP-02","event_type":"dequeue","sequence_no":4,"head_index":1,"tail_index":1,"occupancy":0,"correlation_id":1004,"op_class":1,"wait_ms":0,"status":"ok","failure_code":null,"transition_id":null,"allow_hotpath_fallback":false,"timestamp_utc":"2026-02-10T00:04:59.904Z"}
IPC_CHANNEL_SUMMARY {"schema_version":"ipc_channel_summary_v1","run_id":"ipc-1770681899905","channel_id":"ipc.kernel.resp.ring.v1","protocol_id":"ipc_shared_ring_v1","events_emitted":2,"max_occupancy":1,"wait_timeout_count":0,"first_failure_code":null,"status":"pass","allow_hotpath_fallback":false,"results_digest":"799faa4f9d25026f15ec49a2cee863404a4e3eb638aaab0ccd36d1e55b011695"}
IPC_CHANNEL_EVENT {"schema_version":"ipc_channel_event_v1","run_id":"ipc-1770681899905","channel_id":"ipc.storage.req.ring.v1","lane_class":"ui_runtime","role_id":"WTOP-02","event_type":"enqueue","sequence_no":5,"head_index":0,"tail_index":1,"occupancy":1,"correlation_id":1005,"op_class":1,"wait_ms":0,"status":"ok","failure_code":null,"transition_id":null,"allow_hotpath_fallback":false,"timestamp_utc":"2026-02-10T00:04:59.904Z"}
IPC_CHANNEL_EVENT {"schema_version":"ipc_channel_event_v1","run_id":"ipc-1770681899905","channel_id":"ipc.storage.req.ring.v1","lane_class":"ui_runtime","role_id":"WTOP-04","event_type":"dequeue","sequence_no":6,"head_index":1,"tail_index":1,"occupancy":0,"correlation_id":1006,"op_class":1,"wait_ms":0,"status":"ok","failure_code":null,"transition_id":null,"allow_hotpath_fallback":false,"timestamp_utc":"2026-02-10T00:04:59.904Z"}
IPC_CHANNEL_SUMMARY {"schema_version":"ipc_channel_summary_v1","run_id":"ipc-1770681899905","channel_id":"ipc.storage.req.ring.v1","protocol_id":"ipc_shared_ring_v1","events_emitted":2,"max_occupancy":1,"wait_timeout_count":0,"first_failure_code":null,"status":"pass","allow_hotpath_fallback":false,"results_digest":"6348037171d09bf36d972ad84d3e5d134d3f92669822f16a8681f2fe8fb0cb1b"}
IPC_CHANNEL_EVENT {"schema_version":"ipc_channel_event_v1","run_id":"ipc-1770681899905","channel_id":"ipc.storage.resp.ring.v1","lane_class":"ui_runtime","role_id":"WTOP-04","event_type":"enqueue","sequence_no":7,"head_index":0,"tail_index":1,"occupancy":1,"correlation_id":1007,"op_class":1,"wait_ms":0,"status":"ok","failure_code":null,"transition_id":null,"allow_hotpath_fallback":false,"timestamp_utc":"2026-02-10T00:04:59.904Z"}
IPC_CHANNEL_EVENT {"schema_version":"ipc_channel_event_v1","run_id":"ipc-1770681899905","channel_id":"ipc.storage.resp.ring.v1","lane_class":"ui_runtime","role_id":"WTOP-02","event_type":"dequeue","sequence_no":8,"head_index":1,"tail_index":1,"occupancy":0,"correlation_id":1008,"op_class":1,"wait_ms":0,"status":"ok","failure_code":null,"transition_id":null,"allow_hotpath_fallback":false,"timestamp_utc":"2026-02-10T00:04:59.904Z"}
IPC_CHANNEL_SUMMARY {"schema_version":"ipc_channel_summary_v1","run_id":"ipc-1770681899905","channel_id":"ipc.storage.resp.ring.v1","protocol_id":"ipc_shared_ring_v1","events_emitted":2,"max_occupancy":1,"wait_timeout_count":0,"first_failure_code":null,"status":"pass","allow_hotpath_fallback":false,"results_digest":"f550ed3de7fee97f735d0a4bab13a7614a517e688e39baac659384ecb5e79e36"}
IPC_CHANNEL_EVENT {"schema_version":"ipc_channel_event_v1","run_id":"ipc-1770681899905","channel_id":"ipc.ui.req.ring.v1","lane_class":"ui_runtime","role_id":"WTOP-05","event_type":"enqueue","sequence_no":9,"head_index":0,"tail_index":1,"occupancy":1,"correlation_id":1009,"op_class":1,"wait_ms":0,"status":"ok","failure_code":null,"transition_id":null,"allow_hotpath_fallback":false,"timestamp_utc":"2026-02-10T00:04:59.904Z"}
IPC_CHANNEL_EVENT {"schema_version":"ipc_channel_event_v1","run_id":"ipc-1770681899905","channel_id":"ipc.ui.req.ring.v1","lane_class":"ui_runtime","role_id":"WTOP-02","event_type":"dequeue","sequence_no":10,"head_index":1,"tail_index":1,"occupancy":0,"correlation_id":1010,"op_class":1,"wait_ms":0,"status":"ok","failure_code":null,"transition_id":null,"allow_hotpath_fallback":false,"timestamp_utc":"2026-02-10T00:04:59.904Z"}
IPC_CHANNEL_SUMMARY {"schema_version":"ipc_channel_summary_v1","run_id":"ipc-1770681899905","channel_id":"ipc.ui.req.ring.v1","protocol_id":"ipc_shared_ring_v1","events_emitted":2,"max_occupancy":1,"wait_timeout_count":0,"first_failure_code":null,"status":"pass","allow_hotpath_fallback":false,"results_digest":"76c428c9dcca062ab71d5f98a6d9e2074dd631dbe6ecdb74e239f59ae412b679"}
IPC_CHANNEL_EVENT {"schema_version":"ipc_channel_event_v1","run_id":"ipc-1770681899905","channel_id":"ipc.ui.resp.ring.v1","lane_class":"ui_runtime","role_id":"WTOP-02","event_type":"enqueue","sequence_no":11,"head_index":0,"tail_index":1,"occupancy":1,"correlation_id":1011,"op_class":1,"wait_ms":0,"status":"ok","failure_code":null,"transition_id":null,"allow_hotpath_fallback":false,"timestamp_utc":"2026-02-10T00:04:59.904Z"}
IPC_CHANNEL_EVENT {"schema_version":"ipc_channel_event_v1","run_id":"ipc-1770681899905","channel_id":"ipc.ui.resp.ring.v1","lane_class":"ui_runtime","role_id":"WTOP-05","event_type":"dequeue","sequence_no":12,"head_index":1,"tail_index":1,"occupancy":0,"correlation_id":1012,"op_class":1,"wait_ms":0,"status":"ok","failure_code":null,"transition_id":null,"allow_hotpath_fallback":false,"timestamp_utc":"2026-02-10T00:04:59.904Z"}
IPC_CHANNEL_SUMMARY {"schema_version":"ipc_channel_summary_v1","run_id":"ipc-1770681899905","channel_id":"ipc.ui.resp.ring.v1","protocol_id":"ipc_shared_ring_v1","events_emitted":2,"max_occupancy":1,"wait_timeout_count":0,"first_failure_code":null,"status":"pass","allow_hotpath_fallback":false,"results_digest":"7bbe511eef554c5262f16a93338650ba08a1d8f330f6baddd71e84d9c860de19"}
IPC_CONFORMANCE_SUMMARY {"schema_version":"ipc_conformance_summary_v1","run_id":"ipc-1770681899905","protocol_id":"ipc_shared_ring_v1","protocol_major":1,"protocol_minor":0,"conformance_ids":["R4V-05"],"lane_id":"R4L-03","source":"web-ui/test:sandbox","passed_ids":["R4V-05"],"failed_ids":[],"first_failure_id":null,"first_failure_code":null,"allow_hotpath_fallback":false,"lane_results_digest":"e35871eb52a1960e5c0e1918f6a308010ede793f28f14babaeb8626f3e5a5a52","status":"pass","x03_clear_ready":true,"timestamp_utc":"2026-02-10T00:04:59.904Z","message":"synthetic IPC conformance pass"}
RUNTIME_UI_BRIDGE_ROUTE_EVENT {"schema_version":"runtime_ui_bridge_route_event_v1","run_id":"ipc-1770681899905","class_id":"R4M-01","direction":"ingress","lane_class":"ui_runtime","selected_lane":"shared_ring","channel_id":"ipc.ui.req.ring.v1","writer_role_id":"WTOP-05","reader_role_id":"WTOP-02","sequence_no":1,"correlation_id":3001,"status":"pass","failure_code":null,"fallback_attempted":false,"fallback_blocked":true}
RUNTIME_UI_BRIDGE_BACKPRESSURE_EVENT {"schema_version":"runtime_ui_bridge_backpressure_event_v1","run_id":"ipc-1770681899905","class_id":"R4M-01","channel_id":"ipc.ui.req.ring.v1","wait_state":"none","wait_ms":0,"timeout_ms":25,"occupancy":0,"status":"pass","failure_code":null,"transition_id":null}
RUNTIME_UI_BRIDGE_LANE_SUMMARY {"schema_version":"runtime_ui_bridge_lane_summary_v1","run_id":"ipc-1770681899905","class_id":"R4M-01","hot_path_class":true,"selected_lane":"shared_ring","events_total":2,"events_failed":0,"first_failure_code":null,"allow_hotpath_fallback":false,"results_digest":"1761a138e398daa16ff33f3d2c44075fd7861d0358603c65c8399b52c68cdc97"}
RUNTIME_UI_BRIDGE_MIGRATION_SUMMARY {"schema_version":"runtime_ui_bridge_migration_summary_v1","run_id":"ipc-1770681899905","wave_id":"R4M-25","executed_class_ids":["R4M-01"],"hot_classes_on_shared_count":1,"non_hot_on_control_count":0,"policy_failures":[],"status":"pass","x04_ready":true,"timestamp_utc":"2026-02-10T00:04:59.908Z"}
RUNTIME_UI_BRIDGE_STEP2_SUMMARY {"schema_version":"runtime_ui_bridge_step2_summary_v1","run_id":"ipc-1770681899905","executed_validation_ids":["R4V-05"],"passed_validation_ids":["R4V-05"],"failed_validation_ids":[],"first_failure_validation_id":null,"first_failure_code":null,"compatibility_results":[{"compatibility_id":"R4I-01","status":"accept"},{"compatibility_id":"R4I-02","status":"accept"},{"compatibility_id":"R4I-03","status":"accept"},{"compatibility_id":"R4I-04","status":"accept"},{"compatibility_id":"R4I-05","status":"accept"},{"compatibility_id":"R4I-06","status":"accept"}],"allow_hotpath_fallback":false,"x04_step2_ready":true,"results_digest":"864f1498cb917d6c13c1184b3e4afdf08410c8960d4040d077742de806023858","status":"pass","lane_id":"R4L-03","wave_id":"R4M-25","source":"web-ui/test:sandbox","validation_assertion_pass":true,"timestamp_utc":"2026-02-10T00:04:59.908Z"}
