# validation_id: R7V-04
# lane_id: R7L-04
# case_id: browser-loader
# started_at_utc: 2026-02-10T01:37:10.855Z
# ended_at_utc: 2026-02-10T01:37:57.519Z
# command: env TZ=UTC LC_ALL=C LANG=C CCL_STORAGE_ALLOW_FALLBACK=0 CCL_MODULE_ENV_TEST_LANE=R7L-04 CCL_MODULE_ENV_TEST_CASE=browser-loader npm --prefix web-ui run test:sandbox
# exit_code: 0

[stdout]

> web-ui@0.1.0 test:sandbox
> node --test tests/basic.test.mjs tests/commands.test.mjs tests/event-log.test.mjs tests/focus.test.mjs tests/layout.test.mjs tests/renderer.test.mjs tests/selection.test.mjs tests/state.test.mjs tests/persistence.test.mjs tests/list-selection.test.mjs tests/command-ui.test.mjs tests/widgets-command.test.mjs tests/widgets.test.mjs tests/bridge-codec.test.mjs tests/bridge-microkernel.test.mjs tests/bridge-command-effects.test.mjs tests/phase-0-specs.test.mjs tests/phase-0-runtime.test.mjs tests/phase-1-runtime.test.mjs tests/phase-1-persistence.test.mjs tests/phase-1-integration.test.mjs tests/phase-2-transcript-inspector.test.mjs tests/phase-2-debugger.test.mjs tests/phase-2-problems.test.mjs tests/phase-2-integration.test.mjs tests/command-effects.test.mjs tests/recordings.test.mjs tests/presentation-taxonomy.test.mjs tests/typed-commands.test.mjs tests/recording-state.test.mjs tests/recording-commands.test.mjs tests/replay-recordings.test.mjs tests/transcript.test.mjs tests/transcript-commands.test.mjs tests/transcript-action-effects.test.mjs tests/command-history.test.mjs tests/debugger.test.mjs tests/inspector.test.mjs tests/theme.test.mjs tests/phase-3-ui-doctrine.test.mjs tests/phase-3-dom-snapshots.test.mjs tests/phase-3-renderer-parity.test.mjs tests/phase-4-sessions.test.mjs tests/phase-4-world-state.test.mjs tests/phase-4-restore.test.mjs tests/phase-5-runtime-bridge.test.mjs tests/phase-5-runtime-output.test.mjs tests/phase-5-runtime-command-dispatch.test.mjs tests/phase-5-runtime-command-roundtrip.test.mjs tests/phase-5-runtime-debugger.test.mjs tests/phase-5-runtime-restart-invoke.test.mjs tests/phase-5-runtime-inspector.test.mjs tests/phase-5-runtime-place-edit.test.mjs tests/phase-5-runtime-inspector-integration.test.mjs tests/phase-5-runtime-jobs.test.mjs tests/phase-5-runtime-integration.test.mjs tests/phase-6-customization.test.mjs tests/phase-6-theme-profiles.test.mjs tests/phase-6-keymaps.test.mjs tests/phase-6-beginner-mode.test.mjs tests/phase-6-integration.test.mjs tests/phase-7-performance-budgets.test.mjs tests/phase-7-transcript-scale.test.mjs tests/phase-7-keyboard-focus.test.mjs tests/phase-7-accessibility.test.mjs tests/phase-7-reliability.test.mjs tests/phase-7-integration.test.mjs tests/conditions.test.mjs tests/world-state.test.mjs tests/selection-actions.test.mjs tests/problems.test.mjs

✔ replay is deterministic and matches expected snapshot (83.374199ms)
✔ decodeTree parses a simple element+text payload (2.325493ms)
✔ encodeEvents produces a v1 event batch (0.66938ms)
✔ selectEvents respects maxEvents and maxBytes (0.332341ms)
✔ createCommandEffectBridge dispatches clipboard and runtime effects (2.359847ms)
✔ microkernel handles UI poll/render/measure opcodes (4.427954ms)
✔ extractCommandOutput reads structured command output (2.540468ms)
✔ formatClipboardText formats form and form+context payloads (0.298026ms)
✔ dispatchCommandOutput routes clipboard and runtime channels (0.341649ms)
✔ handleCommandResultEffects returns non-handled for commands without output (0.293551ms)
✔ command history window lists invocations (7.690079ms)
✔ refreshCommandHistoryWindow updates list (4.599815ms)
✔ command history execute command replays invocation (7.319563ms)
✔ command history execute command records typed invocation with resolved defaults (4.217646ms)
✔ recordCommandInvocation auto-allocates deterministic id when missing (0.817512ms)
✔ command palette lists commands and applies filter (110.272728ms)
✔ palette command registration wires navigation and execution (29.856986ms)
✔ command palette preview exposes inferred defaults for typed commands (10.216327ms)
✔ palette execute command stamps typed invocation source as palette (1.409011ms)
✔ command surface open/close commands toggle windows (3.808696ms)
✔ task commands list, switch, archive, and close (1.932068ms)
✔ layout commands split, tabs, dock, and activate tabs (17.304632ms)
✔ capability mediation window lists requests and approves selection (3.30201ms)
✔ keybinding viewer lists bindings (1.86637ms)
✔ command routing uses deterministic precedence (83.144633ms)
✔ custom precedence allows widget/context to win (9.879254ms)
✔ resolveKeyWithTrace exposes scope decisions (0.33623ms)
✔ enablement reasons are returned and enforce dispatch (0.676985ms)
✔ presentation translators resolve commands deterministically (0.376369ms)
✔ namespace policy can enforce namespaced ids (0.339981ms)
✔ commands honor capability gating and safe mode (6.911746ms)
✔ typed commands resolve defaults and expose structured invocation (0.89945ms)
✔ typed command enablement fails with missing required args (0.2723ms)
✔ normalizeRestart applies defaults (3.209097ms)
✔ normalizeConditionReport normalizes sections (0.27081ms)
✔ debugger restart list wires item command (94.712629ms)
✔ debugger restart command records typed invocation (5.615415ms)
✔ event log schema validation passes for fixtures (3.353872ms)
✔ focus history records deterministic sequence (8.089748ms)
✔ reconcileFocus updates focus from resolver (1.662195ms)
✔ reconcileFocus defers while composing (1.77912ms)
✔ inspector window lists focus and command state (71.033277ms)
✔ inspector watch commands pin and unpin watches (7.192753ms)
✔ inspector staged edits can be applied and undone (3.789557ms)
✔ layout and selection changes are captured in snapshots (91.197337ms)
✔ layout mutations are deterministic (5.944996ms)
✔ updateListSelection supports replace/toggle/range for multi-select lists (20.959871ms)
✔ registerListSelectionCommands wires ui.list.selection.update (3.156096ms)
✔ updateListSelection ignores non-selectable targets outside listItemIds (0.926536ms)
✔ createSnapshot strips non-serializable values (62.69714ms)
✔ restoreStateFromSnapshot validates focus targets (1.615913ms)
✔ persistence manager round-trips state (9.081975ms)
✔ createSnapshot persists recording store and command history (3.265904ms)
✔ restoreStateFromSnapshot migrates legacy snapshots (0.952872ms)
✔ restoreStateFromSnapshot revalidates presentations when resolver is provided (2.653543ms)
✔ createSnapshot applies recording store truncation budget with marker (1.350893ms)
✔ createSnapshot persists inspector watches (2.092983ms)
✔ phase-0 schema versions are allocated (4.214405ms)
✔ phase-0 runtime contracts for recording and typed commands (1.561398ms)
✔ phase-0 specs are present and include required sections (3.455106ms)
✔ phase-1 integration preserves typed invocation history and recording state across snapshot restore (45.529897ms)
✔ phase-1 integration replay payload remains deterministic across snapshot restore (16.006582ms)
✔ phase-1 persistence schema version is allocated (1.50591ms)
✔ phase-1 persistence snapshot truncates recording store by budget (32.861333ms)
✔ phase-1 persistence migrates v2 snapshot envelope to v5 (0.965838ms)
✔ phase-1 runtime enforces recording entry to recording linkage (3.755355ms)
✔ phase-1 runtime command execution uses typed defaults in command registry (15.695131ms)
✔ phase-1 runtime degrades invalid typed presentation metadata safely (10.932013ms)
✔ phase-2 debugger exposes restart metadata and dispatches runtime output (49.667515ms)
✔ phase-2 integration: problems -> debugger -> restart -> transcript update (58.338433ms)
✔ phase-2 problems show severity/status and open debugger via action bar (55.753264ms)
✔ phase-2 transcript->inspector watch flow updates and survives restore (71.303425ms)
✔ phase-3 transcript window dom snapshot (73.340957ms)
✔ phase-3 debugger window dom snapshot (3.516522ms)
✔ phase-3 inspector window dom snapshot (11.722483ms)
✔ phase-3 problems window dom snapshot (5.348454ms)
✔ phase-3 renderer parity: canvas uses theme background and font (14.977412ms)
✔ phase-3 renderer parity: webgl uses theme background and font (4.433306ms)
✔ phase-3 ui doctrine includes base ui classes (50.36432ms)
✔ phase-3 ui doctrine exposes css variables for core tokens (10.980101ms)
✔ phase-3 ui doctrine defines a stable style id (0.143564ms)
✔ phase-3 ui doctrine annotates instrument list items (11.785329ms)
✔ phase-4 restore drops layout nodes with missing windows (36.214951ms)
✔ phase-4 sessions support create, rename, save, open, delete (26.398923ms)
✔ phase-4 session list window surfaces sessions (2.04216ms)
✔ phase-4 session commands emit runtime outputs (3.991105ms)
✔ phase-4 snapshot persists sessions and active session (65.481589ms)
✔ phase-4 restore can mark presentations stale without resolver (3.848187ms)
✔ phase-4 persistence manager saves and restores sessions (20.773263ms)
✔ createRuntimeMessage fills defaults (3.429017ms)
✔ createRuntimeMessage accepts command.invoke kind (0.187121ms)
✔ createRuntimeMessage accepts debugger.snapshot kind (0.174431ms)
✔ createRuntimeMessage accepts inspector.update and job.update kinds (0.184837ms)
✔ encode/decode round trips runtime messages (0.305258ms)
✔ normalizeRuntimeMessage rejects unsupported version (0.307651ms)
✔ decodeRuntimeMessage reports invalid kinds in strict mode (0.216404ms)
✔ normalizeRuntimeMessage requires seq and ts (0.190786ms)
✔ runtime command client dispatches command.invoke and resolves command.result (25.056826ms)
✔ runtime command client rejects on command.error and state marks invocation failed (3.524529ms)
✔ executeCommand routes runtime.* typed commands through runtime command client (2.371204ms)
✔ microkernel runtime command poll returns encoded command frame (16.101326ms)
✔ runtime command poll returns zero when queue is empty (0.305311ms)
✔ runtime bridge ingests debugger.snapshot and opens debugger with metadata (28.172066ms)
✔ runtime bridge applies debugger.restart set and invoked updates (2.627707ms)
✔ inspector watch pin command dispatches runtime command and settles with inspector update (11.76778ms)
✔ inspector staged edit commands dispatch runtime place commands and settle (2.338193ms)
✔ runtime bridge ingests inspector snapshot and refreshes inspector window (14.157388ms)
✔ runtime bridge ingests inspector watch sync updates (1.080658ms)
✔ phase-5 integration: evaluate -> inspector snapshot -> place edit -> re-evaluate (30.71989ms)
✔ runtime bridge ingests job.update lifecycle events (39.931046ms)
hello
✔ applyRuntimeOutput ingests recording payloads (32.416316ms)
✔ applyRuntimeMessage handles runtime.output (1.363417ms)
✔ microkernel emits runtime.output on stdout writes (3.750824ms)
✔ microkernel accepts KERNEL_OP_RUNTIME_EVENT payloads (0.540739ms)
✔ runtime bridge applies staged/applied/undone place-edit lifecycle (34.827995ms)
✔ runtime bridge accepts failed place-edit updates and records audit events (1.133066ms)
✔ debugger restart command dispatches to runtime command client and settles history (14.834628ms)
✔ phase-6 beginner mode hides advanced commands in command palette (122.295327ms)
✔ phase-6 beginner mode can require confirmation for advanced commands (1.863905ms)
✔ phase-6 guidance dismissal suppresses command preview explanation (3.576001ms)
✔ phase-6 customization precedence is deterministic across layers (16.937228ms)
✔ phase-6 customization persists through snapshot restore (11.258714ms)
✔ phase-6 integration: profile import, beginner policy, session save/restore (37.655326ms)
✔ phase-6 pane profile assignment applies dispatch bindings (29.737267ms)
✔ phase-6 keymap conflict diagnostics record deterministic winners (1.866513ms)
✔ phase-6 keybinding window shows profile and conflict sections (22.49191ms)
✔ phase-6 theme presets are discoverable (1.621526ms)
✔ phase-6 setThemePreset and token overrides are reversible (17.935146ms)
✔ phase-6 customization commands apply theme preset and overrides (3.853132ms)
✔ phase-7 accessibility canvas and webgl widgets expose explicit accessibility contracts (32.082115ms)
✔ phase-7 accessibility list/tree/table keep explicit role and aria metadata (3.080723ms)
✔ phase-7 accessibility reduced-motion themes emit zero-duration motion tokens (1.04684ms)
✔ phase-7 integration quality gates pass for representative interaction flow (15.806323ms)
✔ phase-7 keyboard/focus command surfaces remain keyboard-complete (49.120221ms)
✔ phase-7 keyboard/focus task and session command loops remain reachable (5.005988ms)
✔ phase-7 keyboard/focus rapid task switching keeps focus targets valid (1.252182ms)
✔ phase-7 performance budgets evaluate deterministic pass/fail gates (3.068748ms)
✔ phase-7 performance budgets collect renderer root apply metrics (3.628896ms)
✔ phase-7 performance budgets collect canvas and webgl dirty render metrics (2.613591ms)
✔ phase-7 reliability malformed runtime payloads degrade safely without unhandled exceptions (27.766318ms)
✔ phase-7 reliability replay remains deterministic across repeated runs (9.630291ms)
✔ phase-7 reliability gates detect nondeterministic replay regressions (0.59407ms)
✔ phase-7 reliability session restore tolerates stale presentation references (7.113862ms)
✔ phase-7 transcript scale supports 10k entries with deterministic window limits (38599.359091ms)
✔ phase-7 transcript scale snapshot truncation remains deterministic (5342.618525ms)
✔ phase-7 transcript scale integration replay-save-restore-continue flow remains coherent (582.356311ms)
✔ presentation taxonomy version is allocated (1.705714ms)
✔ normalizePresentationType falls back to value (0.182088ms)
✔ validatePresentationMetadata reports missing required fields (1.59034ms)
✔ applyPresentationDefaults sets type and metadata (0.2174ms)
✔ problems window lists errors (9.780869ms)
✔ refreshProblemsWindow updates list (73.928285ms)
✔ problems commands open and refresh (2.661643ms)
✔ problems item command opens debugger (1.395807ms)
✔ recording commands mutate state (21.494656ms)
✔ command history append command records invocation (1.931453ms)
✔ recording copy/replay/rerun commands return deterministic payloads (4.149706ms)
✔ state recording helpers update recordingStore (17.909022ms)
✔ recordCommandInvocation appends normalized invocation (1.309091ms)
✔ normalizeRecording applies defaults (5.038507ms)
✔ normalizeEntry applies defaults (0.347281ms)
✔ appendRecording and appendEntry build indexes (0.638957ms)
✔ attachAnchor stores anchor and index (0.355676ms)
✔ setEntryFolded toggles entry metadata (1.07984ms)
✔ setRecordingCollapsed toggles recording metadata (0.374961ms)
✔ output recording schema version is allocated (0.690797ms)
✔ copyAsForm and copyWithContext resolve entry and anchor targets (0.694532ms)
✔ replayAsInput and reRunRecording produce deterministic rerun payloads (0.342499ms)
✔ appendEntry enforces recording invariants (0.873654ms)
✔ appendEntry enforces increasing seq per stream when seq is provided (0.317617ms)
✔ attachAnchor validates entry and canonicalizes invalid ranges (0.271427ms)
✔ normalizeRecording input kind supports file and command (0.383664ms)
✔ renderer mounts and patches keyed trees (56.519137ms)
✔ renderer rejects duplicate keys (0.672851ms)
✔ renderer replaces nodes when keyed type changes (0.456318ms)
✔ renderer removes nodes missing from next tree (0.306098ms)
✔ renderer batches renders when schedule is provided (0.325862ms)
✔ replay handles recording events (36.029954ms)
✔ buildSelectionActions intersects action sets (3.826036ms)
✔ buildSelectionActions applies canonical priority then alphabetic fallback (25.918119ms)
✔ normalizeSelection accepts string target (5.151751ms)
✔ normalizeSelection accepts object target (0.26225ms)
✔ addTask wires workspace and active task (8.25517ms)
✔ addWindow wires task and active window (1.285888ms)
✔ addWidget wires parent/child and window root (1.854136ms)
✔ addPresentation normalizes unknown type to value (0.965117ms)
✔ addPresentation degrades invalid typed presentations to value with diagnostics (0.669459ms)
✔ normalizeThemeTokens returns defaults for null (1.603438ms)
✔ normalizeThemeTokens honors light mode (0.298352ms)
✔ mergeThemeTokens overrides nested values (0.494485ms)
✔ resolveFontString uses mono family when requested (0.395341ms)
✔ themeToCssVars maps key tokens into CSS variables (0.562761ms)
✔ transcript action bar dispatches runtime and clipboard effects (19.398961ms)
✔ transcript open/refresh commands work (8.917403ms)
✔ transcript item command resolves presentation translator (1.613439ms)
✔ transcript window lists recording entries (8.28475ms)
✔ refreshTranscriptWindow updates entries (1.460982ms)
✔ recording header command toggles collapsed run visibility (3.232164ms)
✔ recording toggle command folds and unfolds transcript entries (1.172809ms)
✔ refreshTranscriptWindow revalidates presentations when resolver is provided (1.066337ms)
✔ transcript derives presentation types from entry kinds when presentation id is absent (0.760152ms)
✔ normalizeArgSpec defaults type and required (1.670616ms)
✔ normalizeCommandSpec normalizes args (0.249851ms)
✔ validateInvocation detects missing required args (1.526814ms)
✔ typed command model version is allocated (0.150332ms)
✔ resolveArgumentDefaults applies DWIM defaults from context (0.391423ms)
✔ materializeInvocation merges defaults and args (0.288674ms)
✔ executeTypedCommand runs execution pipeline (0.315481ms)
✔ button command wiring dispatches through registry (16.913352ms)
✔ text input command wiring provides input value (3.010749ms)
✔ list item command wiring provides item context (2.315969ms)
✔ widget command wiring dispatches command effect handlers (1.376251ms)
✔ widget command wiring appends structured invocation history for typed commands (2.503552ms)
✔ list selection supports multi-select and action bar hooks (3.682168ms)
✔ canvas view command wiring uses hit testing (1.721185ms)
✔ webgl view command wiring uses hit testing (1.297816ms)
✔ canvas view exposes accessibility props when enabled (1.151648ms)
✔ webgl view exposes accessibility props when enabled (1.000134ms)
✔ widget adapter renders a window tree via the renderer (16.359671ms)
✔ markPresentationStale annotates metadata (2.12052ms)
✔ revalidatePresentations marks stale when resolver fails (1.578187ms)
ℹ tests 221
ℹ suites 0
ℹ pass 221
ℹ fail 0
ℹ cancelled 0
ℹ skipped 0
ℹ todo 0
ℹ duration_ms 46271.971007


[stderr]


[synthetic-artifacts]
MODULE_ENV_RESOLUTION_EVENT {"schema_version":"module_env_resolution_event_v1","run_id":"rpl07-20260210-013659Z-91fdb0be","validation_id":"R7V-04","lane_id":"R7L-04","module_id":"module-r7l-04-browser-loader","capsule_id":"capsule-main-v1","stage_id":"activation","selected_source":"capsule_store","status":"pass","failure_code":null,"timestamp_utc":"2026-02-10T01:37:57.519Z"}
MODULE_ENV_ACTIVATION_SUMMARY {"schema_version":"module_env_activation_summary_v1","run_id":"rpl07-20260210-013659Z-91fdb0be","validation_id":"R7V-04","lane_id":"R7L-04","activation_count":1,"pass_count":1,"fail_count":0,"first_failure_code":null,"allow_fallback":false,"results_digest":"b7a096e24de7b8eb1319e93d6978acb493e48ca6112bc708aca6072bd3299259","status":"pass","source":"--prefix","timestamp_utc":"2026-02-10T01:37:57.519Z"}
MODULE_ENV_STEP2_SUMMARY {"schema_version":"module_env_step2_summary_v1","run_id":"rpl07-20260210-013659Z-91fdb0be","executed_lane_ids":["R7L-04"],"executed_validation_ids":["R7V-04"],"passed_validation_ids":["R7V-04"],"failed_validation_ids":[],"first_failure_validation_id":null,"first_failure_code":null,"bundle_inputs":["rpl05-20260210-011240Z-91fdb0be","bpl06-20260210-005408Z-91fdb0be","bpl07-20260210-005408Z-91fdb0be"],"x06_review_status":"not_ready","x07_review_status":"blocked","x06_step2_ready":false,"results_digest":"c8b8089da13afcf3b2bab61288a26a3d344c8916c11a212f54e658fa0ed1295d","status":"pass","timestamp_utc":"2026-02-10T01:37:57.519Z"}
