persistence backend: memory-snapshot
snapshot file: /var/folders/nx/drkw27_12d3c830w306nl_5m0000gp/T/ccl-wasm-ui-persist-smoke.snapshot.json
[trace] instantiating kernel
[trace] kernel instantiated
[trace] instantiating subprims
[trace] subprims instantiated
[trace] subprims table installed
image source: root.image
[trace] loading image
[trace] kernel request id=1 op=STREAM_OPEN
[trace] kernel done id=1 op=STREAM_OPEN result=-44
[trace] kernel poll id=1 op=STREAM_OPEN status=1
[trace] kernel result id=1 op=STREAM_OPEN result=-44
[trace] kernel response_size id=1 op=STREAM_OPEN size=0
[trace] kernel drop id=1 op=STREAM_OPEN
[trace] kernel request id=2 op=STREAM_OPEN
[trace] kernel done id=2 op=STREAM_OPEN result=-44
[trace] kernel poll id=2 op=STREAM_OPEN status=1
[trace] kernel result id=2 op=STREAM_OPEN result=-44
[trace] kernel response_size id=2 op=STREAM_OPEN size=0
[trace] kernel drop id=2 op=STREAM_OPEN
[trace] image loaded
[trace] root runtime state reset
[trace] boot entry installed
[trace] runtime modules installed from bundle (installed=7620 count=7620 failed=0)
[trace] runtime modules installed from registry (installed=0 count=0)
[trace] bootstrap pre-start ok nil=0x4000001 cl=0x4020016 allpkgs=0x40201bd allpkgs_car=0x4020016 allpkgs_cdr=0x40201b5 allpkgs_names=0x4020045 toplevel_sym=0x40201c6 toplfunc_raw=0x4036546 toplfunc_entry=4528 toplfunc_subtag=42
[trace] calling wasm_ccl_start_lisp
WASM wasm_funcall_common: enter

WASM wasm_funcall_common: call subprim

[trace] wasm_ccl_start_lisp returned
[trace] bootstrap post-start ok nil=0x4000001 cl=0x4020016 allpkgs=0x40201bd allpkgs_car=0x4020016 allpkgs_cdr=0x40201b5 allpkgs_names=0x4020045 toplevel_sym=0x40201c6 toplfunc_raw=0x4000001 toplfunc_entry=-1 toplfunc_subtag=-1
WASM const-pool: INTERN symbol unavailable for 
*WASM-UI-PERSIST-LABEL-STATE*


WASM const-pool: INTERN symbol unavailable for 
*WASM-UI-PERSIST-LABEL-STATE*


WASM const-pool: creating symbol fallback: 
*WASM-UI-PERSIST-LABEL-STATE*


WASM const-pool: INTERN symbol unavailable for 
*WASM-UI-PERSIST-SAVED-STATE*


WASM const-pool: INTERN symbol unavailable for 
*WASM-UI-PERSIST-SAVED-STATE*


WASM const-pool: creating symbol fallback: 
*WASM-UI-PERSIST-SAVED-STATE*


WASM const-pool: INTERN symbol unavailable for 
*WASM-UI-PERSIST-LABEL-STATE*


WASM const-pool: INTERN symbol unavailable for 
*WASM-UI-PERSIST-LABEL-STATE*


WASM const-pool: INTERN symbol unavailable for 
*WASM-UI-PERSIST-LABEL-STATE*


WASM const-pool: INTERN symbol unavailable for 
*WASM-UI-PERSIST-LABEL-STATE*


WASM const-pool: INTERN symbol unavailable for 
*WASM-UI-PERSIST-SAVED-STATE*


WASM const-pool: INTERN symbol unavailable for 
*WASM-UI-PERSIST-SAVED-STATE*


WASM const-pool: INTERN symbol unavailable for 
*WASM-UI-PERSIST-LABEL-STATE*


[trace] compiled modules installed (installed=8 count=8 failed=0)
[trace] calling demo init
[trace] calling label-state preflight
[trace] label-state preflight returned
[trace] calling mark-persisted
[trace] calling save
[trace] kernel request id=3 op=STREAM_OPEN
[trace] kernel done id=3 op=STREAM_OPEN result=3
[trace] kernel poll id=3 op=STREAM_OPEN status=1
[trace] kernel result id=3 op=STREAM_OPEN result=3
[trace] kernel response_size id=3 op=STREAM_OPEN size=0
[trace] kernel drop id=3 op=STREAM_OPEN
[trace] kernel request id=4 op=STREAM_WRITE
[trace] kernel done id=4 op=STREAM_WRITE result=1
[trace] kernel poll id=4 op=STREAM_WRITE status=1
[trace] kernel result id=4 op=STREAM_WRITE result=1
[trace] kernel drop id=4 op=STREAM_WRITE
[trace] kernel request id=5 op=STREAM_CLOSE
[trace] kernel done id=5 op=STREAM_CLOSE result=0
[trace] kernel poll id=5 op=STREAM_CLOSE status=1
[trace] kernel result id=5 op=STREAM_CLOSE result=0
[trace] kernel drop id=5 op=STREAM_CLOSE
[trace] calling mark-dirty
[trace] calling label-state dirty check
[trace] calling restore
[trace] kernel request id=6 op=STREAM_OPEN
[trace] kernel done id=6 op=STREAM_OPEN result=4
[trace] kernel poll id=6 op=STREAM_OPEN status=1
[trace] kernel result id=6 op=STREAM_OPEN result=4
[trace] kernel response_size id=6 op=STREAM_OPEN size=0
[trace] kernel drop id=6 op=STREAM_OPEN
[trace] kernel request id=7 op=STREAM_READ
[trace] kernel done id=7 op=STREAM_READ result=1
[trace] kernel poll id=7 op=STREAM_READ status=1
[trace] kernel result id=7 op=STREAM_READ result=1
[trace] kernel response_size id=7 op=STREAM_READ size=1
[trace] kernel copy_response id=7 op=STREAM_READ copied=1
[trace] kernel drop id=7 op=STREAM_READ
[trace] kernel request id=8 op=STREAM_CLOSE
[trace] kernel done id=8 op=STREAM_CLOSE result=0
[trace] kernel poll id=8 op=STREAM_CLOSE status=1
[trace] kernel result id=8 op=STREAM_CLOSE result=0
[trace] kernel drop id=8 op=STREAM_CLOSE
[trace] calling label-state restore check
PASS: wasm ui persistence smoke test
IPC_PROTOCOL_READY {"schema_version":"ipc_protocol_ready_v1","run_id":"ipc-1770684228793","lane_class":"ui_runtime","protocol_id":"ipc_shared_ring_v1","protocol_major":1,"protocol_minor":0,"channel_bindings":[{"channel_id":"ipc.kernel.req.ring.v1","writer_role_id":"WTOP-02","reader_role_id":"WTOP-03","slot_count":64,"slot_stride":256,"channel_numeric_id":1},{"channel_id":"ipc.kernel.resp.ring.v1","writer_role_id":"WTOP-03","reader_role_id":"WTOP-02","slot_count":64,"slot_stride":256,"channel_numeric_id":2},{"channel_id":"ipc.storage.req.ring.v1","writer_role_id":"WTOP-02","reader_role_id":"WTOP-04","slot_count":64,"slot_stride":256,"channel_numeric_id":3},{"channel_id":"ipc.storage.resp.ring.v1","writer_role_id":"WTOP-04","reader_role_id":"WTOP-02","slot_count":64,"slot_stride":256,"channel_numeric_id":4},{"channel_id":"ipc.ui.req.ring.v1","writer_role_id":"WTOP-05","reader_role_id":"WTOP-02","slot_count":64,"slot_stride":256,"channel_numeric_id":5},{"channel_id":"ipc.ui.resp.ring.v1","writer_role_id":"WTOP-02","reader_role_id":"WTOP-05","slot_count":64,"slot_stride":256,"channel_numeric_id":6}],"startup_sequence_refs":["WSEQ-01","WSEQ-02","WSEQ-03","WSEQ-04","WSEQ-06","WSEQ-05"],"allow_hotpath_fallback":false,"status":"pass","failure_code":null,"message":"protocol ready"}
IPC_CHANNEL_EVENT {"schema_version":"ipc_channel_event_v1","run_id":"ipc-1770684228793","channel_id":"ipc.kernel.req.ring.v1","lane_class":"ui_runtime","role_id":"WTOP-02","event_type":"enqueue","sequence_no":1,"head_index":0,"tail_index":1,"occupancy":1,"correlation_id":1001,"op_class":1,"wait_ms":0,"status":"ok","failure_code":null,"transition_id":null,"allow_hotpath_fallback":false,"timestamp_utc":"2026-02-10T00:43:48.792Z"}
IPC_CHANNEL_EVENT {"schema_version":"ipc_channel_event_v1","run_id":"ipc-1770684228793","channel_id":"ipc.kernel.req.ring.v1","lane_class":"ui_runtime","role_id":"WTOP-03","event_type":"dequeue","sequence_no":2,"head_index":1,"tail_index":1,"occupancy":0,"correlation_id":1002,"op_class":1,"wait_ms":0,"status":"ok","failure_code":null,"transition_id":null,"allow_hotpath_fallback":false,"timestamp_utc":"2026-02-10T00:43:48.792Z"}
IPC_CHANNEL_SUMMARY {"schema_version":"ipc_channel_summary_v1","run_id":"ipc-1770684228793","channel_id":"ipc.kernel.req.ring.v1","protocol_id":"ipc_shared_ring_v1","events_emitted":2,"max_occupancy":1,"wait_timeout_count":0,"first_failure_code":null,"status":"pass","allow_hotpath_fallback":false,"results_digest":"dda732b9db599aef2ba8680d1d80c8e743f9faa2756d3668271b7ced97266802"}
IPC_CHANNEL_EVENT {"schema_version":"ipc_channel_event_v1","run_id":"ipc-1770684228793","channel_id":"ipc.kernel.resp.ring.v1","lane_class":"ui_runtime","role_id":"WTOP-03","event_type":"enqueue","sequence_no":3,"head_index":0,"tail_index":1,"occupancy":1,"correlation_id":1003,"op_class":1,"wait_ms":0,"status":"ok","failure_code":null,"transition_id":null,"allow_hotpath_fallback":false,"timestamp_utc":"2026-02-10T00:43:48.792Z"}
IPC_CHANNEL_EVENT {"schema_version":"ipc_channel_event_v1","run_id":"ipc-1770684228793","channel_id":"ipc.kernel.resp.ring.v1","lane_class":"ui_runtime","role_id":"WTOP-02","event_type":"dequeue","sequence_no":4,"head_index":1,"tail_index":1,"occupancy":0,"correlation_id":1004,"op_class":1,"wait_ms":0,"status":"ok","failure_code":null,"transition_id":null,"allow_hotpath_fallback":false,"timestamp_utc":"2026-02-10T00:43:48.792Z"}
IPC_CHANNEL_SUMMARY {"schema_version":"ipc_channel_summary_v1","run_id":"ipc-1770684228793","channel_id":"ipc.kernel.resp.ring.v1","protocol_id":"ipc_shared_ring_v1","events_emitted":2,"max_occupancy":1,"wait_timeout_count":0,"first_failure_code":null,"status":"pass","allow_hotpath_fallback":false,"results_digest":"b0e50f2e56aa490af06342d2d2f55b90cd99c9d0af0ea6caf85e632a0726e76f"}
IPC_CHANNEL_EVENT {"schema_version":"ipc_channel_event_v1","run_id":"ipc-1770684228793","channel_id":"ipc.storage.req.ring.v1","lane_class":"ui_runtime","role_id":"WTOP-02","event_type":"enqueue","sequence_no":5,"head_index":0,"tail_index":1,"occupancy":1,"correlation_id":1005,"op_class":1,"wait_ms":0,"status":"ok","failure_code":null,"transition_id":null,"allow_hotpath_fallback":false,"timestamp_utc":"2026-02-10T00:43:48.792Z"}
IPC_CHANNEL_EVENT {"schema_version":"ipc_channel_event_v1","run_id":"ipc-1770684228793","channel_id":"ipc.storage.req.ring.v1","lane_class":"ui_runtime","role_id":"WTOP-04","event_type":"dequeue","sequence_no":6,"head_index":1,"tail_index":1,"occupancy":0,"correlation_id":1006,"op_class":1,"wait_ms":0,"status":"ok","failure_code":null,"transition_id":null,"allow_hotpath_fallback":false,"timestamp_utc":"2026-02-10T00:43:48.792Z"}
IPC_CHANNEL_SUMMARY {"schema_version":"ipc_channel_summary_v1","run_id":"ipc-1770684228793","channel_id":"ipc.storage.req.ring.v1","protocol_id":"ipc_shared_ring_v1","events_emitted":2,"max_occupancy":1,"wait_timeout_count":0,"first_failure_code":null,"status":"pass","allow_hotpath_fallback":false,"results_digest":"3a0912f2c9d7d3df9fc4525f955aeb0e38bfd541b34e23acd2e819b2df4b88b0"}
IPC_CHANNEL_EVENT {"schema_version":"ipc_channel_event_v1","run_id":"ipc-1770684228793","channel_id":"ipc.storage.resp.ring.v1","lane_class":"ui_runtime","role_id":"WTOP-04","event_type":"enqueue","sequence_no":7,"head_index":0,"tail_index":1,"occupancy":1,"correlation_id":1007,"op_class":1,"wait_ms":0,"status":"ok","failure_code":null,"transition_id":null,"allow_hotpath_fallback":false,"timestamp_utc":"2026-02-10T00:43:48.792Z"}
IPC_CHANNEL_EVENT {"schema_version":"ipc_channel_event_v1","run_id":"ipc-1770684228793","channel_id":"ipc.storage.resp.ring.v1","lane_class":"ui_runtime","role_id":"WTOP-02","event_type":"dequeue","sequence_no":8,"head_index":1,"tail_index":1,"occupancy":0,"correlation_id":1008,"op_class":1,"wait_ms":0,"status":"ok","failure_code":null,"transition_id":null,"allow_hotpath_fallback":false,"timestamp_utc":"2026-02-10T00:43:48.792Z"}
IPC_CHANNEL_SUMMARY {"schema_version":"ipc_channel_summary_v1","run_id":"ipc-1770684228793","channel_id":"ipc.storage.resp.ring.v1","protocol_id":"ipc_shared_ring_v1","events_emitted":2,"max_occupancy":1,"wait_timeout_count":0,"first_failure_code":null,"status":"pass","allow_hotpath_fallback":false,"results_digest":"fa0f3209c30c2cb5e040e6dec220ffa633879a667134a281f8491c75b7dd7a42"}
IPC_CHANNEL_EVENT {"schema_version":"ipc_channel_event_v1","run_id":"ipc-1770684228793","channel_id":"ipc.ui.req.ring.v1","lane_class":"ui_runtime","role_id":"WTOP-05","event_type":"enqueue","sequence_no":9,"head_index":0,"tail_index":1,"occupancy":1,"correlation_id":1009,"op_class":1,"wait_ms":0,"status":"ok","failure_code":null,"transition_id":null,"allow_hotpath_fallback":false,"timestamp_utc":"2026-02-10T00:43:48.792Z"}
IPC_CHANNEL_EVENT {"schema_version":"ipc_channel_event_v1","run_id":"ipc-1770684228793","channel_id":"ipc.ui.req.ring.v1","lane_class":"ui_runtime","role_id":"WTOP-02","event_type":"dequeue","sequence_no":10,"head_index":1,"tail_index":1,"occupancy":0,"correlation_id":1010,"op_class":1,"wait_ms":0,"status":"ok","failure_code":null,"transition_id":null,"allow_hotpath_fallback":false,"timestamp_utc":"2026-02-10T00:43:48.792Z"}
IPC_CHANNEL_SUMMARY {"schema_version":"ipc_channel_summary_v1","run_id":"ipc-1770684228793","channel_id":"ipc.ui.req.ring.v1","protocol_id":"ipc_shared_ring_v1","events_emitted":2,"max_occupancy":1,"wait_timeout_count":0,"first_failure_code":null,"status":"pass","allow_hotpath_fallback":false,"results_digest":"d54756e26fc4afb9d8e47c6573cc83e0e513fa28e671d05db04966258b501209"}
IPC_CHANNEL_EVENT {"schema_version":"ipc_channel_event_v1","run_id":"ipc-1770684228793","channel_id":"ipc.ui.resp.ring.v1","lane_class":"ui_runtime","role_id":"WTOP-02","event_type":"enqueue","sequence_no":11,"head_index":0,"tail_index":1,"occupancy":1,"correlation_id":1011,"op_class":1,"wait_ms":0,"status":"ok","failure_code":null,"transition_id":null,"allow_hotpath_fallback":false,"timestamp_utc":"2026-02-10T00:43:48.792Z"}
IPC_CHANNEL_EVENT {"schema_version":"ipc_channel_event_v1","run_id":"ipc-1770684228793","channel_id":"ipc.ui.resp.ring.v1","lane_class":"ui_runtime","role_id":"WTOP-05","event_type":"dequeue","sequence_no":12,"head_index":1,"tail_index":1,"occupancy":0,"correlation_id":1012,"op_class":1,"wait_ms":0,"status":"ok","failure_code":null,"transition_id":null,"allow_hotpath_fallback":false,"timestamp_utc":"2026-02-10T00:43:48.792Z"}
IPC_CHANNEL_SUMMARY {"schema_version":"ipc_channel_summary_v1","run_id":"ipc-1770684228793","channel_id":"ipc.ui.resp.ring.v1","protocol_id":"ipc_shared_ring_v1","events_emitted":2,"max_occupancy":1,"wait_timeout_count":0,"first_failure_code":null,"status":"pass","allow_hotpath_fallback":false,"results_digest":"0bb43e30c3ffb6a887f6dcb39ff546ff6b3357529592bf61fc308c83b92a9135"}
IPC_CONFORMANCE_SUMMARY {"schema_version":"ipc_conformance_summary_v1","run_id":"ipc-1770684228793","protocol_id":"ipc_shared_ring_v1","protocol_major":1,"protocol_minor":0,"conformance_ids":[],"lane_id":null,"source":"doc/wasm/js/wasm-ui-persist-smoke.mjs","passed_ids":[],"failed_ids":[],"first_failure_id":null,"first_failure_code":null,"allow_hotpath_fallback":false,"lane_results_digest":"503040e2dfc5ca14fdb587ab71e5dcfad605deecb468bc88759143883444f50e","status":"pass","x03_clear_ready":true,"timestamp_utc":"2026-02-10T00:43:48.792Z","message":"synthetic IPC conformance pass"}
RUNTIME_UI_BRIDGE_ROUTE_EVENT {"schema_version":"runtime_ui_bridge_route_event_v1","run_id":"ipc-1770684228793","class_id":"R4M-01","direction":"ingress","lane_class":"ui_runtime","selected_lane":"shared_ring","channel_id":"ipc.ui.req.ring.v1","writer_role_id":"WTOP-05","reader_role_id":"WTOP-02","sequence_no":1,"correlation_id":3001,"status":"pass","failure_code":null,"fallback_attempted":false,"fallback_blocked":true}
RUNTIME_UI_BRIDGE_BACKPRESSURE_EVENT {"schema_version":"runtime_ui_bridge_backpressure_event_v1","run_id":"ipc-1770684228793","class_id":"R4M-01","channel_id":"ipc.ui.req.ring.v1","wait_state":"none","wait_ms":0,"timeout_ms":25,"occupancy":0,"status":"pass","failure_code":null,"transition_id":null}
RUNTIME_UI_BRIDGE_LANE_SUMMARY {"schema_version":"runtime_ui_bridge_lane_summary_v1","run_id":"ipc-1770684228793","class_id":"R4M-01","hot_path_class":true,"selected_lane":"shared_ring","events_total":2,"events_failed":0,"first_failure_code":null,"allow_hotpath_fallback":false,"results_digest":"bca0b42e7721579d92df71fa7468a95cfa2c64e8a6ee4437ac80fa08c2a8daa4"}
RUNTIME_UI_BRIDGE_ROUTE_EVENT {"schema_version":"runtime_ui_bridge_route_event_v1","run_id":"ipc-1770684228793","class_id":"R4M-02","direction":"ingress","lane_class":"ui_runtime","selected_lane":"shared_ring","channel_id":"ipc.ui.req.ring.v1","writer_role_id":"WTOP-05","reader_role_id":"WTOP-02","sequence_no":2,"correlation_id":3002,"status":"pass","failure_code":null,"fallback_attempted":false,"fallback_blocked":true}
RUNTIME_UI_BRIDGE_BACKPRESSURE_EVENT {"schema_version":"runtime_ui_bridge_backpressure_event_v1","run_id":"ipc-1770684228793","class_id":"R4M-02","channel_id":"ipc.ui.req.ring.v1","wait_state":"none","wait_ms":0,"timeout_ms":25,"occupancy":0,"status":"pass","failure_code":null,"transition_id":null}
RUNTIME_UI_BRIDGE_LANE_SUMMARY {"schema_version":"runtime_ui_bridge_lane_summary_v1","run_id":"ipc-1770684228793","class_id":"R4M-02","hot_path_class":true,"selected_lane":"shared_ring","events_total":2,"events_failed":0,"first_failure_code":null,"allow_hotpath_fallback":false,"results_digest":"909e459fded537535494fee095d903c30b1e871a55628ac9ea8e18113ff37a74"}
RUNTIME_UI_BRIDGE_ROUTE_EVENT {"schema_version":"runtime_ui_bridge_route_event_v1","run_id":"ipc-1770684228793","class_id":"R4M-03","direction":"ingress","lane_class":"ui_runtime","selected_lane":"shared_ring","channel_id":"ipc.ui.req.ring.v1","writer_role_id":"WTOP-05","reader_role_id":"WTOP-02","sequence_no":3,"correlation_id":3003,"status":"pass","failure_code":null,"fallback_attempted":false,"fallback_blocked":true}
RUNTIME_UI_BRIDGE_BACKPRESSURE_EVENT {"schema_version":"runtime_ui_bridge_backpressure_event_v1","run_id":"ipc-1770684228793","class_id":"R4M-03","channel_id":"ipc.ui.req.ring.v1","wait_state":"none","wait_ms":0,"timeout_ms":25,"occupancy":0,"status":"pass","failure_code":null,"transition_id":null}
RUNTIME_UI_BRIDGE_LANE_SUMMARY {"schema_version":"runtime_ui_bridge_lane_summary_v1","run_id":"ipc-1770684228793","class_id":"R4M-03","hot_path_class":true,"selected_lane":"shared_ring","events_total":2,"events_failed":0,"first_failure_code":null,"allow_hotpath_fallback":false,"results_digest":"67f692603817350b505def85791b5647f712c0903c6fce6fd9918a1adcaa45e9"}
RUNTIME_UI_BRIDGE_ROUTE_EVENT {"schema_version":"runtime_ui_bridge_route_event_v1","run_id":"ipc-1770684228793","class_id":"R4M-04","direction":"egress","lane_class":"ui_runtime","selected_lane":"shared_ring","channel_id":"ipc.ui.resp.ring.v1","writer_role_id":"WTOP-02","reader_role_id":"WTOP-05","sequence_no":4,"correlation_id":3004,"status":"pass","failure_code":null,"fallback_attempted":false,"fallback_blocked":true}
RUNTIME_UI_BRIDGE_BACKPRESSURE_EVENT {"schema_version":"runtime_ui_bridge_backpressure_event_v1","run_id":"ipc-1770684228793","class_id":"R4M-04","channel_id":"ipc.ui.resp.ring.v1","wait_state":"none","wait_ms":0,"timeout_ms":25,"occupancy":0,"status":"pass","failure_code":null,"transition_id":null}
RUNTIME_UI_BRIDGE_LANE_SUMMARY {"schema_version":"runtime_ui_bridge_lane_summary_v1","run_id":"ipc-1770684228793","class_id":"R4M-04","hot_path_class":true,"selected_lane":"shared_ring","events_total":2,"events_failed":0,"first_failure_code":null,"allow_hotpath_fallback":false,"results_digest":"0aeabaa868819091a05d34a1ce82efbf33064b0f971b34347ab94ffd28709a57"}
RUNTIME_UI_BRIDGE_ROUTE_EVENT {"schema_version":"runtime_ui_bridge_route_event_v1","run_id":"ipc-1770684228793","class_id":"R4M-05","direction":"egress","lane_class":"ui_runtime","selected_lane":"shared_ring","channel_id":"ipc.ui.resp.ring.v1","writer_role_id":"WTOP-02","reader_role_id":"WTOP-05","sequence_no":5,"correlation_id":3005,"status":"pass","failure_code":null,"fallback_attempted":false,"fallback_blocked":true}
RUNTIME_UI_BRIDGE_BACKPRESSURE_EVENT {"schema_version":"runtime_ui_bridge_backpressure_event_v1","run_id":"ipc-1770684228793","class_id":"R4M-05","channel_id":"ipc.ui.resp.ring.v1","wait_state":"none","wait_ms":0,"timeout_ms":25,"occupancy":0,"status":"pass","failure_code":null,"transition_id":null}
RUNTIME_UI_BRIDGE_LANE_SUMMARY {"schema_version":"runtime_ui_bridge_lane_summary_v1","run_id":"ipc-1770684228793","class_id":"R4M-05","hot_path_class":true,"selected_lane":"shared_ring","events_total":2,"events_failed":0,"first_failure_code":null,"allow_hotpath_fallback":false,"results_digest":"ec3ba8c63990d5cc3ec2118027f5195e999c6cc83cdf999f277d7b3938309895"}
RUNTIME_UI_BRIDGE_ROUTE_EVENT {"schema_version":"runtime_ui_bridge_route_event_v1","run_id":"ipc-1770684228793","class_id":"R4M-06","direction":"egress","lane_class":"ui_runtime","selected_lane":"shared_ring","channel_id":"ipc.ui.resp.ring.v1","writer_role_id":"WTOP-02","reader_role_id":"WTOP-05","sequence_no":6,"correlation_id":3006,"status":"pass","failure_code":null,"fallback_attempted":false,"fallback_blocked":true}
RUNTIME_UI_BRIDGE_BACKPRESSURE_EVENT {"schema_version":"runtime_ui_bridge_backpressure_event_v1","run_id":"ipc-1770684228793","class_id":"R4M-06","channel_id":"ipc.ui.resp.ring.v1","wait_state":"none","wait_ms":0,"timeout_ms":25,"occupancy":0,"status":"pass","failure_code":null,"transition_id":null}
RUNTIME_UI_BRIDGE_LANE_SUMMARY {"schema_version":"runtime_ui_bridge_lane_summary_v1","run_id":"ipc-1770684228793","class_id":"R4M-06","hot_path_class":true,"selected_lane":"shared_ring","events_total":2,"events_failed":0,"first_failure_code":null,"allow_hotpath_fallback":false,"results_digest":"bb1514b6b1835a2f0e168cbc99ab110cf27f81383e0379069c3001acd493a9e4"}
RUNTIME_UI_BRIDGE_ROUTE_EVENT {"schema_version":"runtime_ui_bridge_route_event_v1","run_id":"ipc-1770684228793","class_id":"R4M-07","direction":"bidirectional","lane_class":"ui_runtime","selected_lane":"shared_ring","channel_id":"ipc.ui.req.ring.v1","writer_role_id":"WTOP-05","reader_role_id":"WTOP-02","sequence_no":7,"correlation_id":3007,"status":"pass","failure_code":null,"fallback_attempted":false,"fallback_blocked":true}
RUNTIME_UI_BRIDGE_BACKPRESSURE_EVENT {"schema_version":"runtime_ui_bridge_backpressure_event_v1","run_id":"ipc-1770684228793","class_id":"R4M-07","channel_id":"ipc.ui.req.ring.v1","wait_state":"none","wait_ms":0,"timeout_ms":25,"occupancy":0,"status":"pass","failure_code":null,"transition_id":null}
RUNTIME_UI_BRIDGE_LANE_SUMMARY {"schema_version":"runtime_ui_bridge_lane_summary_v1","run_id":"ipc-1770684228793","class_id":"R4M-07","hot_path_class":true,"selected_lane":"shared_ring","events_total":2,"events_failed":0,"first_failure_code":null,"allow_hotpath_fallback":false,"results_digest":"58d47e80227be7b2d321324e5224a388143eb6435cac6dc58ff4efa9b9d8c014"}
RUNTIME_UI_BRIDGE_ROUTE_EVENT {"schema_version":"runtime_ui_bridge_route_event_v1","run_id":"ipc-1770684228793","class_id":"R4M-08","direction":"egress","lane_class":"ui_runtime","selected_lane":"control_message","channel_id":"ipc.bridge.control.mailbox.v1","writer_role_id":"WTOP-02","reader_role_id":"WTOP-05","sequence_no":8,"correlation_id":3008,"status":"pass","failure_code":null,"fallback_attempted":false,"fallback_blocked":false}
RUNTIME_UI_BRIDGE_BACKPRESSURE_EVENT {"schema_version":"runtime_ui_bridge_backpressure_event_v1","run_id":"ipc-1770684228793","class_id":"R4M-08","channel_id":"ipc.bridge.control.mailbox.v1","wait_state":"not_applicable","wait_ms":0,"timeout_ms":25,"occupancy":0,"status":"pass","failure_code":null,"transition_id":null}
RUNTIME_UI_BRIDGE_LANE_SUMMARY {"schema_version":"runtime_ui_bridge_lane_summary_v1","run_id":"ipc-1770684228793","class_id":"R4M-08","hot_path_class":false,"selected_lane":"control_message","events_total":2,"events_failed":0,"first_failure_code":null,"allow_hotpath_fallback":false,"results_digest":"cf892dcedc17b4dcb97dd50eb893735be4a047f9be88dbe1fa96b17a1afe0c6d"}
RUNTIME_UI_BRIDGE_ROUTE_EVENT {"schema_version":"runtime_ui_bridge_route_event_v1","run_id":"ipc-1770684228793","class_id":"R4M-09","direction":"bidirectional","lane_class":"ui_runtime","selected_lane":"control_message","channel_id":"ipc.bridge.control.mailbox.v1","writer_role_id":"WTOP-02","reader_role_id":"WTOP-05","sequence_no":9,"correlation_id":3009,"status":"pass","failure_code":null,"fallback_attempted":false,"fallback_blocked":false}
RUNTIME_UI_BRIDGE_BACKPRESSURE_EVENT {"schema_version":"runtime_ui_bridge_backpressure_event_v1","run_id":"ipc-1770684228793","class_id":"R4M-09","channel_id":"ipc.bridge.control.mailbox.v1","wait_state":"not_applicable","wait_ms":0,"timeout_ms":25,"occupancy":0,"status":"pass","failure_code":null,"transition_id":null}
RUNTIME_UI_BRIDGE_LANE_SUMMARY {"schema_version":"runtime_ui_bridge_lane_summary_v1","run_id":"ipc-1770684228793","class_id":"R4M-09","hot_path_class":false,"selected_lane":"control_message","events_total":2,"events_failed":0,"first_failure_code":null,"allow_hotpath_fallback":false,"results_digest":"5f3fa3b91003adff95660192dd5dac830dbf61cf48870868efb220480caef120"}
RUNTIME_UI_BRIDGE_ROUTE_EVENT {"schema_version":"runtime_ui_bridge_route_event_v1","run_id":"ipc-1770684228793","class_id":"R4M-10","direction":"bidirectional","lane_class":"ui_runtime","selected_lane":"control_message","channel_id":"ipc.bridge.control.mailbox.v1","writer_role_id":"WTOP-02","reader_role_id":"WTOP-05","sequence_no":10,"correlation_id":3010,"status":"pass","failure_code":null,"fallback_attempted":false,"fallback_blocked":false}
RUNTIME_UI_BRIDGE_BACKPRESSURE_EVENT {"schema_version":"runtime_ui_bridge_backpressure_event_v1","run_id":"ipc-1770684228793","class_id":"R4M-10","channel_id":"ipc.bridge.control.mailbox.v1","wait_state":"not_applicable","wait_ms":0,"timeout_ms":25,"occupancy":0,"status":"pass","failure_code":null,"transition_id":null}
RUNTIME_UI_BRIDGE_LANE_SUMMARY {"schema_version":"runtime_ui_bridge_lane_summary_v1","run_id":"ipc-1770684228793","class_id":"R4M-10","hot_path_class":false,"selected_lane":"control_message","events_total":2,"events_failed":0,"first_failure_code":null,"allow_hotpath_fallback":false,"results_digest":"d8580e27f10c6bed7083947b126a8369926db0b835ff93be01403bf9df80aa46"}
RUNTIME_UI_BRIDGE_ROUTE_EVENT {"schema_version":"runtime_ui_bridge_route_event_v1","run_id":"ipc-1770684228793","class_id":"R4M-11","direction":"egress","lane_class":"ui_runtime","selected_lane":"control_message","channel_id":"ipc.bridge.control.mailbox.v1","writer_role_id":"WTOP-02","reader_role_id":"WTOP-05","sequence_no":11,"correlation_id":3011,"status":"pass","failure_code":null,"fallback_attempted":false,"fallback_blocked":false}
RUNTIME_UI_BRIDGE_BACKPRESSURE_EVENT {"schema_version":"runtime_ui_bridge_backpressure_event_v1","run_id":"ipc-1770684228793","class_id":"R4M-11","channel_id":"ipc.bridge.control.mailbox.v1","wait_state":"not_applicable","wait_ms":0,"timeout_ms":25,"occupancy":0,"status":"pass","failure_code":null,"transition_id":null}
RUNTIME_UI_BRIDGE_LANE_SUMMARY {"schema_version":"runtime_ui_bridge_lane_summary_v1","run_id":"ipc-1770684228793","class_id":"R4M-11","hot_path_class":false,"selected_lane":"control_message","events_total":2,"events_failed":0,"first_failure_code":null,"allow_hotpath_fallback":false,"results_digest":"6d271afc38eebde8c6c73d32729ac10f48c20669662e1fd645ab1b3af16e887c"}
RUNTIME_UI_BRIDGE_ROUTE_EVENT {"schema_version":"runtime_ui_bridge_route_event_v1","run_id":"ipc-1770684228793","class_id":"R4M-12","direction":"egress","lane_class":"ui_runtime","selected_lane":"control_message","channel_id":"ipc.bridge.control.mailbox.v1","writer_role_id":"WTOP-02","reader_role_id":"WTOP-05","sequence_no":12,"correlation_id":3012,"status":"pass","failure_code":null,"fallback_attempted":false,"fallback_blocked":false}
RUNTIME_UI_BRIDGE_BACKPRESSURE_EVENT {"schema_version":"runtime_ui_bridge_backpressure_event_v1","run_id":"ipc-1770684228793","class_id":"R4M-12","channel_id":"ipc.bridge.control.mailbox.v1","wait_state":"not_applicable","wait_ms":0,"timeout_ms":25,"occupancy":0,"status":"pass","failure_code":null,"transition_id":null}
RUNTIME_UI_BRIDGE_LANE_SUMMARY {"schema_version":"runtime_ui_bridge_lane_summary_v1","run_id":"ipc-1770684228793","class_id":"R4M-12","hot_path_class":false,"selected_lane":"control_message","events_total":2,"events_failed":0,"first_failure_code":null,"allow_hotpath_fallback":false,"results_digest":"4775dd128eb4279a69de0dc72a1154566da892ecd563efe00d08d1aa5babd255"}
RUNTIME_UI_BRIDGE_ROUTE_EVENT {"schema_version":"runtime_ui_bridge_route_event_v1","run_id":"ipc-1770684228793","class_id":"R4M-13","direction":"bidirectional","lane_class":"ui_runtime","selected_lane":"control_message","channel_id":"ipc.bridge.control.mailbox.v1","writer_role_id":"WTOP-02","reader_role_id":"WTOP-05","sequence_no":13,"correlation_id":3013,"status":"pass","failure_code":null,"fallback_attempted":false,"fallback_blocked":false}
RUNTIME_UI_BRIDGE_BACKPRESSURE_EVENT {"schema_version":"runtime_ui_bridge_backpressure_event_v1","run_id":"ipc-1770684228793","class_id":"R4M-13","channel_id":"ipc.bridge.control.mailbox.v1","wait_state":"not_applicable","wait_ms":0,"timeout_ms":25,"occupancy":0,"status":"pass","failure_code":null,"transition_id":null}
RUNTIME_UI_BRIDGE_LANE_SUMMARY {"schema_version":"runtime_ui_bridge_lane_summary_v1","run_id":"ipc-1770684228793","class_id":"R4M-13","hot_path_class":false,"selected_lane":"control_message","events_total":2,"events_failed":0,"first_failure_code":null,"allow_hotpath_fallback":false,"results_digest":"15241ff27692db0119bde73351138ba15f8c8012e97665974d8952c54205af83"}
RUNTIME_UI_BRIDGE_MIGRATION_SUMMARY {"schema_version":"runtime_ui_bridge_migration_summary_v1","run_id":"ipc-1770684228793","wave_id":null,"executed_class_ids":["R4M-01","R4M-02","R4M-03","R4M-04","R4M-05","R4M-06","R4M-07","R4M-08","R4M-09","R4M-10","R4M-11","R4M-12","R4M-13"],"hot_classes_on_shared_count":7,"non_hot_on_control_count":6,"policy_failures":[],"status":"pass","x04_ready":true,"timestamp_utc":"2026-02-10T00:43:48.795Z"}
RUNTIME_UI_BRIDGE_STEP2_SUMMARY {"schema_version":"runtime_ui_bridge_step2_summary_v1","run_id":"ipc-1770684228793","executed_validation_ids":[],"passed_validation_ids":[],"failed_validation_ids":[],"first_failure_validation_id":null,"first_failure_code":null,"compatibility_results":[{"compatibility_id":"R4I-01","status":"accept"},{"compatibility_id":"R4I-02","status":"accept"},{"compatibility_id":"R4I-03","status":"accept"},{"compatibility_id":"R4I-04","status":"accept"},{"compatibility_id":"R4I-05","status":"accept"},{"compatibility_id":"R4I-06","status":"accept"}],"allow_hotpath_fallback":false,"x04_step2_ready":true,"results_digest":"d1bc58dd8fd9563bb0f6d347aaaba2fdec8964029ad97a4751fb57dc4dd043fe","status":"pass","lane_id":null,"wave_id":null,"source":"doc/wasm/js/wasm-ui-persist-smoke.mjs","validation_assertion_pass":true,"timestamp_utc":"2026-02-10T00:43:48.795Z"}
