persistence backend: memory-snapshot
snapshot file: /var/folders/nx/drkw27_12d3c830w306nl_5m0000gp/T/ccl-wasm-ui-persist-smoke.snapshot.json
[trace] instantiating kernel
[trace] kernel instantiated
[trace] instantiating subprims
[trace] subprims instantiated
[trace] subprims table installed
image source: root.image
[trace] loading image
[trace] kernel request id=1 op=STREAM_OPEN
[trace] kernel done id=1 op=STREAM_OPEN result=-44
[trace] kernel poll id=1 op=STREAM_OPEN status=1
[trace] kernel result id=1 op=STREAM_OPEN result=-44
[trace] kernel response_size id=1 op=STREAM_OPEN size=0
[trace] kernel drop id=1 op=STREAM_OPEN
[trace] kernel request id=2 op=STREAM_OPEN
[trace] kernel done id=2 op=STREAM_OPEN result=-44
[trace] kernel poll id=2 op=STREAM_OPEN status=1
[trace] kernel result id=2 op=STREAM_OPEN result=-44
[trace] kernel response_size id=2 op=STREAM_OPEN size=0
[trace] kernel drop id=2 op=STREAM_OPEN
[trace] image loaded
[trace] root runtime state reset
[trace] boot entry installed
[trace] runtime modules installed from bundle (installed=7620 count=7620 failed=0)
[trace] runtime modules installed from registry (installed=0 count=0)
[trace] bootstrap pre-start ok nil=0x4000001 cl=0x4020016 allpkgs=0x40201bd allpkgs_car=0x4020016 allpkgs_cdr=0x40201b5 allpkgs_names=0x4020045 toplevel_sym=0x40201c6 toplfunc_raw=0x4036546 toplfunc_entry=4528 toplfunc_subtag=42
[trace] calling wasm_ccl_start_lisp
WASM wasm_funcall_common: enter

WASM wasm_funcall_common: call subprim

[trace] wasm_ccl_start_lisp returned
[trace] bootstrap post-start ok nil=0x4000001 cl=0x4020016 allpkgs=0x40201bd allpkgs_car=0x4020016 allpkgs_cdr=0x40201b5 allpkgs_names=0x4020045 toplevel_sym=0x40201c6 toplfunc_raw=0x4000001 toplfunc_entry=-1 toplfunc_subtag=-1
WASM const-pool: INTERN symbol unavailable for 
*WASM-UI-PERSIST-LABEL-STATE*


WASM const-pool: INTERN symbol unavailable for 
*WASM-UI-PERSIST-LABEL-STATE*


WASM const-pool: creating symbol fallback: 
*WASM-UI-PERSIST-LABEL-STATE*


WASM const-pool: INTERN symbol unavailable for 
*WASM-UI-PERSIST-SAVED-STATE*


WASM const-pool: INTERN symbol unavailable for 
*WASM-UI-PERSIST-SAVED-STATE*


WASM const-pool: creating symbol fallback: 
*WASM-UI-PERSIST-SAVED-STATE*


WASM const-pool: INTERN symbol unavailable for 
*WASM-UI-PERSIST-LABEL-STATE*


WASM const-pool: INTERN symbol unavailable for 
*WASM-UI-PERSIST-LABEL-STATE*


WASM const-pool: INTERN symbol unavailable for 
*WASM-UI-PERSIST-LABEL-STATE*


WASM const-pool: INTERN symbol unavailable for 
*WASM-UI-PERSIST-LABEL-STATE*


WASM const-pool: INTERN symbol unavailable for 
*WASM-UI-PERSIST-SAVED-STATE*


WASM const-pool: INTERN symbol unavailable for 
*WASM-UI-PERSIST-SAVED-STATE*


WASM const-pool: INTERN symbol unavailable for 
*WASM-UI-PERSIST-LABEL-STATE*


[trace] compiled modules installed (installed=8 count=8 failed=0)
[trace] calling demo init
[trace] calling label-state preflight
[trace] label-state preflight returned
[trace] calling mark-persisted
[trace] calling save
[trace] kernel request id=3 op=STREAM_OPEN
[trace] kernel done id=3 op=STREAM_OPEN result=3
[trace] kernel poll id=3 op=STREAM_OPEN status=1
[trace] kernel result id=3 op=STREAM_OPEN result=3
[trace] kernel response_size id=3 op=STREAM_OPEN size=0
[trace] kernel drop id=3 op=STREAM_OPEN
[trace] kernel request id=4 op=STREAM_WRITE
[trace] kernel done id=4 op=STREAM_WRITE result=1
[trace] kernel poll id=4 op=STREAM_WRITE status=1
[trace] kernel result id=4 op=STREAM_WRITE result=1
[trace] kernel drop id=4 op=STREAM_WRITE
[trace] kernel request id=5 op=STREAM_CLOSE
[trace] kernel done id=5 op=STREAM_CLOSE result=0
[trace] kernel poll id=5 op=STREAM_CLOSE status=1
[trace] kernel result id=5 op=STREAM_CLOSE result=0
[trace] kernel drop id=5 op=STREAM_CLOSE
[trace] calling mark-dirty
[trace] calling label-state dirty check
[trace] calling restore
[trace] kernel request id=6 op=STREAM_OPEN
[trace] kernel done id=6 op=STREAM_OPEN result=4
[trace] kernel poll id=6 op=STREAM_OPEN status=1
[trace] kernel result id=6 op=STREAM_OPEN result=4
[trace] kernel response_size id=6 op=STREAM_OPEN size=0
[trace] kernel drop id=6 op=STREAM_OPEN
[trace] kernel request id=7 op=STREAM_READ
[trace] kernel done id=7 op=STREAM_READ result=1
[trace] kernel poll id=7 op=STREAM_READ status=1
[trace] kernel result id=7 op=STREAM_READ result=1
[trace] kernel response_size id=7 op=STREAM_READ size=1
[trace] kernel copy_response id=7 op=STREAM_READ copied=1
[trace] kernel drop id=7 op=STREAM_READ
[trace] kernel request id=8 op=STREAM_CLOSE
[trace] kernel done id=8 op=STREAM_CLOSE result=0
[trace] kernel poll id=8 op=STREAM_CLOSE status=1
[trace] kernel result id=8 op=STREAM_CLOSE result=0
[trace] kernel drop id=8 op=STREAM_CLOSE
[trace] calling label-state restore check
PASS: wasm ui persistence smoke test
IPC_PROTOCOL_READY {"schema_version":"ipc_protocol_ready_v1","run_id":"ipc-1770684236530","lane_class":"ui_runtime","protocol_id":"ipc_shared_ring_v1","protocol_major":1,"protocol_minor":0,"channel_bindings":[{"channel_id":"ipc.kernel.req.ring.v1","writer_role_id":"WTOP-02","reader_role_id":"WTOP-03","slot_count":64,"slot_stride":256,"channel_numeric_id":1},{"channel_id":"ipc.kernel.resp.ring.v1","writer_role_id":"WTOP-03","reader_role_id":"WTOP-02","slot_count":64,"slot_stride":256,"channel_numeric_id":2},{"channel_id":"ipc.storage.req.ring.v1","writer_role_id":"WTOP-02","reader_role_id":"WTOP-04","slot_count":64,"slot_stride":256,"channel_numeric_id":3},{"channel_id":"ipc.storage.resp.ring.v1","writer_role_id":"WTOP-04","reader_role_id":"WTOP-02","slot_count":64,"slot_stride":256,"channel_numeric_id":4},{"channel_id":"ipc.ui.req.ring.v1","writer_role_id":"WTOP-05","reader_role_id":"WTOP-02","slot_count":64,"slot_stride":256,"channel_numeric_id":5},{"channel_id":"ipc.ui.resp.ring.v1","writer_role_id":"WTOP-02","reader_role_id":"WTOP-05","slot_count":64,"slot_stride":256,"channel_numeric_id":6}],"startup_sequence_refs":["WSEQ-01","WSEQ-02","WSEQ-03","WSEQ-04","WSEQ-06","WSEQ-05"],"allow_hotpath_fallback":false,"status":"pass","failure_code":null,"message":"protocol ready"}
IPC_CHANNEL_EVENT {"schema_version":"ipc_channel_event_v1","run_id":"ipc-1770684236530","channel_id":"ipc.kernel.req.ring.v1","lane_class":"ui_runtime","role_id":"WTOP-02","event_type":"enqueue","sequence_no":1,"head_index":0,"tail_index":1,"occupancy":1,"correlation_id":1001,"op_class":1,"wait_ms":0,"status":"ok","failure_code":null,"transition_id":null,"allow_hotpath_fallback":false,"timestamp_utc":"2026-02-10T00:43:56.529Z"}
IPC_CHANNEL_EVENT {"schema_version":"ipc_channel_event_v1","run_id":"ipc-1770684236530","channel_id":"ipc.kernel.req.ring.v1","lane_class":"ui_runtime","role_id":"WTOP-03","event_type":"dequeue","sequence_no":2,"head_index":1,"tail_index":1,"occupancy":0,"correlation_id":1002,"op_class":1,"wait_ms":0,"status":"ok","failure_code":null,"transition_id":null,"allow_hotpath_fallback":false,"timestamp_utc":"2026-02-10T00:43:56.529Z"}
IPC_CHANNEL_SUMMARY {"schema_version":"ipc_channel_summary_v1","run_id":"ipc-1770684236530","channel_id":"ipc.kernel.req.ring.v1","protocol_id":"ipc_shared_ring_v1","events_emitted":2,"max_occupancy":1,"wait_timeout_count":0,"first_failure_code":null,"status":"pass","allow_hotpath_fallback":false,"results_digest":"71ac87caab848f5ae0bef0713d2c52fc4056fd47f73d43323a73222331cae368"}
IPC_CHANNEL_EVENT {"schema_version":"ipc_channel_event_v1","run_id":"ipc-1770684236530","channel_id":"ipc.kernel.resp.ring.v1","lane_class":"ui_runtime","role_id":"WTOP-03","event_type":"enqueue","sequence_no":3,"head_index":0,"tail_index":1,"occupancy":1,"correlation_id":1003,"op_class":1,"wait_ms":0,"status":"ok","failure_code":null,"transition_id":null,"allow_hotpath_fallback":false,"timestamp_utc":"2026-02-10T00:43:56.529Z"}
IPC_CHANNEL_EVENT {"schema_version":"ipc_channel_event_v1","run_id":"ipc-1770684236530","channel_id":"ipc.kernel.resp.ring.v1","lane_class":"ui_runtime","role_id":"WTOP-02","event_type":"dequeue","sequence_no":4,"head_index":1,"tail_index":1,"occupancy":0,"correlation_id":1004,"op_class":1,"wait_ms":0,"status":"ok","failure_code":null,"transition_id":null,"allow_hotpath_fallback":false,"timestamp_utc":"2026-02-10T00:43:56.529Z"}
IPC_CHANNEL_SUMMARY {"schema_version":"ipc_channel_summary_v1","run_id":"ipc-1770684236530","channel_id":"ipc.kernel.resp.ring.v1","protocol_id":"ipc_shared_ring_v1","events_emitted":2,"max_occupancy":1,"wait_timeout_count":0,"first_failure_code":null,"status":"pass","allow_hotpath_fallback":false,"results_digest":"82e0710b65b0d0ca6005a1db5e15c5f267c608423dd34c3eb9b5fac0a3a1d4e3"}
IPC_CHANNEL_EVENT {"schema_version":"ipc_channel_event_v1","run_id":"ipc-1770684236530","channel_id":"ipc.storage.req.ring.v1","lane_class":"ui_runtime","role_id":"WTOP-02","event_type":"enqueue","sequence_no":5,"head_index":0,"tail_index":1,"occupancy":1,"correlation_id":1005,"op_class":1,"wait_ms":0,"status":"ok","failure_code":null,"transition_id":null,"allow_hotpath_fallback":false,"timestamp_utc":"2026-02-10T00:43:56.529Z"}
IPC_CHANNEL_EVENT {"schema_version":"ipc_channel_event_v1","run_id":"ipc-1770684236530","channel_id":"ipc.storage.req.ring.v1","lane_class":"ui_runtime","role_id":"WTOP-04","event_type":"dequeue","sequence_no":6,"head_index":1,"tail_index":1,"occupancy":0,"correlation_id":1006,"op_class":1,"wait_ms":0,"status":"ok","failure_code":null,"transition_id":null,"allow_hotpath_fallback":false,"timestamp_utc":"2026-02-10T00:43:56.529Z"}
IPC_CHANNEL_SUMMARY {"schema_version":"ipc_channel_summary_v1","run_id":"ipc-1770684236530","channel_id":"ipc.storage.req.ring.v1","protocol_id":"ipc_shared_ring_v1","events_emitted":2,"max_occupancy":1,"wait_timeout_count":0,"first_failure_code":null,"status":"pass","allow_hotpath_fallback":false,"results_digest":"bcfdd294caeb4f89d1ae18a29fa12de49c3d7e92bfde618fa6890db849a31bc5"}
IPC_CHANNEL_EVENT {"schema_version":"ipc_channel_event_v1","run_id":"ipc-1770684236530","channel_id":"ipc.storage.resp.ring.v1","lane_class":"ui_runtime","role_id":"WTOP-04","event_type":"enqueue","sequence_no":7,"head_index":0,"tail_index":1,"occupancy":1,"correlation_id":1007,"op_class":1,"wait_ms":0,"status":"ok","failure_code":null,"transition_id":null,"allow_hotpath_fallback":false,"timestamp_utc":"2026-02-10T00:43:56.529Z"}
IPC_CHANNEL_EVENT {"schema_version":"ipc_channel_event_v1","run_id":"ipc-1770684236530","channel_id":"ipc.storage.resp.ring.v1","lane_class":"ui_runtime","role_id":"WTOP-02","event_type":"dequeue","sequence_no":8,"head_index":1,"tail_index":1,"occupancy":0,"correlation_id":1008,"op_class":1,"wait_ms":0,"status":"ok","failure_code":null,"transition_id":null,"allow_hotpath_fallback":false,"timestamp_utc":"2026-02-10T00:43:56.529Z"}
IPC_CHANNEL_SUMMARY {"schema_version":"ipc_channel_summary_v1","run_id":"ipc-1770684236530","channel_id":"ipc.storage.resp.ring.v1","protocol_id":"ipc_shared_ring_v1","events_emitted":2,"max_occupancy":1,"wait_timeout_count":0,"first_failure_code":null,"status":"pass","allow_hotpath_fallback":false,"results_digest":"ea9fe2cad06d1704f45f0a7c4e6c17538f525f29a4645145c870d5150f3acade"}
IPC_CHANNEL_EVENT {"schema_version":"ipc_channel_event_v1","run_id":"ipc-1770684236530","channel_id":"ipc.ui.req.ring.v1","lane_class":"ui_runtime","role_id":"WTOP-05","event_type":"enqueue","sequence_no":9,"head_index":0,"tail_index":1,"occupancy":1,"correlation_id":1009,"op_class":1,"wait_ms":0,"status":"ok","failure_code":null,"transition_id":null,"allow_hotpath_fallback":false,"timestamp_utc":"2026-02-10T00:43:56.529Z"}
IPC_CHANNEL_EVENT {"schema_version":"ipc_channel_event_v1","run_id":"ipc-1770684236530","channel_id":"ipc.ui.req.ring.v1","lane_class":"ui_runtime","role_id":"WTOP-02","event_type":"dequeue","sequence_no":10,"head_index":1,"tail_index":1,"occupancy":0,"correlation_id":1010,"op_class":1,"wait_ms":0,"status":"ok","failure_code":null,"transition_id":null,"allow_hotpath_fallback":false,"timestamp_utc":"2026-02-10T00:43:56.529Z"}
IPC_CHANNEL_SUMMARY {"schema_version":"ipc_channel_summary_v1","run_id":"ipc-1770684236530","channel_id":"ipc.ui.req.ring.v1","protocol_id":"ipc_shared_ring_v1","events_emitted":2,"max_occupancy":1,"wait_timeout_count":0,"first_failure_code":null,"status":"pass","allow_hotpath_fallback":false,"results_digest":"910bb4237a445168b8b19ca5049879165db45615c611847d3dc9ff4f619f80fe"}
IPC_CHANNEL_EVENT {"schema_version":"ipc_channel_event_v1","run_id":"ipc-1770684236530","channel_id":"ipc.ui.resp.ring.v1","lane_class":"ui_runtime","role_id":"WTOP-02","event_type":"enqueue","sequence_no":11,"head_index":0,"tail_index":1,"occupancy":1,"correlation_id":1011,"op_class":1,"wait_ms":0,"status":"ok","failure_code":null,"transition_id":null,"allow_hotpath_fallback":false,"timestamp_utc":"2026-02-10T00:43:56.529Z"}
IPC_CHANNEL_EVENT {"schema_version":"ipc_channel_event_v1","run_id":"ipc-1770684236530","channel_id":"ipc.ui.resp.ring.v1","lane_class":"ui_runtime","role_id":"WTOP-05","event_type":"dequeue","sequence_no":12,"head_index":1,"tail_index":1,"occupancy":0,"correlation_id":1012,"op_class":1,"wait_ms":0,"status":"ok","failure_code":null,"transition_id":null,"allow_hotpath_fallback":false,"timestamp_utc":"2026-02-10T00:43:56.529Z"}
IPC_CHANNEL_SUMMARY {"schema_version":"ipc_channel_summary_v1","run_id":"ipc-1770684236530","channel_id":"ipc.ui.resp.ring.v1","protocol_id":"ipc_shared_ring_v1","events_emitted":2,"max_occupancy":1,"wait_timeout_count":0,"first_failure_code":null,"status":"pass","allow_hotpath_fallback":false,"results_digest":"ece40b1271183708c06de162094439e12e7a563da7eabebce9d73796dba1476f"}
IPC_CONFORMANCE_SUMMARY {"schema_version":"ipc_conformance_summary_v1","run_id":"ipc-1770684236530","protocol_id":"ipc_shared_ring_v1","protocol_major":1,"protocol_minor":0,"conformance_ids":[],"lane_id":null,"source":"doc/wasm/js/wasm-ui-persist-smoke.mjs","passed_ids":[],"failed_ids":[],"first_failure_id":null,"first_failure_code":null,"allow_hotpath_fallback":false,"lane_results_digest":"b091c6ce2e1bbf826632607b460b45f522be8d3358856f47affad0258bbcf9a6","status":"pass","x03_clear_ready":true,"timestamp_utc":"2026-02-10T00:43:56.529Z","message":"synthetic IPC conformance pass"}
RUNTIME_UI_BRIDGE_ROUTE_EVENT {"schema_version":"runtime_ui_bridge_route_event_v1","run_id":"ipc-1770684236530","class_id":"R4M-01","direction":"ingress","lane_class":"ui_runtime","selected_lane":"shared_ring","channel_id":"ipc.ui.req.ring.v1","writer_role_id":"WTOP-05","reader_role_id":"WTOP-02","sequence_no":1,"correlation_id":3001,"status":"pass","failure_code":null,"fallback_attempted":false,"fallback_blocked":true}
RUNTIME_UI_BRIDGE_BACKPRESSURE_EVENT {"schema_version":"runtime_ui_bridge_backpressure_event_v1","run_id":"ipc-1770684236530","class_id":"R4M-01","channel_id":"ipc.ui.req.ring.v1","wait_state":"none","wait_ms":0,"timeout_ms":25,"occupancy":0,"status":"pass","failure_code":null,"transition_id":null}
RUNTIME_UI_BRIDGE_LANE_SUMMARY {"schema_version":"runtime_ui_bridge_lane_summary_v1","run_id":"ipc-1770684236530","class_id":"R4M-01","hot_path_class":true,"selected_lane":"shared_ring","events_total":2,"events_failed":0,"first_failure_code":null,"allow_hotpath_fallback":false,"results_digest":"8e81b6d2ab60db5a863168f61fb3365ce7fe3f6da65f862786f4f594fa69c1d3"}
RUNTIME_UI_BRIDGE_ROUTE_EVENT {"schema_version":"runtime_ui_bridge_route_event_v1","run_id":"ipc-1770684236530","class_id":"R4M-02","direction":"ingress","lane_class":"ui_runtime","selected_lane":"shared_ring","channel_id":"ipc.ui.req.ring.v1","writer_role_id":"WTOP-05","reader_role_id":"WTOP-02","sequence_no":2,"correlation_id":3002,"status":"pass","failure_code":null,"fallback_attempted":false,"fallback_blocked":true}
RUNTIME_UI_BRIDGE_BACKPRESSURE_EVENT {"schema_version":"runtime_ui_bridge_backpressure_event_v1","run_id":"ipc-1770684236530","class_id":"R4M-02","channel_id":"ipc.ui.req.ring.v1","wait_state":"none","wait_ms":0,"timeout_ms":25,"occupancy":0,"status":"pass","failure_code":null,"transition_id":null}
RUNTIME_UI_BRIDGE_LANE_SUMMARY {"schema_version":"runtime_ui_bridge_lane_summary_v1","run_id":"ipc-1770684236530","class_id":"R4M-02","hot_path_class":true,"selected_lane":"shared_ring","events_total":2,"events_failed":0,"first_failure_code":null,"allow_hotpath_fallback":false,"results_digest":"44e41f913524e732c8910471d70495e2ee1586f21052c581c6d26c4e4140f90d"}
RUNTIME_UI_BRIDGE_ROUTE_EVENT {"schema_version":"runtime_ui_bridge_route_event_v1","run_id":"ipc-1770684236530","class_id":"R4M-03","direction":"ingress","lane_class":"ui_runtime","selected_lane":"shared_ring","channel_id":"ipc.ui.req.ring.v1","writer_role_id":"WTOP-05","reader_role_id":"WTOP-02","sequence_no":3,"correlation_id":3003,"status":"pass","failure_code":null,"fallback_attempted":false,"fallback_blocked":true}
RUNTIME_UI_BRIDGE_BACKPRESSURE_EVENT {"schema_version":"runtime_ui_bridge_backpressure_event_v1","run_id":"ipc-1770684236530","class_id":"R4M-03","channel_id":"ipc.ui.req.ring.v1","wait_state":"none","wait_ms":0,"timeout_ms":25,"occupancy":0,"status":"pass","failure_code":null,"transition_id":null}
RUNTIME_UI_BRIDGE_LANE_SUMMARY {"schema_version":"runtime_ui_bridge_lane_summary_v1","run_id":"ipc-1770684236530","class_id":"R4M-03","hot_path_class":true,"selected_lane":"shared_ring","events_total":2,"events_failed":0,"first_failure_code":null,"allow_hotpath_fallback":false,"results_digest":"cfc4d818d63635463d5ab31de797e8c672e9125cf86ad4d77365e82b1b969e69"}
RUNTIME_UI_BRIDGE_ROUTE_EVENT {"schema_version":"runtime_ui_bridge_route_event_v1","run_id":"ipc-1770684236530","class_id":"R4M-04","direction":"egress","lane_class":"ui_runtime","selected_lane":"shared_ring","channel_id":"ipc.ui.resp.ring.v1","writer_role_id":"WTOP-02","reader_role_id":"WTOP-05","sequence_no":4,"correlation_id":3004,"status":"pass","failure_code":null,"fallback_attempted":false,"fallback_blocked":true}
RUNTIME_UI_BRIDGE_BACKPRESSURE_EVENT {"schema_version":"runtime_ui_bridge_backpressure_event_v1","run_id":"ipc-1770684236530","class_id":"R4M-04","channel_id":"ipc.ui.resp.ring.v1","wait_state":"none","wait_ms":0,"timeout_ms":25,"occupancy":0,"status":"pass","failure_code":null,"transition_id":null}
RUNTIME_UI_BRIDGE_LANE_SUMMARY {"schema_version":"runtime_ui_bridge_lane_summary_v1","run_id":"ipc-1770684236530","class_id":"R4M-04","hot_path_class":true,"selected_lane":"shared_ring","events_total":2,"events_failed":0,"first_failure_code":null,"allow_hotpath_fallback":false,"results_digest":"dccefa425727922d3b59d29bc082a32d2744f9095b484720bf867442df829893"}
RUNTIME_UI_BRIDGE_ROUTE_EVENT {"schema_version":"runtime_ui_bridge_route_event_v1","run_id":"ipc-1770684236530","class_id":"R4M-05","direction":"egress","lane_class":"ui_runtime","selected_lane":"shared_ring","channel_id":"ipc.ui.resp.ring.v1","writer_role_id":"WTOP-02","reader_role_id":"WTOP-05","sequence_no":5,"correlation_id":3005,"status":"pass","failure_code":null,"fallback_attempted":false,"fallback_blocked":true}
RUNTIME_UI_BRIDGE_BACKPRESSURE_EVENT {"schema_version":"runtime_ui_bridge_backpressure_event_v1","run_id":"ipc-1770684236530","class_id":"R4M-05","channel_id":"ipc.ui.resp.ring.v1","wait_state":"none","wait_ms":0,"timeout_ms":25,"occupancy":0,"status":"pass","failure_code":null,"transition_id":null}
RUNTIME_UI_BRIDGE_LANE_SUMMARY {"schema_version":"runtime_ui_bridge_lane_summary_v1","run_id":"ipc-1770684236530","class_id":"R4M-05","hot_path_class":true,"selected_lane":"shared_ring","events_total":2,"events_failed":0,"first_failure_code":null,"allow_hotpath_fallback":false,"results_digest":"1806ff1570e93a52a4a8ba81f2960324de92db4c791d198ac28b9c91d125c426"}
RUNTIME_UI_BRIDGE_ROUTE_EVENT {"schema_version":"runtime_ui_bridge_route_event_v1","run_id":"ipc-1770684236530","class_id":"R4M-06","direction":"egress","lane_class":"ui_runtime","selected_lane":"shared_ring","channel_id":"ipc.ui.resp.ring.v1","writer_role_id":"WTOP-02","reader_role_id":"WTOP-05","sequence_no":6,"correlation_id":3006,"status":"pass","failure_code":null,"fallback_attempted":false,"fallback_blocked":true}
RUNTIME_UI_BRIDGE_BACKPRESSURE_EVENT {"schema_version":"runtime_ui_bridge_backpressure_event_v1","run_id":"ipc-1770684236530","class_id":"R4M-06","channel_id":"ipc.ui.resp.ring.v1","wait_state":"none","wait_ms":0,"timeout_ms":25,"occupancy":0,"status":"pass","failure_code":null,"transition_id":null}
RUNTIME_UI_BRIDGE_LANE_SUMMARY {"schema_version":"runtime_ui_bridge_lane_summary_v1","run_id":"ipc-1770684236530","class_id":"R4M-06","hot_path_class":true,"selected_lane":"shared_ring","events_total":2,"events_failed":0,"first_failure_code":null,"allow_hotpath_fallback":false,"results_digest":"97a1b778fc190d5d0df63ee634dd24c87eb0e93a62b76cd904d1121fa4b067bd"}
RUNTIME_UI_BRIDGE_ROUTE_EVENT {"schema_version":"runtime_ui_bridge_route_event_v1","run_id":"ipc-1770684236530","class_id":"R4M-07","direction":"bidirectional","lane_class":"ui_runtime","selected_lane":"shared_ring","channel_id":"ipc.ui.req.ring.v1","writer_role_id":"WTOP-05","reader_role_id":"WTOP-02","sequence_no":7,"correlation_id":3007,"status":"pass","failure_code":null,"fallback_attempted":false,"fallback_blocked":true}
RUNTIME_UI_BRIDGE_BACKPRESSURE_EVENT {"schema_version":"runtime_ui_bridge_backpressure_event_v1","run_id":"ipc-1770684236530","class_id":"R4M-07","channel_id":"ipc.ui.req.ring.v1","wait_state":"none","wait_ms":0,"timeout_ms":25,"occupancy":0,"status":"pass","failure_code":null,"transition_id":null}
RUNTIME_UI_BRIDGE_LANE_SUMMARY {"schema_version":"runtime_ui_bridge_lane_summary_v1","run_id":"ipc-1770684236530","class_id":"R4M-07","hot_path_class":true,"selected_lane":"shared_ring","events_total":2,"events_failed":0,"first_failure_code":null,"allow_hotpath_fallback":false,"results_digest":"d536052947c33369e5a34c8f7e1e84574d8640baa3f8bbf78c359bc42d6ad155"}
RUNTIME_UI_BRIDGE_ROUTE_EVENT {"schema_version":"runtime_ui_bridge_route_event_v1","run_id":"ipc-1770684236530","class_id":"R4M-08","direction":"egress","lane_class":"ui_runtime","selected_lane":"control_message","channel_id":"ipc.bridge.control.mailbox.v1","writer_role_id":"WTOP-02","reader_role_id":"WTOP-05","sequence_no":8,"correlation_id":3008,"status":"pass","failure_code":null,"fallback_attempted":false,"fallback_blocked":false}
RUNTIME_UI_BRIDGE_BACKPRESSURE_EVENT {"schema_version":"runtime_ui_bridge_backpressure_event_v1","run_id":"ipc-1770684236530","class_id":"R4M-08","channel_id":"ipc.bridge.control.mailbox.v1","wait_state":"not_applicable","wait_ms":0,"timeout_ms":25,"occupancy":0,"status":"pass","failure_code":null,"transition_id":null}
RUNTIME_UI_BRIDGE_LANE_SUMMARY {"schema_version":"runtime_ui_bridge_lane_summary_v1","run_id":"ipc-1770684236530","class_id":"R4M-08","hot_path_class":false,"selected_lane":"control_message","events_total":2,"events_failed":0,"first_failure_code":null,"allow_hotpath_fallback":false,"results_digest":"f5a2607f4ebb7304ac31a1c46392c7df50507400fd3c431d2dad9733e386a2f9"}
RUNTIME_UI_BRIDGE_ROUTE_EVENT {"schema_version":"runtime_ui_bridge_route_event_v1","run_id":"ipc-1770684236530","class_id":"R4M-09","direction":"bidirectional","lane_class":"ui_runtime","selected_lane":"control_message","channel_id":"ipc.bridge.control.mailbox.v1","writer_role_id":"WTOP-02","reader_role_id":"WTOP-05","sequence_no":9,"correlation_id":3009,"status":"pass","failure_code":null,"fallback_attempted":false,"fallback_blocked":false}
RUNTIME_UI_BRIDGE_BACKPRESSURE_EVENT {"schema_version":"runtime_ui_bridge_backpressure_event_v1","run_id":"ipc-1770684236530","class_id":"R4M-09","channel_id":"ipc.bridge.control.mailbox.v1","wait_state":"not_applicable","wait_ms":0,"timeout_ms":25,"occupancy":0,"status":"pass","failure_code":null,"transition_id":null}
RUNTIME_UI_BRIDGE_LANE_SUMMARY {"schema_version":"runtime_ui_bridge_lane_summary_v1","run_id":"ipc-1770684236530","class_id":"R4M-09","hot_path_class":false,"selected_lane":"control_message","events_total":2,"events_failed":0,"first_failure_code":null,"allow_hotpath_fallback":false,"results_digest":"78162634a3df9038dd17522651a2d3e8777e7dc369808324eb94faabac8deb25"}
RUNTIME_UI_BRIDGE_ROUTE_EVENT {"schema_version":"runtime_ui_bridge_route_event_v1","run_id":"ipc-1770684236530","class_id":"R4M-10","direction":"bidirectional","lane_class":"ui_runtime","selected_lane":"control_message","channel_id":"ipc.bridge.control.mailbox.v1","writer_role_id":"WTOP-02","reader_role_id":"WTOP-05","sequence_no":10,"correlation_id":3010,"status":"pass","failure_code":null,"fallback_attempted":false,"fallback_blocked":false}
RUNTIME_UI_BRIDGE_BACKPRESSURE_EVENT {"schema_version":"runtime_ui_bridge_backpressure_event_v1","run_id":"ipc-1770684236530","class_id":"R4M-10","channel_id":"ipc.bridge.control.mailbox.v1","wait_state":"not_applicable","wait_ms":0,"timeout_ms":25,"occupancy":0,"status":"pass","failure_code":null,"transition_id":null}
RUNTIME_UI_BRIDGE_LANE_SUMMARY {"schema_version":"runtime_ui_bridge_lane_summary_v1","run_id":"ipc-1770684236530","class_id":"R4M-10","hot_path_class":false,"selected_lane":"control_message","events_total":2,"events_failed":0,"first_failure_code":null,"allow_hotpath_fallback":false,"results_digest":"974bccfa8aab86ae5563d35b34bcaa29ad68a1599474f1f81f876a5819e57a51"}
RUNTIME_UI_BRIDGE_ROUTE_EVENT {"schema_version":"runtime_ui_bridge_route_event_v1","run_id":"ipc-1770684236530","class_id":"R4M-11","direction":"egress","lane_class":"ui_runtime","selected_lane":"control_message","channel_id":"ipc.bridge.control.mailbox.v1","writer_role_id":"WTOP-02","reader_role_id":"WTOP-05","sequence_no":11,"correlation_id":3011,"status":"pass","failure_code":null,"fallback_attempted":false,"fallback_blocked":false}
RUNTIME_UI_BRIDGE_BACKPRESSURE_EVENT {"schema_version":"runtime_ui_bridge_backpressure_event_v1","run_id":"ipc-1770684236530","class_id":"R4M-11","channel_id":"ipc.bridge.control.mailbox.v1","wait_state":"not_applicable","wait_ms":0,"timeout_ms":25,"occupancy":0,"status":"pass","failure_code":null,"transition_id":null}
RUNTIME_UI_BRIDGE_LANE_SUMMARY {"schema_version":"runtime_ui_bridge_lane_summary_v1","run_id":"ipc-1770684236530","class_id":"R4M-11","hot_path_class":false,"selected_lane":"control_message","events_total":2,"events_failed":0,"first_failure_code":null,"allow_hotpath_fallback":false,"results_digest":"4e3dc73eb4ac4a1ef8ccffd6f3e332aacbaea65bc2c3b3ac80b9bc70044f1d7a"}
RUNTIME_UI_BRIDGE_ROUTE_EVENT {"schema_version":"runtime_ui_bridge_route_event_v1","run_id":"ipc-1770684236530","class_id":"R4M-12","direction":"egress","lane_class":"ui_runtime","selected_lane":"control_message","channel_id":"ipc.bridge.control.mailbox.v1","writer_role_id":"WTOP-02","reader_role_id":"WTOP-05","sequence_no":12,"correlation_id":3012,"status":"pass","failure_code":null,"fallback_attempted":false,"fallback_blocked":false}
RUNTIME_UI_BRIDGE_BACKPRESSURE_EVENT {"schema_version":"runtime_ui_bridge_backpressure_event_v1","run_id":"ipc-1770684236530","class_id":"R4M-12","channel_id":"ipc.bridge.control.mailbox.v1","wait_state":"not_applicable","wait_ms":0,"timeout_ms":25,"occupancy":0,"status":"pass","failure_code":null,"transition_id":null}
RUNTIME_UI_BRIDGE_LANE_SUMMARY {"schema_version":"runtime_ui_bridge_lane_summary_v1","run_id":"ipc-1770684236530","class_id":"R4M-12","hot_path_class":false,"selected_lane":"control_message","events_total":2,"events_failed":0,"first_failure_code":null,"allow_hotpath_fallback":false,"results_digest":"842059714e1abbbccc52bd879e01cbdc0f449e6245ba3086475ecf7430e97e60"}
RUNTIME_UI_BRIDGE_ROUTE_EVENT {"schema_version":"runtime_ui_bridge_route_event_v1","run_id":"ipc-1770684236530","class_id":"R4M-13","direction":"bidirectional","lane_class":"ui_runtime","selected_lane":"control_message","channel_id":"ipc.bridge.control.mailbox.v1","writer_role_id":"WTOP-02","reader_role_id":"WTOP-05","sequence_no":13,"correlation_id":3013,"status":"pass","failure_code":null,"fallback_attempted":false,"fallback_blocked":false}
RUNTIME_UI_BRIDGE_BACKPRESSURE_EVENT {"schema_version":"runtime_ui_bridge_backpressure_event_v1","run_id":"ipc-1770684236530","class_id":"R4M-13","channel_id":"ipc.bridge.control.mailbox.v1","wait_state":"not_applicable","wait_ms":0,"timeout_ms":25,"occupancy":0,"status":"pass","failure_code":null,"transition_id":null}
RUNTIME_UI_BRIDGE_LANE_SUMMARY {"schema_version":"runtime_ui_bridge_lane_summary_v1","run_id":"ipc-1770684236530","class_id":"R4M-13","hot_path_class":false,"selected_lane":"control_message","events_total":2,"events_failed":0,"first_failure_code":null,"allow_hotpath_fallback":false,"results_digest":"00a8923a8629a7650ad19d5875098f63a79aa49994489beee4f53e6a6575279e"}
RUNTIME_UI_BRIDGE_MIGRATION_SUMMARY {"schema_version":"runtime_ui_bridge_migration_summary_v1","run_id":"ipc-1770684236530","wave_id":null,"executed_class_ids":["R4M-01","R4M-02","R4M-03","R4M-04","R4M-05","R4M-06","R4M-07","R4M-08","R4M-09","R4M-10","R4M-11","R4M-12","R4M-13"],"hot_classes_on_shared_count":7,"non_hot_on_control_count":6,"policy_failures":[],"status":"pass","x04_ready":true,"timestamp_utc":"2026-02-10T00:43:56.532Z"}
RUNTIME_UI_BRIDGE_STEP2_SUMMARY {"schema_version":"runtime_ui_bridge_step2_summary_v1","run_id":"ipc-1770684236530","executed_validation_ids":[],"passed_validation_ids":[],"failed_validation_ids":[],"first_failure_validation_id":null,"first_failure_code":null,"compatibility_results":[{"compatibility_id":"R4I-01","status":"accept"},{"compatibility_id":"R4I-02","status":"accept"},{"compatibility_id":"R4I-03","status":"accept"},{"compatibility_id":"R4I-04","status":"accept"},{"compatibility_id":"R4I-05","status":"accept"},{"compatibility_id":"R4I-06","status":"accept"}],"allow_hotpath_fallback":false,"x04_step2_ready":true,"results_digest":"cf742658ee365f17411dfe01af799f6b3469ef95fbf727f895d477af51208df9","status":"pass","lane_id":null,"wave_id":null,"source":"doc/wasm/js/wasm-ui-persist-smoke.mjs","validation_assertion_pass":true,"timestamp_utc":"2026-02-10T00:43:56.532Z"}
